Component: ARM Compiler 5.06 update 6 (build 750) Tool: armlink [4d35ed]

==============================================================================

Section Cross References

    startup_stm32f103xb.o(STACK) refers (Special) to heapauxi.o(.text) for __use_two_region_memory
    startup_stm32f103xb.o(HEAP) refers (Special) to heapauxi.o(.text) for __use_two_region_memory
    startup_stm32f103xb.o(RESET) refers (Special) to heapauxi.o(.text) for __use_two_region_memory
    startup_stm32f103xb.o(RESET) refers to startup_stm32f103xb.o(STACK) for __initial_sp
    startup_stm32f103xb.o(RESET) refers to startup_stm32f103xb.o(.text) for Reset_Handler
    startup_stm32f103xb.o(RESET) refers to stm32f1xx_it.o(i.NMI_Handler) for NMI_Handler
    startup_stm32f103xb.o(RESET) refers to stm32f1xx_it.o(i.HardFault_Handler) for HardFault_Handler
    startup_stm32f103xb.o(RESET) refers to stm32f1xx_it.o(i.MemManage_Handler) for MemManage_Handler
    startup_stm32f103xb.o(RESET) refers to stm32f1xx_it.o(i.BusFault_Handler) for BusFault_Handler
    startup_stm32f103xb.o(RESET) refers to stm32f1xx_it.o(i.UsageFault_Handler) for UsageFault_Handler
    startup_stm32f103xb.o(RESET) refers to stm32f1xx_it.o(i.SVC_Handler) for SVC_Handler
    startup_stm32f103xb.o(RESET) refers to stm32f1xx_it.o(i.DebugMon_Handler) for DebugMon_Handler
    startup_stm32f103xb.o(RESET) refers to stm32f1xx_it.o(i.PendSV_Handler) for PendSV_Handler
    startup_stm32f103xb.o(RESET) refers to stm32f1xx_it.o(i.SysTick_Handler) for SysTick_Handler
    startup_stm32f103xb.o(RESET) refers to stm32f1xx_it.o(i.DMA1_Channel6_IRQHandler) for DMA1_Channel6_IRQHandler
    startup_stm32f103xb.o(.text) refers (Special) to heapauxi.o(.text) for __use_two_region_memory
    startup_stm32f103xb.o(.text) refers to system_stm32f1xx.o(i.SystemInit) for SystemInit
    startup_stm32f103xb.o(.text) refers to __main.o(!!!main) for __main
    startup_stm32f103xb.o(.text) refers to startup_stm32f103xb.o(HEAP) for Heap_Mem
    startup_stm32f103xb.o(.text) refers to startup_stm32f103xb.o(STACK) for Stack_Mem
    ds18b20.o(i.DS18B20_Read) refers to ds18b20.o(i.Set_Pin_Intput) for Set_Pin_Intput
    ds18b20.o(i.DS18B20_Read) refers to ds18b20.o(i.Set_Pin_Output) for Set_Pin_Output
    ds18b20.o(i.DS18B20_Read) refers to stm32f1xx_hal_gpio.o(i.HAL_GPIO_WritePin) for HAL_GPIO_WritePin
    ds18b20.o(i.DS18B20_Read) refers to ds18b20.o(i.delay) for delay
    ds18b20.o(i.DS18B20_Read) refers to stm32f1xx_hal_gpio.o(i.HAL_GPIO_ReadPin) for HAL_GPIO_ReadPin
    ds18b20.o(i.DS18B20_Start) refers to ds18b20.o(i.Set_Pin_Output) for Set_Pin_Output
    ds18b20.o(i.DS18B20_Start) refers to stm32f1xx_hal_gpio.o(i.HAL_GPIO_WritePin) for HAL_GPIO_WritePin
    ds18b20.o(i.DS18B20_Start) refers to ds18b20.o(i.delay) for delay
    ds18b20.o(i.DS18B20_Start) refers to ds18b20.o(i.Set_Pin_Intput) for Set_Pin_Intput
    ds18b20.o(i.DS18B20_Start) refers to stm32f1xx_hal_gpio.o(i.HAL_GPIO_ReadPin) for HAL_GPIO_ReadPin
    ds18b20.o(i.DS18B20_Start) refers to noretval__2printf.o(.text) for __2printf
    ds18b20.o(i.DS18B20_Write) refers to ds18b20.o(i.Set_Pin_Output) for Set_Pin_Output
    ds18b20.o(i.DS18B20_Write) refers to stm32f1xx_hal_gpio.o(i.HAL_GPIO_WritePin) for HAL_GPIO_WritePin
    ds18b20.o(i.DS18B20_Write) refers to ds18b20.o(i.delay) for delay
    ds18b20.o(i.DS18B20_Write) refers to ds18b20.o(i.Set_Pin_Intput) for Set_Pin_Intput
    ds18b20.o(i.Set_Pin_Intput) refers to stm32f1xx_hal_gpio.o(i.HAL_GPIO_Init) for HAL_GPIO_Init
    ds18b20.o(i.Set_Pin_Output) refers to stm32f1xx_hal_gpio.o(i.HAL_GPIO_Init) for HAL_GPIO_Init
    ds18b20.o(i.change_alarm) refers to _printf_percent.o(.ARM.Collect$$_printf_percent$$00000000) for _printf_percent
    ds18b20.o(i.change_alarm) refers to _printf_d.o(.ARM.Collect$$_printf_percent$$00000009) for _printf_d
    ds18b20.o(i.change_alarm) refers to _printf_dec.o(.text) for _printf_int_dec
    ds18b20.o(i.change_alarm) refers to strlen.o(.text) for strlen
    ds18b20.o(i.change_alarm) refers to dflt_clz.o(x$fpl$dfltu) for __aeabi_ui2d
    ds18b20.o(i.change_alarm) refers to pow.o(i.pow) for pow
    ds18b20.o(i.change_alarm) refers to dflt_clz.o(x$fpl$dflt) for __aeabi_i2d
    ds18b20.o(i.change_alarm) refers to dmul.o(x$fpl$dmul) for __aeabi_dmul
    ds18b20.o(i.change_alarm) refers to daddsub_clz.o(x$fpl$dadd) for __aeabi_dadd
    ds18b20.o(i.change_alarm) refers to dfixu.o(x$fpl$dfixu) for __aeabi_d2uiz
    ds18b20.o(i.change_alarm) refers to noretval__2printf.o(.text) for __2printf
    ds18b20.o(i.change_alarm) refers to main.o(.data) for alarm_change
    ds18b20.o(i.change_alarm) refers to main.o(.bss) for rxBuff
    ds18b20.o(i.change_alarm) refers to main.o(.data) for i
    ds18b20.o(i.change_alarm) refers to main.o(.data) for ex_strlen
    ds18b20.o(i.change_alarm) refers to main.o(.data) for alarm_temp
    ds18b20.o(i.delay) refers to stm32f1xx_hal_rcc.o(i.HAL_RCC_GetHCLKFreq) for HAL_RCC_GetHCLKFreq
[...]
    i.MX_TIM4_Init                           0x08002cfc   Section        0  timer.o(i.MX_TIM4_Init)
    i.MX_USART2_UART_Init                    0x08002d6c   Section        0  uart.o(i.MX_USART2_UART_Init)
    i.MemManage_Handler                      0x08002db0   Section        0  stm32f1xx_it.o(i.MemManage_Handler)
    i.NMI_Handler                            0x08002db2   Section        0  stm32f1xx_it.o(i.NMI_Handler)
    i.PendSV_Handler                         0x08002db4   Section        0  stm32f1xx_it.o(i.PendSV_Handler)
    i.RX_handle                              0x08002db8   Section        0  uart.o(i.RX_handle)
    i.SVC_Handler                            0x08002eb8   Section        0  stm32f1xx_it.o(i.SVC_Handler)
    i.Set_Pin_Intput                         0x08002eba   Section        0  ds18b20.o(i.Set_Pin_Intput)
    i.Set_Pin_Output                         0x08002ed0   Section        0  ds18b20.o(i.Set_Pin_Output)
    i.SysTick_Handler                        0x08002ee8   Section        0  stm32f1xx_it.o(i.SysTick_Handler)
    i.SystemClock_Config                     0x08002eec   Section        0  timer.o(i.SystemClock_Config)
    i.SystemInit                             0x08002f4a   Section        0  system_stm32f1xx.o(i.SystemInit)
    i.TIM_Base_SetConfig                     0x08002f4c   Section        0  stm32f1xx_hal_tim.o(i.TIM_Base_SetConfig)
    i.TIM_CCxChannelCmd                      0x08002fb8   Section        0  stm32f1xx_hal_tim.o(i.TIM_CCxChannelCmd)
    i.TIM_OC1_SetConfig                      0x08002fd4   Section        0  stm32f1xx_hal_tim.o(i.TIM_OC1_SetConfig)
    TIM_OC1_SetConfig                        0x08002fd5   Thumb Code    74  stm32f1xx_hal_tim.o(i.TIM_OC1_SetConfig)
    i.TIM_OC2_SetConfig                      0x08003024   Section        0  stm32f1xx_hal_tim.o(i.TIM_OC2_SetConfig)
    i.TIM_OC3_SetConfig                      0x0800307c   Section        0  stm32f1xx_hal_tim.o(i.TIM_OC3_SetConfig)
    TIM_OC3_SetConfig                        0x0800307d   Thumb Code    82  stm32f1xx_hal_tim.o(i.TIM_OC3_SetConfig)
    i.TIM_OC4_SetConfig                      0x080030d4   Section        0  stm32f1xx_hal_tim.o(i.TIM_OC4_SetConfig)
    TIM_OC4_SetConfig                        0x080030d5   Thumb Code    64  stm32f1xx_hal_tim.o(i.TIM_OC4_SetConfig)
    i.UART_DMAError                          0x08003118   Section        0  stm32f1xx_hal_uart.o(i.UART_DMAError)
    UART_DMAError                            0x08003119   Thumb Code    74  stm32f1xx_hal_uart.o(i.UART_DMAError)
    i.UART_DMAReceiveCplt                    0x08003162   Section        0  stm32f1xx_hal_uart.o(i.UART_DMAReceiveCplt)
    UART_DMAReceiveCplt                      0x08003163   Thumb Code    90  stm32f1xx_hal_uart.o(i.UART_DMAReceiveCplt)
    i.UART_DMARxHalfCplt                     0x080031bc   Section        0  stm32f1xx_hal_uart.o(i.UART_DMARxHalfCplt)
    UART_DMARxHalfCplt                       0x080031bd   Thumb Code    26  stm32f1xx_hal_uart.o(i.UART_DMARxHalfCplt)
    i.UART_EndRxTransfer                     0x080031d6   Section        0  stm32f1xx_hal_uart.o(i.UART_EndRxTransfer)
    UART_EndRxTransfer                       0x080031d7   Thumb Code    48  stm32f1xx_hal_uart.o(i.UART_EndRxTransfer)
    i.UART_EndTxTransfer                     0x08003206   Section        0  stm32f1xx_hal_uart.o(i.UART_EndTxTransfer)
    UART_EndTxTransfer                       0x08003207   Thumb Code    18  stm32f1xx_hal_uart.o(i.UART_EndTxTransfer)
    i.UART_SetConfig                         0x08003218   Section        0  stm32f1xx_hal_uart.o(i.UART_SetConfig)
    UART_SetConfig                           0x08003219   Thumb Code   178  stm32f1xx_hal_uart.o(i.UART_SetConfig)
    i.UART_Start_Receive_DMA                 0x080032d0   Section        0  stm32f1xx_hal_uart.o(i.UART_Start_Receive_DMA)
    i.UART_WaitOnFlagUntilTimeout            0x08003340   Section        0  stm32f1xx_hal_uart.o(i.UART_WaitOnFlagUntilTimeout)
    UART_WaitOnFlagUntilTimeout              0x08003341   Thumb Code   100  stm32f1xx_hal_uart.o(i.UART_WaitOnFlagUntilTimeout)
    i.UsageFault_Handler                     0x080033a4   Section        0  stm32f1xx_it.o(i.UsageFault_Handler)
    i.__ARM_fpclassify                       0x080033a6   Section        0  fpclassify.o(i.__ARM_fpclassify)
    i.__NVIC_SetPriority                     0x080033ce   Section        0  stm32f1xx_hal_cortex.o(i.__NVIC_SetPriority)
    __NVIC_SetPriority                       0x080033cf   Thumb Code    32  stm32f1xx_hal_cortex.o(i.__NVIC_SetPriority)
    i.__kernel_poly                          0x080033ee   Section        0  poly.o(i.__kernel_poly)
    i.__mathlib_dbl_divzero                  0x08003498   Section        0  dunder.o(i.__mathlib_dbl_divzero)
    i.__mathlib_dbl_infnan2                  0x080034a8   Section        0  dunder.o(i.__mathlib_dbl_infnan2)
    i.__mathlib_dbl_invalid                  0x080034ac   Section        0  dunder.o(i.__mathlib_dbl_invalid)
    i.__mathlib_dbl_overflow                 0x080034b8   Section        0  dunder.o(i.__mathlib_dbl_overflow)
    i.__mathlib_dbl_underflow                0x080034c8   Section        0  dunder.o(i.__mathlib_dbl_underflow)
    i._is_digit                              0x080034d8   Section        0  __printf_wp.o(i._is_digit)
    i.change_alarm                           0x080034e8   Section        0  ds18b20.o(i.change_alarm)
    i.change_sg90                            0x080035b0   Section        0  sg90.o(i.change_sg90)
    i.delay                                  0x080036ec   Section        0  ds18b20.o(i.delay)
    i.fputc                                  0x08003710   Section        0  uart.o(i.fputc)
    i.lcd_display_temp                       0x08003728   Section        0  i2c-lcd.o(i.lcd_display_temp)
    i.lcd_init                               0x080037d4   Section        0  i2c-lcd.o(i.lcd_init)
    i.lcd_put_cur                            0x0800384c   Section        0  i2c-lcd.o(i.lcd_put_cur)
    i.lcd_send_cmd                           0x08003864   Section        0  i2c-lcd.o(i.lcd_send_cmd)
    i.lcd_send_data                          0x080038a4   Section        0  i2c-lcd.o(i.lcd_send_data)
    i.lcd_send_string                        0x080038e4   Section        0  i2c-lcd.o(i.lcd_send_string)
    i.main                                   0x080038f8   Section        0  main.o(i.main)
    i.pow                                    0x08003940   Section        0  pow.o(i.pow)
    i.read_temp_ds18b20                      0x08004318   Section        0  ds18b20.o(i.read_temp_ds18b20)
    i.set_alarm_led                          0x08004380   Section        0  ds18b20.o(i.set_alarm_led)
    i.sqrt                                   0x080043f0   Section        0  sqrt.o(i.sqrt)
    i.user_pwm_setvalue                      0x0800443c   Section        0  sg90.o(i.user_pwm_setvalue)
    locale$$code                             0x08004530   Section       44  lc_numeric_c.o(locale$$code)
    x$fpl$dadd                               0x0800455c   Section      336  daddsub_clz.o(x$fpl$dadd)
    _dadd1                                   0x0800456d   Thumb Code     0  daddsub_clz.o(x$fpl$dadd)
    x$fpl$dcheck1                            0x080046ac   Section       16  dcheck1.o(x$fpl$dcheck1)
    x$fpl$dcmpinf                            0x080046bc   Section       24  dcmpi.o(x$fpl$dcmpinf)
    x$fpl$ddiv                               0x080046d4   Section      688  ddiv.o(x$fpl$ddiv)
    ddiv_entry                               0x080046db   Thumb Code     0  ddiv.o(x$fpl$ddiv)
    x$fpl$dfixu                              0x08004984   Section       90  dfixu.o(x$fpl$dfixu)
    x$fpl$dflt                               0x080049de   Section       46  dflt_clz.o(x$fpl$dflt)
    x$fpl$dfltu                              0x08004a0c   Section       38  dflt_clz.o(x$fpl$dfltu)
    x$fpl$dleqf                              0x08004a34   Section      120  dleqf.o(x$fpl$dleqf)
    x$fpl$dmul                               0x08004aac   Section      340  dmul.o(x$fpl$dmul)
    x$fpl$dnaninf                            0x08004c00   Section      156  dnaninf.o(x$fpl$dnaninf)
    x$fpl$dretinf                            0x08004c9c   Section       12  dretinf.o(x$fpl$dretinf)
    x$fpl$drleqf                             0x08004ca8   Section      108  drleqf.o(x$fpl$drleqf)
    x$fpl$drsb                               0x08004d14   Section       22  daddsub_clz.o(x$fpl$drsb)
    x$fpl$dsqrt                              0x08004d2c   Section      460  dsqrt_noumaal.o(x$fpl$dsqrt)
    x$fpl$dsub                               0x08004ef8   Section      468  daddsub_clz.o(x$fpl$dsub)
    _dsub1                                   0x08004f09   Thumb Code     0  daddsub_clz.o(x$fpl$dsub)
    x$fpl$f2d                                0x080050cc   Section       86  f2d.o(x$fpl$f2d)
    x$fpl$fadd                               0x08005124   Section      196  faddsub_clz.o(x$fpl$fadd)
    _fadd1                                   0x08005133   Thumb Code     0  faddsub_clz.o(x$fpl$fadd)
    x$fpl$fcheck1                            0x080051e8   Section       12  fcheck1.o(x$fpl$fcheck1)
    x$fpl$fcmpinf                            0x080051f4   Section       24  fcmpi.o(x$fpl$fcmpinf)
    x$fpl$fdiv                               0x0800520c   Section      388  fdiv.o(x$fpl$fdiv)
    _fdiv1                                   0x0800520d   Thumb Code     0  fdiv.o(x$fpl$fdiv)
    x$fpl$ffixu                              0x08005390   Section       62  ffixu.o(x$fpl$ffixu)
    x$fpl$ffltu                              0x080053d0   Section       38  fflt_clz.o(x$fpl$ffltu)
    x$fpl$fleqf                              0x080053f8   Section      104  fleqf.o(x$fpl$fleqf)
    x$fpl$fmul                               0x08005460   Section      258  fmul.o(x$fpl$fmul)
    x$fpl$fnaninf                            0x08005562   Section      140  fnaninf.o(x$fpl$fnaninf)
    x$fpl$fretinf                            0x080055ee   Section       10  fretinf.o(x$fpl$fretinf)
    x$fpl$fsub                               0x080055f8   Section      234  faddsub_clz.o(x$fpl$fsub)
    _fsub1                                   0x08005607   Thumb Code     0  faddsub_clz.o(x$fpl$fsub)
    x$fpl$printf1                            0x080056e2   Section        4  printf1.o(x$fpl$printf1)
    x$fpl$retnan                             0x080056e6   Section      100  retnan.o(x$fpl$retnan)
    x$fpl$scalbn                             0x0800574a   Section       92  scalbn.o(x$fpl$scalbn)
    x$fpl$scalbnf                            0x080057a6   Section       76  scalbnf.o(x$fpl$scalbnf)
    x$fpl$trapveneer                         0x080057f2   Section       48  trapv.o(x$fpl$trapveneer)
    .constdata                               0x08005822   Section       16  system_stm32f1xx.o(.constdata)
    x$fpl$usenofp                            0x08005822   Section        0  usenofp.o(x$fpl$usenofp)
    .constdata                               0x08005832   Section        8  system_stm32f1xx.o(.constdata)
    .constdata                               0x08005840   Section      136  pow.o(.constdata)
    bp                                       0x08005840   Data          16  pow.o(.constdata)
    dp_h                                     0x08005850   Data          16  pow.o(.constdata)
    dp_l                                     0x08005860   Data          16  pow.o(.constdata)
    L                                        0x08005870   Data          48  pow.o(.constdata)
    P                                        0x080058a0   Data          40  pow.o(.constdata)
    .constdata                               0x080058c8   Section        8  qnan.o(.constdata)
    .constdata                               0x080058d0   Section      148  bigflt0.o(.constdata)
    tenpwrs_x                                0x080058d0   Data          60  bigflt0.o(.constdata)
    tenpwrs_i                                0x0800590c   Data          64  bigflt0.o(.constdata)
    locale$$data                             0x08005984   Section       28  lc_numeric_c.o(locale$$data)
    __lcnum_c_name                           0x08005988   Data           2  lc_numeric_c.o(locale$$data)
    __lcnum_c_start                          0x08005990   Data           0  lc_numeric_c.o(locale$$data)
    __lcnum_c_point                          0x0800599c   Data           0  lc_numeric_c.o(locale$$data)
    __lcnum_c_thousands                      0x0800599e   Data           0  lc_numeric_c.o(locale$$data)
    __lcnum_c_grouping                       0x0800599f   Data           0  lc_numeric_c.o(locale$$data)
    __lcnum_c_end                            0x080059a0   Data           0  lc_numeric_c.o(locale$$data)
    .data                                    0x20000000   Section        6  ds18b20.o(.data)
    .data                                    0x20000008   Section        4  uart.o(.data)
    .data                                    0x2000000c   Section        4  main.o(.data)
    .data                                    0x20000010   Section        1  main.o(.data)
    .data                                    0x20000011   Section        1  main.o(.data)
    .data                                    0x20000014   Section        4  main.o(.data)
    .data                                    0x20000018   Section        1  main.o(.data)
    .data                                    0x20000019   Section        1  main.o(.data)
    .data                                    0x2000001a   Section        2  main.o(.data)
    .data                                    0x2000001c   Section        2  main.o(.data)
    .data                                    0x20000020   Section       12  stm32f1xx_hal.o(.data)
    .data                                    0x2000002c   Section        4  system_stm32f1xx.o(.data)
    .bss                                     0x20000030   Section       84  i2c-lcd.o(.bss)
    .bss                                     0x20000084   Section       72  timer.o(.bss)
    .bss                                     0x200000cc   Section      136  uart.o(.bss)
    .bss                                     0x20000154   Section       50  main.o(.bss)
    .bss                                     0x20000188   Section       96  libspace.o(.bss)
    HEAP                                     0x200001e8   Section      512  startup_stm32f103xb.o(HEAP)
    Heap_Mem                                 0x200001e8   Data         512  startup_stm32f103xb.o(HEAP)
    STACK                                    0x200003e8   Section     1024  startup_stm32f103xb.o(STACK)
    Stack_Mem                                0x200003e8   Data        1024  startup_stm32f103xb.o(STACK)
    __initial_sp                             0x200007e8   Data           0  startup_stm32f103xb.o(STACK)

    Global Symbols

    Symbol Name                              Value     Ov Type        Size  Object(Section)

    BuildAttributes$$THM_ISAv4$P$D$K$B$S$PE$A:L22UL41UL21$X:L11$S22US41US21$IEEE1$IW$USESV6$~STKCKD$USESV7$~SHL$OTIME$ROPI$IEEEX$EBA8$UX$STANDARDLIB$REQ8$PRES8$EABIv2 0x00000000   Number         0  anon$$obj.o ABSOLUTE
    __ARM_use_no_argv                        0x00000000   Number         0  main.o ABSOLUTE
    _printf_flags                            0x00000000   Number         0  printf_stubs.o ABSOLUTE
    _printf_return_value                     0x00000000   Number         0  printf_stubs.o ABSOLUTE
    _printf_sizespec                         0x00000000   Number         0  printf_stubs.o ABSOLUTE
    _printf_widthprec                        0x00000000   Number         0  printf_stubs.o ABSOLUTE
    __ARM_exceptions_init                     - Undefined Weak Reference
    __alloca_initialize                       - Undefined Weak Reference
    __arm_preinit_                            - Undefined Weak Reference
    __cpp_initialize__aeabi_                  - Undefined Weak Reference
    __cxa_finalize                            - Undefined Weak Reference
    __sigvec_lookup                           - Undefined Weak Reference
    _atexit_init                              - Undefined Weak Reference
    _call_atexit_fns                          - Undefined Weak Reference
    _clock_init                               - Undefined Weak Reference
    _fp_trap_init                             - Undefined Weak Reference
    _fp_trap_shutdown                         - Undefined Weak Reference
    _get_lc_collate                           - Undefined Weak Reference
    _get_lc_ctype                             - Undefined Weak Reference
    _get_lc_monetary                          - Undefined Weak Reference
    _get_lc_time                              - Undefined Weak Reference
    _getenv_init                              - Undefined Weak Reference
    _handle_redirection                       - Undefined Weak Reference
    _init_alloc                               - Undefined Weak Reference
    _init_user_alloc                          - Undefined Weak Reference
    _initio                                   - Undefined Weak Reference
    _mutex_acquire                            - Undefined Weak Reference
    _mutex_release                            - Undefined Weak Reference
    _printf_mbtowc                            - Undefined Weak Reference
    _printf_truncate_signed                   - Undefined Weak Reference
    _printf_truncate_unsigned                 - Undefined Weak Reference
    _rand_init                                - Undefined Weak Reference
    _signal_finish                            - Undefined Weak Reference
    _signal_init                              - Undefined Weak Reference
    _terminate_alloc                          - Undefined Weak Reference
    _terminate_user_alloc                     - Undefined Weak Reference
    _terminateio                              - Undefined Weak Reference
    __Vectors_Size                           0x000000ec   Number         0  startup_stm32f103xb.o ABSOLUTE
    __Vectors                                0x08000000   Data           4  startup_stm32f103xb.o(RESET)
    __Vectors_End                            0x080000ec   Data           0  startup_stm32f103xb.o(RESET)
    __main                                   0x080000ed   Thumb Code     8  __main.o(!!!main)
    __scatterload                            0x080000f5   Thumb Code     0  __scatter.o(!!!scatter)
    __scatterload_rt2                        0x080000f5   Thumb Code    44  __scatter.o(!!!scatter)
    __scatterload_rt2_thumb_only             0x080000f5   Thumb Code     0  __scatter.o(!!!scatter)
    __scatterload_null                       0x08000103   Thumb Code     0  __scatter.o(!!!scatter)
    __scatterload_copy                       0x08000129   Thumb Code    26  __scatter_copy.o(!!handler_copy)
    __scatterload_zeroinit                   0x08000145   Thumb Code    28  __scatter_zi.o(!!handler_zi)
    _printf_f                                0x08000161   Thumb Code     0  _printf_f.o(.ARM.Collect$$_printf_percent$$00000003)
    _printf_percent                          0x08000161   Thumb Code     0  _printf_percent.o(.ARM.Collect$$_printf_percent$$00000000)
    _printf_d                                0x08000167   Thumb Code     0  _printf_d.o(.ARM.Collect$$_printf_percent$$00000009)
    _printf_s                                0x0800016d   Thumb Code     0  _printf_s.o(.ARM.Collect$$_printf_percent$$00000014)
    _printf_percent_end                      0x08000173   Thumb Code     0  _printf_percent_end.o(.ARM.Collect$$_printf_percent$$00000017)
    __rt_lib_init                            0x08000177   Thumb Code     0  libinit.o(.ARM.Collect$$libinit$$00000000)
    __rt_lib_init_fp_1                       0x08000179   Thumb Code     0  libinit2.o(.ARM.Collect$$libinit$$00000002)
    __rt_lib_init_heap_1                     0x08000179   Thumb Code     0  libinit2.o(.ARM.Collect$$libinit$$0000000A)
    __rt_lib_init_lc_common                  0x08000179   Thumb Code     0  libinit2.o(.ARM.Collect$$libinit$$0000000F)
    __rt_lib_init_preinit_1                  0x08000179   Thumb Code     0  libinit2.o(.ARM.Collect$$libinit$$00000004)
    __rt_lib_init_rand_1                     0x08000179   Thumb Code     0  libinit2.o(.ARM.Collect$$libinit$$0000000E)
    __rt_lib_init_user_alloc_1               0x08000179   Thumb Code     0  libinit2.o(.ARM.Collect$$libinit$$0000000C)
    __rt_lib_init_lc_collate_1               0x0800017f   Thumb Code     0  libinit2.o(.ARM.Collect$$libinit$$00000011)
    __rt_lib_init_lc_ctype_1                 0x0800017f   Thumb Code     0  libinit2.o(.ARM.Collect$$libinit$$00000013)
    __rt_lib_init_lc_monetary_1              0x0800017f   Thumb Code     0  libinit2.o(.ARM.Collect$$libinit$$00000015)
    __rt_lib_init_lc_numeric_2               0x0800017f   Thumb Code     0  libinit2.o(.ARM.Collect$$libinit$$00000016)
    __rt_lib_init_alloca_1                   0x08000189   Thumb Code     0  libinit2.o(.ARM.Collect$$libinit$$0000002E)
    __rt_lib_init_argv_1                     0x08000189   Thumb Code     0  libinit2.o(.ARM.Collect$$libinit$$0000002C)
    __rt_lib_init_atexit_1                   0x08000189   Thumb Code     0  libinit2.o(.ARM.Collect$$libinit$$0000001B)
    __rt_lib_init_clock_1                    0x08000189   Thumb Code     0  libinit2.o(.ARM.Collect$$libinit$$00000021)
    __rt_lib_init_cpp_1                      0x08000189   Thumb Code     0  libinit2.o(.ARM.Collect$$libinit$$00000032)
    __rt_lib_init_exceptions_1               0x08000189   Thumb Code     0  libinit2.o(.ARM.Collect$$libinit$$00000030)
    __rt_lib_init_fp_trap_1                  0x08000189   Thumb Code     0  libinit2.o(.ARM.Collect$$libinit$$0000001F)
    __rt_lib_init_getenv_1                   0x08000189   Thumb Code     0  libinit2.o(.ARM.Collect$$libinit$$00000023)
    __rt_lib_init_lc_numeric_1               0x08000189   Thumb Code     0  libinit2.o(.ARM.Collect$$libinit$$00000017)
    __rt_lib_init_lc_time_1                  0x08000189   Thumb Code     0  libinit2.o(.ARM.Collect$$libinit$$00000019)
    __rt_lib_init_return                     0x08000189   Thumb Code     0  libinit2.o(.ARM.Collect$$libinit$$00000033)
    __rt_lib_init_signal_1                   0x08000189   Thumb Code     0  libinit2.o(.ARM.Collect$$libinit$$0000001D)
    __rt_lib_init_stdio_1                    0x08000189   Thumb Code     0  libinit2.o(.ARM.Collect$$libinit$$00000025)
    __rt_lib_shutdown                        0x0800018b   Thumb Code     0  libshutdown.o(.ARM.Collect$$libshutdown$$00000000)
    __rt_lib_shutdown_cpp_1                  0x0800018d   Thumb Code     0  libshutdown2.o(.ARM.Collect$$libshutdown$$00000002)
    __rt_lib_shutdown_fp_trap_1              0x0800018d   Thumb Code     0  libshutdown2.o(.ARM.Collect$$libshutdown$$00000007)
    __rt_lib_shutdown_heap_1                 0x0800018d   Thumb Code     0  libshutdown2.o(.ARM.Collect$$libshutdown$$0000000F)
    __rt_lib_shutdown_return                 0x0800018d   Thumb Code     0  libshutdown2.o(.ARM.Collect$$libshutdown$$00000010)
    __rt_lib_shutdown_signal_1               0x0800018d   Thumb Code     0  libshutdown2.o(.ARM.Collect$$libshutdown$$0000000A)
    __rt_lib_shutdown_stdio_1                0x0800018d   Thumb Code     0  libshutdown2.o(.ARM.Collect$$libshutdown$$00000004)
    __rt_lib_shutdown_user_alloc_1           0x0800018d   Thumb Code     0  libshutdown2.o(.ARM.Collect$$libshutdown$$0000000C)
    __rt_entry                               0x0800018f   Thumb Code     0  __rtentry.o(.ARM.Collect$$rtentry$$00000000)
    __rt_entry_presh_1                       0x0800018f   Thumb Code     0  __rtentry2.o(.ARM.Collect$$rtentry$$00000002)
    __rt_entry_sh                            0x0800018f   Thumb Code     0  __rtentry4.o(.ARM.Collect$$rtentry$$00000004)
    __rt_entry_li                            0x08000195   Thumb Code     0  __rtentry2.o(.ARM.Collect$$rtentry$$0000000A)
    __rt_entry_postsh_1                      0x08000195   Thumb Code     0  __rtentry2.o(.ARM.Collect$$rtentry$$00000009)
    __rt_entry_main                          0x08000199   Thumb Code     0  __rtentry2.o(.ARM.Collect$$rtentry$$0000000D)
    __rt_entry_postli_1                      0x08000199   Thumb Code     0  __rtentry2.o(.ARM.Collect$$rtentry$$0000000C)
    __rt_exit                                0x080001a1   Thumb Code     0  rtexit.o(.ARM.Collect$$rtexit$$00000000)
    __rt_exit_ls                             0x080001a3   Thumb Code     0  rtexit2.o(.ARM.Collect$$rtexit$$00000003)
    __rt_exit_prels_1                        0x080001a3   Thumb Code     0  rtexit2.o(.ARM.Collect$$rtexit$$00000002)
    __rt_exit_exit                           0x080001a7   Thumb Code     0  rtexit2.o(.ARM.Collect$$rtexit$$00000004)
    Reset_Handler                            0x080001ad   Thumb Code     8  startup_stm32f103xb.o(.text)
    ADC1_2_IRQHandler                        0x080001c7   Thumb Code     0  startup_stm32f103xb.o(.text)
    CAN1_RX1_IRQHandler                      0x080001c7   Thumb Code     0  startup_stm32f103xb.o(.text)
    CAN1_SCE_IRQHandler                      0x080001c7   Thumb Code     0  startup_stm32f103xb.o(.text)
    DMA1_Channel1_IRQHandler                 0x080001c7   Thumb Code     0  startup_stm32f103xb.o(.text)
    DMA1_Channel2_IRQHandler                 0x080001c7   Thumb Code     0  startup_stm32f103xb.o(.text)
    DMA1_Channel3_IRQHandler                 0x080001c7   Thumb Code     0  startup_stm32f103xb.o(.text)
    DMA1_Channel4_IRQHandler                 0x080001c7   Thumb Code     0  startup_stm32f103xb.o(.text)
    DMA1_Channel5_IRQHandler                 0x080001c7   Thumb Code     0  startup_stm32f103xb.o(.text)
    DMA1_Channel7_IRQHandler                 0x080001c7   Thumb Code     0  startup_stm32f103xb.o(.text)
    EXTI0_IRQHandler                         0x080001c7   Thumb Code     0  startup_stm32f103xb.o(.text)
    EXTI15_10_IRQHandler                     0x080001c7   Thumb Code     0  startup_stm32f103xb.o(.text)
    EXTI1_IRQHandler                         0x080001c7   Thumb Code     0  startup_stm32f103xb.o(.text)
    EXTI2_IRQHandler                         0x080001c7   Thumb Code     0  startup_stm32f103xb.o(.text)
    EXTI3_IRQHandler                         0x080001c7   Thumb Code     0  startup_stm32f103xb.o(.text)
    EXTI4_IRQHandler                         0x080001c7   Thumb Code     0  startup_stm32f103xb.o(.text)
    EXTI9_5_IRQHandler                       0x080001c7   Thumb Code     0  startup_stm32f103xb.o(.text)
    FLASH_IRQHandler                         0x080001c7   Thumb Code     0  startup_stm32f103xb.o(.text)
    I2C1_ER_IRQHandler                       0x080001c7   Thumb Code     0  startup_stm32f103xb.o(.text)
    I2C1_EV_IRQHandler                       0x080001c7   Thumb Code     0  startup_stm32f103xb.o(.text)
    I2C2_ER_IRQHandler                       0x080001c7   Thumb Code     0  startup_stm32f103xb.o(.text)
    I2C2_EV_IRQHandler                       0x080001c7   Thumb Code     0  startup_stm32f103xb.o(.text)
    PVD_IRQHandler                           0x080001c7   Thumb Code     0  startup_stm32f103xb.o(.text)
    RCC_IRQHandler                           0x080001c7   Thumb Code     0  startup_stm32f103xb.o(.text)
    RTC_Alarm_IRQHandler                     0x080001c7   Thumb Code     0  startup_stm32f103xb.o(.text)
    RTC_IRQHandler                           0x080001c7   Thumb Code     0  startup_stm32f103xb.o(.text)
    SPI1_IRQHandler                          0x080001c7   Thumb Code     0  startup_stm32f103xb.o(.text)
    SPI2_IRQHandler                          0x080001c7   Thumb Code     0  startup_stm32f103xb.o(.text)
    TAMPER_IRQHandler                        0x080001c7   Thumb Code     0  startup_stm32f103xb.o(.text)
    TIM1_BRK_IRQHandler                      0x080001c7   Thumb Code     0  startup_stm32f103xb.o(.text)
    TIM1_CC_IRQHandler                       0x080001c7   Thumb Code     0  startup_stm32f103xb.o(.text)
    TIM1_TRG_COM_IRQHandler                  0x080001c7   Thumb Code     0  startup_stm32f103xb.o(.text)
    TIM1_UP_IRQHandler                       0x080001c7   Thumb Code     0  startup_stm32f103xb.o(.text)
    TIM2_IRQHandler                          0x080001c7   Thumb Code     0  startup_stm32f103xb.o(.text)
    TIM3_IRQHandler                          0x080001c7   Thumb Code     0  startup_stm32f103xb.o(.text)
    TIM4_IRQHandler                          0x080001c7   Thumb Code     0  startup_stm32f103xb.o(.text)
    USART1_IRQHandler                        0x080001c7   Thumb Code     0  startup_stm32f103xb.o(.text)
    USART2_IRQHandler                        0x080001c7   Thumb Code     0  startup_stm32f103xb.o(.text)
    USART3_IRQHandler                        0x080001c7   Thumb Code     0  startup_stm32f103xb.o(.text)
    USBWakeUp_IRQHandler                     0x080001c7   Thumb Code     0  startup_stm32f103xb.o(.text)
    USB_HP_CAN1_TX_IRQHandler                0x080001c7   Thumb Code     0  startup_stm32f103xb.o(.text)
    USB_LP_CAN1_RX0_IRQHandler               0x080001c7   Thumb Code     0  startup_stm32f103xb.o(.text)
    WWDG_IRQHandler                          0x080001c7   Thumb Code     0  startup_stm32f103xb.o(.text)
    __user_initial_stackheap                 0x080001c9   Thumb Code     0  startup_stm32f103xb.o(.text)
    __2printf                                0x080001ed   Thumb Code    20  noretval__2printf.o(.text)
    __2sprintf                               0x08000205   Thumb Code    34  noretval__2sprintf.o(.text)
    _printf_pre_padding                      0x0800022d   Thumb Code    44  _printf_pad.o(.text)
    _printf_post_padding                     0x08000259   Thumb Code    34  _printf_pad.o(.text)
    _printf_str                              0x0800027b   Thumb Code    82  _printf_str.o(.text)
    _printf_int_dec                          0x080002cd   Thumb Code   104  _printf_dec.o(.text)
    __printf                                 0x08000345   Thumb Code   270  __printf_wp.o(.text)
    strlen                                   0x08000453   Thumb Code    62  strlen.o(.text)
    __aeabi_memclr                           0x08000491   Thumb Code     0  rt_memclr.o(.text)
    __rt_memclr                              0x08000491   Thumb Code    68  rt_memclr.o(.text)
    _memset                                  0x08000495   Thumb Code     0  rt_memclr.o(.text)
    __aeabi_memclr4                          0x080004d5   Thumb Code     0  rt_memclr_w.o(.text)
    __aeabi_memclr8                          0x080004d5   Thumb Code     0  rt_memclr_w.o(.text)
    __rt_memclr_w                            0x080004d5   Thumb Code    78  rt_memclr_w.o(.text)
    _memset_w                                0x080004d9   Thumb Code     0  rt_memclr_w.o(.text)
    strncpy                                  0x08000523   Thumb Code    86  strncpy.o(.text)
    strcmp                                   0x08000579   Thumb Code   128  strcmpv7m.o(.text)
    __use_two_region_memory                  0x080005f9   Thumb Code     2  heapauxi.o(.text)
    __rt_heap_escrow$2region                 0x080005fb   Thumb Code     2  heapauxi.o(.text)
    __rt_heap_expand$2region                 0x080005fd   Thumb Code     2  heapauxi.o(.text)
    __read_errno                             0x080005ff   Thumb Code    10  _rserrno.o(.text)
    __set_errno                              0x08000609   Thumb Code    12  _rserrno.o(.text)
    _printf_int_common                       0x08000615   Thumb Code   178  _printf_intcommon.o(.text)
    __lib_sel_fp_printf                      0x080006c7   Thumb Code     2  _printf_fp_dec.o(.text)
    _printf_fp_dec_real                      0x08000879   Thumb Code   620  _printf_fp_dec.o(.text)
    _printf_char_common                      0x08000aef   Thumb Code    32  _printf_char_common.o(.text)
    _sputc                                   0x08000b15   Thumb Code    10  _sputc.o(.text)
    _printf_cs_common                        0x08000b1f   Thumb Code    20  _printf_char.o(.text)
    _printf_char                             0x08000b33   Thumb Code    16  _printf_char.o(.text)
    _printf_string                           0x08000b43   Thumb Code     8  _printf_char.o(.text)
    _printf_char_file                        0x08000b4d   Thumb Code    32  _printf_char_file.o(.text)
    __rt_locale                              0x08000b71   Thumb Code     8  rt_locale_intlibspace.o(.text)
    __aeabi_errno_addr                       0x08000b79   Thumb Code     8  rt_errno_addr_intlibspace.o(.text)
    __errno$intlibspace                      0x08000b79   Thumb Code     0  rt_errno_addr_intlibspace.o(.text)
    __rt_errno_addr$intlibspace              0x08000b79   Thumb Code     0  rt_errno_addr_intlibspace.o(.text)
    _ll_udiv10                               0x08000b81   Thumb Code   138  lludiv10.o(.text)
    _printf_fp_infnan                        0x08000c0d   Thumb Code   112  _printf_fp_infnan.o(.text)
    _btod_etento                             0x08000c8d   Thumb Code   224  bigflt0.o(.text)
    ferror                                   0x08000d71   Thumb Code     8  ferror.o(.text)
    __user_libspace                          0x08000d79   Thumb Code     8  libspace.o(.text)
    __user_perproc_libspace                  0x08000d79   Thumb Code     0  libspace.o(.text)
    __user_perthread_libspace                0x08000d79   Thumb Code     0  libspace.o(.text)
    __user_setup_stackheap                   0x08000d81   Thumb Code    74  sys_stackheap_outer.o(.text)
    exit                                     0x08000dcb   Thumb Code    18  exit.o(.text)
    _sys_exit                                0x08000ddd   Thumb Code     8  sys_exit.o(.text)
    __I$use$semihosting                      0x08000de9   Thumb Code     0  use_no_semi.o(.text)
    __use_no_semihosting_swi                 0x08000de9   Thumb Code     2  use_no_semi.o(.text)
    __semihosting_library_function           0x08000deb   Thumb Code     0  indicate_semi.o(.text)
    _btod_d2e                                0x08000deb   Thumb Code    62  btod.o(CL$$btod_d2e)
    _d2e_denorm_low                          0x08000e29   Thumb Code    70  btod.o(CL$$btod_d2e_denorm_low)
    _d2e_norm_op1                            0x08000e6f   Thumb Code    96  btod.o(CL$$btod_d2e_norm_op1)
    __btod_div_common                        0x08000ecf   Thumb Code   696  btod.o(CL$$btod_div_common)
    _e2e                                     0x08001207   Thumb Code   220  btod.o(CL$$btod_e2e)
    _btod_ediv                               0x080012e3   Thumb Code    42  btod.o(CL$$btod_ediv)
    _btod_emul                               0x0800130d   Thumb Code    42  btod.o(CL$$btod_emul)
    __btod_mult_common                       0x08001337   Thumb Code   580  btod.o(CL$$btod_mult_common)
    BusFault_Handler                         0x0800157b   Thumb Code     2  stm32f1xx_it.o(i.BusFault_Handler)
    DMA1_Channel6_IRQHandler                 0x0800157d   Thumb Code     6  stm32f1xx_it.o(i.DMA1_Channel6_IRQHandler)
    DS18B20_Read                             0x080015b5   Thumb Code    94  ds18b20.o(i.DS18B20_Read)
    DS18B20_Start                            0x08001619   Thumb Code    84  ds18b20.o(i.DS18B20_Start)
    DS18B20_Write                            0x08001675   Thumb Code   114  ds18b20.o(i.DS18B20_Write)
    DebugMon_Handler                         0x080016ed   Thumb Code     2  stm32f1xx_it.o(i.DebugMon_Handler)
    Error_Handler                            0x080016ef   Thumb Code     4  main.o(i.Error_Handler)
    HAL_DMA_IRQHandler                       0x080016f5   Thumb Code   316  stm32f1xx_hal_dma.o(i.HAL_DMA_IRQHandler)
    HAL_DMA_Init                             0x08001849   Thumb Code    84  stm32f1xx_hal_dma.o(i.HAL_DMA_Init)
    HAL_DMA_Start_IT                         0x080018a5   Thumb Code   112  stm32f1xx_hal_dma.o(i.HAL_DMA_Start_IT)
    HAL_Delay                                0x08001915   Thumb Code    32  stm32f1xx_hal.o(i.HAL_Delay)
    HAL_GPIO_Init                            0x08001939   Thumb Code   446  stm32f1xx_hal_gpio.o(i.HAL_GPIO_Init)
    HAL_GPIO_ReadPin                         0x08001b19   Thumb Code    10  stm32f1xx_hal_gpio.o(i.HAL_GPIO_ReadPin)
    HAL_GPIO_WritePin                        0x08001b23   Thumb Code    10  stm32f1xx_hal_gpio.o(i.HAL_GPIO_WritePin)
    HAL_GetTick                              0x08001b2d   Thumb Code     6  stm32f1xx_hal.o(i.HAL_GetTick)
    HAL_I2C_Init                             0x08001b39   Thumb Code   376  stm32f1xx_hal_i2c.o(i.HAL_I2C_Init)
    HAL_I2C_Master_Transmit                  0x08001cc1   Thumb Code   290  stm32f1xx_hal_i2c.o(i.HAL_I2C_Master_Transmit)
    HAL_I2C_MspInit                          0x08001ded   Thumb Code    96  stm32f1xx_hal_msp.o(i.HAL_I2C_MspInit)
    HAL_IncTick                              0x08001e5d   Thumb Code    12  stm32f1xx_hal.o(i.HAL_IncTick)
    HAL_Init                                 0x08001e6d   Thumb Code    32  stm32f1xx_hal.o(i.HAL_Init)
    HAL_InitTick                             0x08001e91   Thumb Code    54  stm32f1xx_hal.o(i.HAL_InitTick)
    HAL_MspInit                              0x08001ed1   Thumb Code    52  stm32f1xx_hal_msp.o(i.HAL_MspInit)
    HAL_NVIC_EnableIRQ                       0x08001f0d   Thumb Code    26  stm32f1xx_hal_cortex.o(i.HAL_NVIC_EnableIRQ)
    HAL_NVIC_SetPriority                     0x08001f29   Thumb Code    60  stm32f1xx_hal_cortex.o(i.HAL_NVIC_SetPriority)
    HAL_NVIC_SetPriorityGrouping             0x08001f69   Thumb Code    26  stm32f1xx_hal_cortex.o(i.HAL_NVIC_SetPriorityGrouping)
    HAL_RCC_ClockConfig                      0x08001f8d   Thumb Code   280  stm32f1xx_hal_rcc.o(i.HAL_RCC_ClockConfig)
    HAL_RCC_GetHCLKFreq                      0x080020b9   Thumb Code     6  stm32f1xx_hal_rcc.o(i.HAL_RCC_GetHCLKFreq)
    HAL_RCC_GetPCLK1Freq                     0x080020c5   Thumb Code    20  stm32f1xx_hal_rcc.o(i.HAL_RCC_GetPCLK1Freq)
    HAL_RCC_GetPCLK2Freq                     0x080020e5   Thumb Code    20  stm32f1xx_hal_rcc.o(i.HAL_RCC_GetPCLK2Freq)
    HAL_RCC_GetSysClockFreq                  0x08002105   Thumb Code    74  stm32f1xx_hal_rcc.o(i.HAL_RCC_GetSysClockFreq)
    HAL_RCC_OscConfig                        0x08002171   Thumb Code   778  stm32f1xx_hal_rcc.o(i.HAL_RCC_OscConfig)
    HAL_SYSTICK_Config                       0x08002491   Thumb Code    40  stm32f1xx_hal_cortex.o(i.HAL_SYSTICK_Config)
    HAL_TIMEx_MasterConfigSynchronization    0x080024b9   Thumb Code    92  stm32f1xx_hal_tim_ex.o(i.HAL_TIMEx_MasterConfigSynchronization)
    HAL_TIM_MspPostInit                      0x08002521   Thumb Code    62  stm32f1xx_hal_msp.o(i.HAL_TIM_MspPostInit)
    HAL_TIM_PWM_ConfigChannel                0x0800256d   Thumb Code   198  stm32f1xx_hal_tim.o(i.HAL_TIM_PWM_ConfigChannel)
    HAL_TIM_PWM_Init                         0x08002633   Thumb Code    90  stm32f1xx_hal_tim.o(i.HAL_TIM_PWM_Init)
    HAL_TIM_PWM_MspInit                      0x0800268d   Thumb Code    30  stm32f1xx_hal_msp.o(i.HAL_TIM_PWM_MspInit)
    HAL_TIM_PWM_Start                        0x080026b5   Thumb Code   144  stm32f1xx_hal_tim.o(i.HAL_TIM_PWM_Start)
    HAL_TIM_PWM_Stop                         0x08002751   Thumb Code   108  stm32f1xx_hal_tim.o(i.HAL_TIM_PWM_Stop)
    HAL_UARTEx_RxEventCallback               0x080027c1   Thumb Code     2  stm32f1xx_hal_uart.o(i.HAL_UARTEx_RxEventCallback)
    HAL_UART_ErrorCallback                   0x080027c3   Thumb Code     2  stm32f1xx_hal_uart.o(i.HAL_UART_ErrorCallback)
    HAL_UART_Init                            0x080027c5   Thumb Code    98  stm32f1xx_hal_uart.o(i.HAL_UART_Init)
    HAL_UART_MspInit                         0x08002829   Thumb Code   140  stm32f1xx_hal_msp.o(i.HAL_UART_MspInit)
    HAL_UART_Receive_DMA                     0x080028c9   Thumb Code    42  stm32f1xx_hal_uart.o(i.HAL_UART_Receive_DMA)
    HAL_UART_RxCpltCallback                  0x080028f3   Thumb Code     2  stm32f1xx_hal_uart.o(i.HAL_UART_RxCpltCallback)
    HAL_UART_RxHalfCpltCallback              0x080028f5   Thumb Code     2  stm32f1xx_hal_uart.o(i.HAL_UART_RxHalfCpltCallback)
    HAL_UART_Transmit                        0x080028f9   Thumb Code   178  stm32f1xx_hal_uart.o(i.HAL_UART_Transmit)
    HardFault_Handler                        0x080029ab   Thumb Code     2  stm32f1xx_it.o(i.HardFault_Handler)
    MX_DMA_Init                              0x08002c11   Thumb Code    40  uart.o(i.MX_DMA_Init)
    MX_GPIO_Init                             0x08002c3d   Thumb Code   120  uart.o(i.MX_GPIO_Init)
    MX_I2C1_Init                             0x08002cbd   Thumb Code    50  i2c-lcd.o(i.MX_I2C1_Init)
    MX_TIM4_Init                             0x08002cfd   Thumb Code   104  timer.o(i.MX_TIM4_Init)
    MX_USART2_UART_Init                      0x08002d6d   Thumb Code    54  uart.o(i.MX_USART2_UART_Init)
    MemManage_Handler                        0x08002db1   Thumb Code     2  stm32f1xx_it.o(i.MemManage_Handler)
    NMI_Handler                              0x08002db3   Thumb Code     2  stm32f1xx_it.o(i.NMI_Handler)
    PendSV_Handler                           0x08002db5   Thumb Code     2  stm32f1xx_it.o(i.PendSV_Handler)
    RX_handle                                0x08002db9   Thumb Code   204  uart.o(i.RX_handle)
    SVC_Handler                              0x08002eb9   Thumb Code     2  stm32f1xx_it.o(i.SVC_Handler)
    Set_Pin_Intput                           0x08002ebb   Thumb Code    22  ds18b20.o(i.Set_Pin_Intput)
    Set_Pin_Output                           0x08002ed1   Thumb Code    24  ds18b20.o(i.Set_Pin_Output)
    SysTick_Handler                          0x08002ee9   Thumb Code     4  stm32f1xx_it.o(i.SysTick_Handler)
    SystemClock_Config                       0x08002eed   Thumb Code    94  timer.o(i.SystemClock_Config)
    SystemInit                               0x08002f4b   Thumb Code     2  system_stm32f1xx.o(i.SystemInit)
    TIM_Base_SetConfig                       0x08002f4d   Thumb Code    94  stm32f1xx_hal_tim.o(i.TIM_Base_SetConfig)
    TIM_CCxChannelCmd                        0x08002fb9   Thumb Code    26  stm32f1xx_hal_tim.o(i.TIM_CCxChannelCmd)
    TIM_OC2_SetConfig                        0x08003025   Thumb Code    84  stm32f1xx_hal_tim.o(i.TIM_OC2_SetConfig)
    UART_Start_Receive_DMA                   0x080032d1   Thumb Code    98  stm32f1xx_hal_uart.o(i.UART_Start_Receive_DMA)
    UsageFault_Handler                       0x080033a5   Thumb Code     2  stm32f1xx_it.o(i.UsageFault_Handler)
    __ARM_fpclassify                         0x080033a7   Thumb Code    40  fpclassify.o(i.__ARM_fpclassify)
    __kernel_poly                            0x080033ef   Thumb Code   170  poly.o(i.__kernel_poly)
    __mathlib_dbl_divzero                    0x08003499   Thumb Code    12  dunder.o(i.__mathlib_dbl_divzero)
    __mathlib_dbl_infnan2                    0x080034a9   Thumb Code     4  dunder.o(i.__mathlib_dbl_infnan2)
    __mathlib_dbl_invalid                    0x080034ad   Thumb Code    12  dunder.o(i.__mathlib_dbl_invalid)
    __mathlib_dbl_overflow                   0x080034b9   Thumb Code    14  dunder.o(i.__mathlib_dbl_overflow)
    __mathlib_dbl_underflow                  0x080034c9   Thumb Code    10  dunder.o(i.__mathlib_dbl_underflow)
    _is_digit                                0x080034d9   Thumb Code    14  __printf_wp.o(i._is_digit)
    change_alarm                             0x080034e9   Thumb Code   166  ds18b20.o(i.change_alarm)
    change_sg90                              0x080035b1   Thumb Code   258  sg90.o(i.change_sg90)
    delay                                    0x080036ed   Thumb Code    32  ds18b20.o(i.delay)
    fputc                                    0x08003711   Thumb Code    20  uart.o(i.fputc)
    lcd_display_temp                         0x08003729   Thumb Code   118  i2c-lcd.o(i.lcd_display_temp)
    lcd_init                                 0x080037d5   Thumb Code   120  i2c-lcd.o(i.lcd_init)
    lcd_put_cur                              0x0800384d   Thumb Code    24  i2c-lcd.o(i.lcd_put_cur)
    lcd_send_cmd                             0x08003865   Thumb Code    58  i2c-lcd.o(i.lcd_send_cmd)
    lcd_send_data                            0x080038a5   Thumb Code    58  i2c-lcd.o(i.lcd_send_data)
    lcd_send_string                          0x080038e5   Thumb Code    20  i2c-lcd.o(i.lcd_send_string)
    main                                     0x080038f9   Thumb Code    66  main.o(i.main)
    pow                                      0x08003941   Thumb Code  2512  pow.o(i.pow)
    read_temp_ds18b20                        0x08004319   Thumb Code    98  ds18b20.o(i.read_temp_ds18b20)
    set_alarm_led                            0x08004381   Thumb Code    56  ds18b20.o(i.set_alarm_led)
    sqrt                                     0x080043f1   Thumb Code    76  sqrt.o(i.sqrt)
    user_pwm_setvalue                        0x0800443d   Thumb Code    92  sg90.o(i.user_pwm_setvalue)
    _get_lc_numeric                          0x08004531   Thumb Code    44  lc_numeric_c.o(locale$$code)
    __aeabi_dadd                             0x0800455d   Thumb Code     0  daddsub_clz.o(x$fpl$dadd)
    _dadd                                    0x0800455d   Thumb Code   332  daddsub_clz.o(x$fpl$dadd)
    __fpl_dcheck_NaN1                        0x080046ad   Thumb Code    10  dcheck1.o(x$fpl$dcheck1)
    __fpl_dcmp_Inf                           0x080046bd   Thumb Code    24  dcmpi.o(x$fpl$dcmpinf)
    __aeabi_ddiv                             0x080046d5   Thumb Code     0  ddiv.o(x$fpl$ddiv)
    _ddiv                                    0x080046d5   Thumb Code   552  ddiv.o(x$fpl$ddiv)
    __aeabi_d2uiz                            0x08004985   Thumb Code     0  dfixu.o(x$fpl$dfixu)
    _dfixu                                   0x08004985   Thumb Code    90  dfixu.o(x$fpl$dfixu)
    __aeabi_i2d                              0x080049df   Thumb Code     0  dflt_clz.o(x$fpl$dflt)
    _dflt                                    0x080049df   Thumb Code    46  dflt_clz.o(x$fpl$dflt)
    __aeabi_ui2d                             0x08004a0d   Thumb Code     0  dflt_clz.o(x$fpl$dfltu)
    _dfltu                                   0x08004a0d   Thumb Code    38  dflt_clz.o(x$fpl$dfltu)
    __aeabi_cdcmple                          0x08004a35   Thumb Code     0  dleqf.o(x$fpl$dleqf)
    _dcmple                                  0x08004a35   Thumb Code   120  dleqf.o(x$fpl$dleqf)
    __fpl_dcmple_InfNaN                      0x08004a97   Thumb Code     0  dleqf.o(x$fpl$dleqf)
    __aeabi_dmul                             0x08004aad   Thumb Code     0  dmul.o(x$fpl$dmul)
    _dmul                                    0x08004aad   Thumb Code   332  dmul.o(x$fpl$dmul)
    __fpl_dnaninf                            0x08004c01   Thumb Code   156  dnaninf.o(x$fpl$dnaninf)
    __fpl_dretinf                            0x08004c9d   Thumb Code    12  dretinf.o(x$fpl$dretinf)
    __aeabi_cdrcmple                         0x08004ca9   Thumb Code     0  drleqf.o(x$fpl$drleqf)
    _drcmple                                 0x08004ca9   Thumb Code   108  drleqf.o(x$fpl$drleqf)
    __aeabi_drsub                            0x08004d15   Thumb Code     0  daddsub_clz.o(x$fpl$drsb)
    _drsb                                    0x08004d15   Thumb Code    22  daddsub_clz.o(x$fpl$drsb)
    _dsqrt                                   0x08004d2d   Thumb Code   456  dsqrt_noumaal.o(x$fpl$dsqrt)
    __aeabi_dsub                             0x08004ef9   Thumb Code     0  daddsub_clz.o(x$fpl$dsub)
    _dsub                                    0x08004ef9   Thumb Code   464  daddsub_clz.o(x$fpl$dsub)
    __aeabi_f2d                              0x080050cd   Thumb Code     0  f2d.o(x$fpl$f2d)
    _f2d                                     0x080050cd   Thumb Code    86  f2d.o(x$fpl$f2d)
    __aeabi_fadd                             0x08005125   Thumb Code     0  faddsub_clz.o(x$fpl$fadd)
    _fadd                                    0x08005125   Thumb Code   196  faddsub_clz.o(x$fpl$fadd)
    __fpl_fcheck_NaN1                        0x080051e9   Thumb Code     6  fcheck1.o(x$fpl$fcheck1)
    __fpl_fcmp_Inf                           0x080051f5   Thumb Code    24  fcmpi.o(x$fpl$fcmpinf)
    __aeabi_fdiv                             0x0800520d   Thumb Code     0  fdiv.o(x$fpl$fdiv)
    _fdiv                                    0x0800520d   Thumb Code   384  fdiv.o(x$fpl$fdiv)
    __aeabi_f2uiz                            0x08005391   Thumb Code     0  ffixu.o(x$fpl$ffixu)
    _ffixu                                   0x08005391   Thumb Code    62  ffixu.o(x$fpl$ffixu)
    __aeabi_ui2f                             0x080053d1   Thumb Code     0  fflt_clz.o(x$fpl$ffltu)
    _ffltu                                   0x080053d1   Thumb Code    38  fflt_clz.o(x$fpl$ffltu)
    __aeabi_cfcmple                          0x080053f9   Thumb Code     0  fleqf.o(x$fpl$fleqf)
    _fcmple                                  0x080053f9   Thumb Code   104  fleqf.o(x$fpl$fleqf)
    __fpl_fcmple_InfNaN                      0x0800544b   Thumb Code     0  fleqf.o(x$fpl$fleqf)
    __aeabi_fmul                             0x08005461   Thumb Code     0  fmul.o(x$fpl$fmul)
    _fmul                                    0x08005461   Thumb Code   258  fmul.o(x$fpl$fmul)
    __fpl_fnaninf                            0x08005563   Thumb Code   140  fnaninf.o(x$fpl$fnaninf)
    __fpl_fretinf                            0x080055ef   Thumb Code    10  fretinf.o(x$fpl$fretinf)
    __aeabi_fsub                             0x080055f9   Thumb Code     0  faddsub_clz.o(x$fpl$fsub)
    _fsub                                    0x080055f9   Thumb Code   234  faddsub_clz.o(x$fpl$fsub)
    _printf_fp_dec                           0x080056e3   Thumb Code     4  printf1.o(x$fpl$printf1)
    __fpl_return_NaN                         0x080056e7   Thumb Code   100  retnan.o(x$fpl$retnan)
    __ARM_scalbn                             0x0800574b   Thumb Code    92  scalbn.o(x$fpl$scalbn)
    __ARM_scalbnf                            0x080057a7   Thumb Code    76  scalbnf.o(x$fpl$scalbnf)
    __fpl_cmpreturn                          0x080057f3   Thumb Code    48  trapv.o(x$fpl$trapveneer)
    AHBPrescTable                            0x08005822   Data          16  system_stm32f1xx.o(.constdata)
    __I$use$fp                               0x08005822   Number         0  usenofp.o(x$fpl$usenofp)
    APBPrescTable                            0x08005832   Data           8  system_stm32f1xx.o(.constdata)
    __mathlib_zero                           0x080058c8   Data           8  qnan.o(.constdata)
    Region$$Table$$Base                      0x08005964   Number         0  anon$$obj.o(Region$$Table)
    Region$$Table$$Limit                     0x08005984   Number         0  anon$$obj.o(Region$$Table)
    Presence                                 0x20000000   Data           1  ds18b20.o(.data)
    Temp_byte1                               0x20000001   Data           1  ds18b20.o(.data)
    Temp_byte2                               0x20000002   Data           1  ds18b20.o(.data)
    TEMP                                     0x20000004   Data           2  ds18b20.o(.data)
    __stdout                                 0x20000008   Data           4  uart.o(.data)
    temp                                     0x2000000c   Data           4  main.o(.data)
    check                                    0x20000010   Data           1  main.o(.data)
    alarm_change                             0x20000011   Data           1  main.o(.data)
    i                                        0x20000014   Data           4  main.o(.data)
    alarm_temp                               0x20000018   Data           1  main.o(.data)
    ex_strlen                                0x20000019   Data           1  main.o(.data)
    pwm_value                                0x2000001a   Data           2  main.o(.data)
    pwm_value_pre                            0x2000001c   Data           2  main.o(.data)
    uwTickFreq                               0x20000020   Data           1  stm32f1xx_hal.o(.data)
    uwTickPrio                               0x20000024   Data           4  stm32f1xx_hal.o(.data)
    uwTick                                   0x20000028   Data           4  stm32f1xx_hal.o(.data)
    SystemCoreClock                          0x2000002c   Data           4  system_stm32f1xx.o(.data)
    hi2c1                                    0x20000030   Data          84  i2c-lcd.o(.bss)
    htim4                                    0x20000084   Data          72  timer.o(.bss)
    huart2                                   0x200000cc   Data          68  uart.o(.bss)
    hdma_usart2_rx                           0x20000110   Data          68  uart.o(.bss)
    rxBuff                                   0x20000154   Data          50  main.o(.bss)
    __libspace_start                         0x20000188   Data          96  libspace.o(.bss)
    __temporary_stack_top$libspace           0x200001e8   Data           0  libspace.o(.bss)



==============================================================================

Memory Map of the image

  Image Entry point : 0x080000ed

  Load Region LR_IROM1 (Base: 0x08000000, Size: 0x000059d0, Max: 0x00010000, ABSOLUTE)

    Execution Region ER_IROM1 (Exec base: 0x08000000, Load base: 0x08000000, Size: 0x000059a0, Max: 0x00010000, ABSOLUTE)

    Exec Addr    Load Addr    Size         Type   Attr      Idx    E Section Name        Object

    0x08000000   0x08000000   0x000000ec   Data   RO            3    RESET               startup_stm32f103xb.o
    0x080000ec   0x080000ec   0x00000008   Code   RO         3463  * !!!main             c_w.l(__main.o)
    0x080000f4   0x080000f4   0x00000034   Code   RO         3803    !!!scatter          c_w.l(__scatter.o)
    0x08000128   0x08000128   0x0000001a   Code   RO         3805    !!handler_copy      c_w.l(__scatter_copy.o)
    0x08000142   0x08000142   0x00000002   PAD
    0x08000144   0x08000144   0x0000001c   Code   RO         3807    !!handler_zi        c_w.l(__scatter_zi.o)
    0x08000160   0x08000160   0x00000000   Code   RO         3450    .ARM.Collect$$_printf_percent$$00000000  c_w.l(_printf_percent.o)
    0x08000160   0x08000160   0x00000006   Code   RO         3449    .ARM.Collect$$_printf_percent$$00000003  c_w.l(_printf_f.o)
    0x08000166   0x08000166   0x00000006   Code   RO         3448    .ARM.Collect$$_printf_percent$$00000009  c_w.l(_printf_d.o)
    0x0800016c   0x0800016c   0x00000006   Code   RO         3447    .ARM.Collect$$_printf_percent$$00000014  c_w.l(_printf_s.o)
    0x08000172   0x08000172   0x00000004   Code   RO         3538    .ARM.Collect$$_printf_percent$$00000017  c_w.l(_printf_percent_end.o)
    0x08000176   0x08000176   0x00000002   Code   RO         3672    .ARM.Collect$$libinit$$00000000  c_w.l(libinit.o)
    0x08000178   0x08000178   0x00000000   Code   RO         3674    .ARM.Collect$$libinit$$00000002  c_w.l(libinit2.o)
    0x08000178   0x08000178   0x00000000   Code   RO         3676    .ARM.Collect$$libinit$$00000004  c_w.l(libinit2.o)
    0x08000178   0x08000178   0x00000000   Code   RO         3679    .ARM.Collect$$libinit$$0000000A  c_w.l(libinit2.o)
    0x08000178   0x08000178   0x00000000   Code   RO         3681    .ARM.Collect$$libinit$$0000000C  c_w.l(libinit2.o)
    0x08000178   0x08000178   0x00000000   Code   RO         3683    .ARM.Collect$$libinit$$0000000E  c_w.l(libinit2.o)
    0x08000178   0x08000178   0x00000006   Code   RO         3684    .ARM.Collect$$libinit$$0000000F  c_w.l(libinit2.o)
    0x0800017e   0x0800017e   0x00000000   Code   RO         3686    .ARM.Collect$$libinit$$00000011  c_w.l(libinit2.o)
    0x0800017e   0x0800017e   0x00000000   Code   RO         3688    .ARM.Collect$$libinit$$00000013  c_w.l(libinit2.o)
    0x0800017e   0x0800017e   0x00000000   Code   RO         3690    .ARM.Collect$$libinit$$00000015  c_w.l(libinit2.o)
    0x0800017e   0x0800017e   0x0000000a   Code   RO         3691    .ARM.Collect$$libinit$$00000016  c_w.l(libinit2.o)
    0x08000188   0x08000188   0x00000000   Code   RO         3692    .ARM.Collect$$libinit$$00000017  c_w.l(libinit2.o)
    0x08000188   0x08000188   0x00000000   Code   RO         3694    .ARM.Collect$$libinit$$00000019  c_w.l(libinit2.o)
    0x08000188   0x08000188   0x00000000   Code   RO         3696    .ARM.Collect$$libinit$$0000001B  c_w.l(libinit2.o)
    0x08000188   0x08000188   0x00000000   Code   RO         3698    .ARM.Collect$$libinit$$0000001D  c_w.l(libinit2.o)
    0x08000188   0x08000188   0x00000000   Code   RO         3700    .ARM.Collect$$libinit$$0000001F  c_w.l(libinit2.o)
    0x08000188   0x08000188   0x00000000   Code   RO         3702    .ARM.Collect$$libinit$$00000021  c_w.l(libinit2.o)
    0x08000188   0x08000188   0x00000000   Code   RO         3704    .ARM.Collect$$libinit$$00000023  c_w.l(libinit2.o)
    0x08000188   0x08000188   0x00000000   Code   RO         3706    .ARM.Collect$$libinit$$00000025  c_w.l(libinit2.o)
    0x08000188   0x08000188   0x00000000   Code   RO         3710    .ARM.Collect$$libinit$$0000002C  c_w.l(libinit2.o)
    0x08000188   0x08000188   0x00000000   Code   RO         3712    .ARM.Collect$$libinit$$0000002E  c_w.l(libinit2.o)
    0x08000188   0x08000188   0x00000000   Code   RO         3714    .ARM.Collect$$libinit$$00000030  c_w.l(libinit2.o)
    0x08000188   0x08000188   0x00000000   Code   RO         3716    .ARM.Collect$$libinit$$00000032  c_w.l(libinit2.o)
    0x08000188   0x08000188   0x00000002   Code   RO         3717    .ARM.Collect$$libinit$$00000033  c_w.l(libinit2.o)
    0x0800018a   0x0800018a   0x00000002   Code   RO         3751    .ARM.Collect$$libshutdown$$00000000  c_w.l(libshutdown.o)
    0x0800018c   0x0800018c   0x00000000   Code   RO         3762    .ARM.Collect$$libshutdown$$00000002  c_w.l(libshutdown2.o)
    0x0800018c   0x0800018c   0x00000000   Code   RO         3764    .ARM.Collect$$libshutdown$$00000004  c_w.l(libshutdown2.o)
    0x0800018c   0x0800018c   0x00000000   Code   RO         3767    .ARM.Collect$$libshutdown$$00000007  c_w.l(libshutdown2.o)
    0x0800018c   0x0800018c   0x00000000   Code   RO         3770    .ARM.Collect$$libshutdown$$0000000A  c_w.l(libshutdown2.o)
    0x0800018c   0x0800018c   0x00000000   Code   RO         3772    .ARM.Collect$$libshutdown$$0000000C  c_w.l(libshutdown2.o)
    0x0800018c   0x0800018c   0x00000000   Code   RO         3775    .ARM.Collect$$libshutdown$$0000000F  c_w.l(libshutdown2.o)
    0x0800018c   0x0800018c   0x00000002   Code   RO         3776    .ARM.Collect$$libshutdown$$00000010  c_w.l(libshutdown2.o)
    0x0800018e   0x0800018e   0x00000000   Code   RO         3523    .ARM.Collect$$rtentry$$00000000  c_w.l(__rtentry.o)
    0x0800018e   0x0800018e   0x00000000   Code   RO         3588    .ARM.Collect$$rtentry$$00000002  c_w.l(__rtentry2.o)
    0x0800018e   0x0800018e   0x00000006   Code   RO         3600    .ARM.Collect$$rtentry$$00000004  c_w.l(__rtentry4.o)
    0x08000194   0x08000194   0x00000000   Code   RO         3590    .ARM.Collect$$rtentry$$00000009  c_w.l(__rtentry2.o)
    0x08000194   0x08000194   0x00000004   Code   RO         3591    .ARM.Collect$$rtentry$$0000000A  c_w.l(__rtentry2.o)
    0x08000198   0x08000198   0x00000000   Code   RO         3593    .ARM.Collect$$rtentry$$0000000C  c_w.l(__rtentry2.o)
    0x08000198   0x08000198   0x00000008   Code   RO         3594    .ARM.Collect$$rtentry$$0000000D  c_w.l(__rtentry2.o)
    0x080001a0   0x080001a0   0x00000002   Code   RO         3722    .ARM.Collect$$rtexit$$00000000  c_w.l(rtexit.o)
    0x080001a2   0x080001a2   0x00000000   Code   RO         3729    .ARM.Collect$$rtexit$$00000002  c_w.l(rtexit2.o)
    0x080001a2   0x080001a2   0x00000004   Code   RO         3730    .ARM.Collect$$rtexit$$00000003  c_w.l(rtexit2.o)
    0x080001a6   0x080001a6   0x00000006   Code   RO         3731    .ARM.Collect$$rtexit$$00000004  c_w.l(rtexit2.o)
    0x080001ac   0x080001ac   0x00000040   Code   RO            4    .text               startup_stm32f103xb.o
    0x080001ec   0x080001ec   0x00000018   Code   RO         3415    .text               c_w.l(noretval__2printf.o)
    0x08000204   0x08000204   0x00000028   Code   RO         3417    .text               c_w.l(noretval__2sprintf.o)
    0x0800022c   0x0800022c   0x0000004e   Code   RO         3421    .text               c_w.l(_printf_pad.o)
    0x0800027a   0x0800027a   0x00000052   Code   RO         3423    .text               c_w.l(_printf_str.o)
    0x080002cc   0x080002cc   0x00000078   Code   RO         3425    .text               c_w.l(_printf_dec.o)
    0x08000344   0x08000344   0x0000010e   Code   RO         3435    .text               c_w.l(__printf_wp.o)
    0x08000452   0x08000452   0x0000003e   Code   RO         3451    .text               c_w.l(strlen.o)
    0x08000490   0x08000490   0x00000044   Code   RO         3453    .text               c_w.l(rt_memclr.o)
    0x080004d4   0x080004d4   0x0000004e   Code   RO         3455    .text               c_w.l(rt_memclr_w.o)
    0x08000522   0x08000522   0x00000056   Code   RO         3457    .text               c_w.l(strncpy.o)
    0x08000578   0x08000578   0x00000080   Code   RO         3459    .text               c_w.l(strcmpv7m.o)
    0x080005f8   0x080005f8   0x00000006   Code   RO         3461    .text               c_w.l(heapauxi.o)
    0x080005fe   0x080005fe   0x00000016   Code   RO         3524    .text               c_w.l(_rserrno.o)
    0x08000614   0x08000614   0x000000b2   Code   RO         3526    .text               c_w.l(_printf_intcommon.o)
    0x080006c6   0x080006c6   0x0000041e   Code   RO         3528    .text               c_w.l(_printf_fp_dec.o)
    0x08000ae4   0x08000ae4   0x00000030   Code   RO         3530    .text               c_w.l(_printf_char_common.o)
    0x08000b14   0x08000b14   0x0000000a   Code   RO         3532    .text               c_w.l(_sputc.o)
    0x08000b1e   0x08000b1e   0x0000002c   Code   RO         3534    .text               c_w.l(_printf_char.o)
    0x08000b4a   0x08000b4a   0x00000002   PAD
    0x08000b4c   0x08000b4c   0x00000024   Code   RO         3536    .text               c_w.l(_printf_char_file.o)
    0x08000b70   0x08000b70   0x00000008   Code   RO         3605    .text               c_w.l(rt_locale_intlibspace.o)
    0x08000b78   0x08000b78   0x00000008   Code   RO         3610    .text               c_w.l(rt_errno_addr_intlibspace.o)
    0x08000b80   0x08000b80   0x0000008a   Code   RO         3612    .text               c_w.l(lludiv10.o)
    0x08000c0a   0x08000c0a   0x00000002   PAD
    0x08000c0c   0x08000c0c   0x00000080   Code   RO         3614    .text               c_w.l(_printf_fp_infnan.o)
    0x08000c8c   0x08000c8c   0x000000e4   Code   RO         3618    .text               c_w.l(bigflt0.o)
    0x08000d70   0x08000d70   0x00000008   Code   RO         3643    .text               c_w.l(ferror.o)
    0x08000d78   0x08000d78   0x00000008   Code   RO         3660    .text               c_w.l(libspace.o)
    0x08000d80   0x08000d80   0x0000004a   Code   RO         3663    .text               c_w.l(sys_stackheap_outer.o)
    0x08000dca   0x08000dca   0x00000012   Code   RO         3665    .text               c_w.l(exit.o)
    0x08000ddc   0x08000ddc   0x0000000c   Code   RO         3741    .text               c_w.l(sys_exit.o)
    0x08000de8   0x08000de8   0x00000002   Code   RO         3752    .text               c_w.l(use_no_semi.o)
    0x08000dea   0x08000dea   0x00000000   Code   RO         3754    .text               c_w.l(indicate_semi.o)
    0x08000dea   0x08000dea   0x0000003e   Code   RO         3621    CL$$btod_d2e        c_w.l(btod.o)
    0x08000e28   0x08000e28   0x00000046   Code   RO         3623    CL$$btod_d2e_denorm_low  c_w.l(btod.o)
    0x08000e6e   0x08000e6e   0x00000060   Code   RO         3622    CL$$btod_d2e_norm_op1  c_w.l(btod.o)
    0x08000ece   0x08000ece   0x00000338   Code   RO         3631    CL$$btod_div_common  c_w.l(btod.o)
    0x08001206   0x08001206   0x000000dc   Code   RO         3628    CL$$btod_e2e        c_w.l(btod.o)
    0x080012e2   0x080012e2   0x0000002a   Code   RO         3625    CL$$btod_ediv       c_w.l(btod.o)
    0x0800130c   0x0800130c   0x0000002a   Code   RO         3624    CL$$btod_emul       c_w.l(btod.o)
    0x08001336   0x08001336   0x00000244   Code   RO         3630    CL$$btod_mult_common  c_w.l(btod.o)
    0x0800157a   0x0800157a   0x00000002   Code   RO          450    i.BusFault_Handler  stm32f1xx_it.o
    0x0800157c   0x0800157c   0x0000000c   Code   RO          451    i.DMA1_Channel6_IRQHandler  stm32f1xx_it.o
    0x08001588   0x08001588   0x0000002a   Code   RO         1445    i.DMA_SetConfig     stm32f1xx_hal_dma.o
    0x080015b2   0x080015b2   0x00000002   PAD
    0x080015b4   0x080015b4   0x00000064   Code   RO           13    i.DS18B20_Read      ds18b20.o
    0x08001618   0x08001618   0x0000005c   Code   RO           14    i.DS18B20_Start     ds18b20.o
    0x08001674   0x08001674   0x00000078   Code   RO           15    i.DS18B20_Write     ds18b20.o
    0x080016ec   0x080016ec   0x00000002   Code   RO          452    i.DebugMon_Handler  stm32f1xx_it.o
    0x080016ee   0x080016ee   0x00000004   Code   RO          398    i.Error_Handler     main.o
    0x080016f2   0x080016f2   0x00000002   PAD
    0x080016f4   0x080016f4   0x00000154   Code   RO         1451    i.HAL_DMA_IRQHandler  stm32f1xx_hal_dma.o
    0x08001848   0x08001848   0x0000005c   Code   RO         1452    i.HAL_DMA_Init      stm32f1xx_hal_dma.o
    0x080018a4   0x080018a4   0x00000070   Code   RO         1456    i.HAL_DMA_Start_IT  stm32f1xx_hal_dma.o
    0x08001914   0x08001914   0x00000024   Code   RO         1074    i.HAL_Delay         stm32f1xx_hal.o
    0x08001938   0x08001938   0x000001e0   Code   RO         1382    i.HAL_GPIO_Init     stm32f1xx_hal_gpio.o
    0x08001b18   0x08001b18   0x0000000a   Code   RO         1384    i.HAL_GPIO_ReadPin  stm32f1xx_hal_gpio.o
    0x08001b22   0x08001b22   0x0000000a   Code   RO         1386    i.HAL_GPIO_WritePin  stm32f1xx_hal_gpio.o
    0x08001b2c   0x08001b2c   0x0000000c   Code   RO         1078    i.HAL_GetTick       stm32f1xx_hal.o
    0x08001b38   0x08001b38   0x00000188   Code   RO          646    i.HAL_I2C_Init      stm32f1xx_hal_i2c.o
    0x08001cc0   0x08001cc0   0x0000012c   Code   RO          659    i.HAL_I2C_Master_Transmit  stm32f1xx_hal_i2c.o
    0x08001dec   0x08001dec   0x00000070   Code   RO          533    i.HAL_I2C_MspInit   stm32f1xx_hal_msp.o
    0x08001e5c   0x08001e5c   0x00000010   Code   RO         1084    i.HAL_IncTick       stm32f1xx_hal.o
    0x08001e6c   0x08001e6c   0x00000024   Code   RO         1085    i.HAL_Init          stm32f1xx_hal.o
    0x08001e90   0x08001e90   0x00000040   Code   RO         1086    i.HAL_InitTick      stm32f1xx_hal.o
    0x08001ed0   0x08001ed0   0x0000003c   Code   RO          534    i.HAL_MspInit       stm32f1xx_hal_msp.o
    0x08001f0c   0x08001f0c   0x0000001a   Code   RO         1542    i.HAL_NVIC_EnableIRQ  stm32f1xx_hal_cortex.o
    0x08001f26   0x08001f26   0x00000002   PAD
    0x08001f28   0x08001f28   0x00000040   Code   RO         1548    i.HAL_NVIC_SetPriority  stm32f1xx_hal_cortex.o
    0x08001f68   0x08001f68   0x00000024   Code   RO         1549    i.HAL_NVIC_SetPriorityGrouping  stm32f1xx_hal_cortex.o
    0x08001f8c   0x08001f8c   0x0000012c   Code   RO         1242    i.HAL_RCC_ClockConfig  stm32f1xx_hal_rcc.o
    0x080020b8   0x080020b8   0x0000000c   Code   RO         1247    i.HAL_RCC_GetHCLKFreq  stm32f1xx_hal_rcc.o
    0x080020c4   0x080020c4   0x00000020   Code   RO         1249    i.HAL_RCC_GetPCLK1Freq  stm32f1xx_hal_rcc.o
    0x080020e4   0x080020e4   0x00000020   Code   RO         1250    i.HAL_RCC_GetPCLK2Freq  stm32f1xx_hal_rcc.o
    0x08002104   0x08002104   0x0000006c   Code   RO         1251    i.HAL_RCC_GetSysClockFreq  stm32f1xx_hal_rcc.o
    0x08002170   0x08002170   0x00000320   Code   RO         1254    i.HAL_RCC_OscConfig  stm32f1xx_hal_rcc.o
    0x08002490   0x08002490   0x00000028   Code   RO         1553    i.HAL_SYSTICK_Config  stm32f1xx_hal_cortex.o
    0x080024b8   0x080024b8   0x00000068   Code   RO         2767    i.HAL_TIMEx_MasterConfigSynchronization  stm32f1xx_hal_tim_ex.o
    0x08002520   0x08002520   0x0000004c   Code   RO          535    i.HAL_TIM_MspPostInit  stm32f1xx_hal_msp.o
    0x0800256c   0x0800256c   0x000000c6   Code   RO         2116    i.HAL_TIM_PWM_ConfigChannel  stm32f1xx_hal_tim.o
    0x08002632   0x08002632   0x0000005a   Code   RO         2119    i.HAL_TIM_PWM_Init  stm32f1xx_hal_tim.o
    0x0800268c   0x0800268c   0x00000028   Code   RO          537    i.HAL_TIM_PWM_MspInit  stm32f1xx_hal_msp.o
    0x080026b4   0x080026b4   0x0000009c   Code   RO         2124    i.HAL_TIM_PWM_Start  stm32f1xx_hal_tim.o
    0x08002750   0x08002750   0x00000070   Code   RO         2127    i.HAL_TIM_PWM_Stop  stm32f1xx_hal_tim.o
    0x080027c0   0x080027c0   0x00000002   Code   RO         3026    i.HAL_UARTEx_RxEventCallback  stm32f1xx_hal_uart.o
    0x080027c2   0x080027c2   0x00000002   Code   RO         3040    i.HAL_UART_ErrorCallback  stm32f1xx_hal_uart.o
    0x080027c4   0x080027c4   0x00000062   Code   RO         3044    i.HAL_UART_Init     stm32f1xx_hal_uart.o
    0x08002826   0x08002826   0x00000002   PAD
    0x08002828   0x08002828   0x000000a0   Code   RO          539    i.HAL_UART_MspInit  stm32f1xx_hal_msp.o
    0x080028c8   0x080028c8   0x0000002a   Code   RO         3048    i.HAL_UART_Receive_DMA  stm32f1xx_hal_uart.o
    0x080028f2   0x080028f2   0x00000002   Code   RO         3050    i.HAL_UART_RxCpltCallback  stm32f1xx_hal_uart.o
    0x080028f4   0x080028f4   0x00000002   Code   RO         3051    i.HAL_UART_RxHalfCpltCallback  stm32f1xx_hal_uart.o
    0x080028f6   0x080028f6   0x00000002   PAD
    0x080028f8   0x080028f8   0x000000b2   Code   RO         3052    i.HAL_UART_Transmit  stm32f1xx_hal_uart.o
    0x080029aa   0x080029aa   0x00000002   Code   RO          453    i.HardFault_Handler  stm32f1xx_it.o
    0x080029ac   0x080029ac   0x0000002e   Code   RO          688    i.I2C_IsAcknowledgeFailed  stm32f1xx_hal_i2c.o
    0x080029da   0x080029da   0x00000002   PAD
    0x080029dc   0x080029dc   0x0000009c   Code   RO          692    i.I2C_MasterRequestWrite  stm32f1xx_hal_i2c.o
    0x08002a78   0x08002a78   0x0000004c   Code   RO          703    i.I2C_WaitOnBTFFlagUntilTimeout  stm32f1xx_hal_i2c.o
    0x08002ac4   0x08002ac4   0x00000068   Code   RO          704    i.I2C_WaitOnFlagUntilTimeout  stm32f1xx_hal_i2c.o
    0x08002b2c   0x08002b2c   0x00000096   Code   RO          705    i.I2C_WaitOnMasterAddressFlagUntilTimeout  stm32f1xx_hal_i2c.o
    0x08002bc2   0x08002bc2   0x0000004c   Code   RO          707    i.I2C_WaitOnTXEFlagUntilTimeout  stm32f1xx_hal_i2c.o
    0x08002c0e   0x08002c0e   0x00000002   PAD
    0x08002c10   0x08002c10   0x0000002c   Code   RO          339    i.MX_DMA_Init       uart.o
    0x08002c3c   0x08002c3c   0x00000080   Code   RO          340    i.MX_GPIO_Init      uart.o
    0x08002cbc   0x08002cbc   0x00000040   Code   RO          195    i.MX_I2C1_Init      i2c-lcd.o
    0x08002cfc   0x08002cfc   0x00000070   Code   RO          303    i.MX_TIM4_Init      timer.o
    0x08002d6c   0x08002d6c   0x00000044   Code   RO          341    i.MX_USART2_UART_Init  uart.o
    0x08002db0   0x08002db0   0x00000002   Code   RO          454    i.MemManage_Handler  stm32f1xx_it.o
    0x08002db2   0x08002db2   0x00000002   Code   RO          455    i.NMI_Handler       stm32f1xx_it.o
    0x08002db4   0x08002db4   0x00000002   Code   RO          456    i.PendSV_Handler    stm32f1xx_it.o
    0x08002db6   0x08002db6   0x00000002   PAD
    0x08002db8   0x08002db8   0x00000100   Code   RO          342    i.RX_handle         uart.o
    0x08002eb8   0x08002eb8   0x00000002   Code   RO          457    i.SVC_Handler       stm32f1xx_it.o
    0x08002eba   0x08002eba   0x00000016   Code   RO           16    i.Set_Pin_Intput    ds18b20.o
    0x08002ed0   0x08002ed0   0x00000018   Code   RO           17    i.Set_Pin_Output    ds18b20.o
    0x08002ee8   0x08002ee8   0x00000004   Code   RO          458    i.SysTick_Handler   stm32f1xx_it.o
    0x08002eec   0x08002eec   0x0000005e   Code   RO          304    i.SystemClock_Config  timer.o
    0x08002f4a   0x08002f4a   0x00000002   Code   RO         3373    i.SystemInit        system_stm32f1xx.o
    0x08002f4c   0x08002f4c   0x0000006c   Code   RO         2137    i.TIM_Base_SetConfig  stm32f1xx_hal_tim.o
    0x08002fb8   0x08002fb8   0x0000001a   Code   RO         2138    i.TIM_CCxChannelCmd  stm32f1xx_hal_tim.o
    0x08002fd2   0x08002fd2   0x00000002   PAD
    0x08002fd4   0x08002fd4   0x00000050   Code   RO         2150    i.TIM_OC1_SetConfig  stm32f1xx_hal_tim.o
    0x08003024   0x08003024   0x00000058   Code   RO         2151    i.TIM_OC2_SetConfig  stm32f1xx_hal_tim.o
    0x0800307c   0x0800307c   0x00000058   Code   RO         2152    i.TIM_OC3_SetConfig  stm32f1xx_hal_tim.o
    0x080030d4   0x080030d4   0x00000044   Code   RO         2153    i.TIM_OC4_SetConfig  stm32f1xx_hal_tim.o
    0x08003118   0x08003118   0x0000004a   Code   RO         3058    i.UART_DMAError     stm32f1xx_hal_uart.o
    0x08003162   0x08003162   0x0000005a   Code   RO         3059    i.UART_DMAReceiveCplt  stm32f1xx_hal_uart.o
    0x080031bc   0x080031bc   0x0000001a   Code   RO         3061    i.UART_DMARxHalfCplt  stm32f1xx_hal_uart.o
    0x080031d6   0x080031d6   0x00000030   Code   RO         3067    i.UART_EndRxTransfer  stm32f1xx_hal_uart.o
    0x08003206   0x08003206   0x00000012   Code   RO         3068    i.UART_EndTxTransfer  stm32f1xx_hal_uart.o
    0x08003218   0x08003218   0x000000b8   Code   RO         3070    i.UART_SetConfig    stm32f1xx_hal_uart.o
    0x080032d0   0x080032d0   0x00000070   Code   RO         3071    i.UART_Start_Receive_DMA  stm32f1xx_hal_uart.o
    0x08003340   0x08003340   0x00000064   Code   RO         3073    i.UART_WaitOnFlagUntilTimeout  stm32f1xx_hal_uart.o
    0x080033a4   0x080033a4   0x00000002   Code   RO          459    i.UsageFault_Handler  stm32f1xx_it.o
    0x080033a6   0x080033a6   0x00000028   Code   RO         3574    i.__ARM_fpclassify  m_ws.l(fpclassify.o)
    0x080033ce   0x080033ce   0x00000020   Code   RO         1555    i.__NVIC_SetPriority  stm32f1xx_hal_cortex.o
    0x080033ee   0x080033ee   0x000000aa   Code   RO         3576    i.__kernel_poly     m_ws.l(poly.o)
    0x08003498   0x08003498   0x00000010   Code   RO         3560    i.__mathlib_dbl_divzero  m_ws.l(dunder.o)
    0x080034a8   0x080034a8   0x00000004   Code   RO         3562    i.__mathlib_dbl_infnan2  m_ws.l(dunder.o)
    0x080034ac   0x080034ac   0x0000000c   Code   RO         3563    i.__mathlib_dbl_invalid  m_ws.l(dunder.o)
    0x080034b8   0x080034b8   0x0000000e   Code   RO         3564    i.__mathlib_dbl_overflow  m_ws.l(dunder.o)
    0x080034c6   0x080034c6   0x00000002   PAD
    0x080034c8   0x080034c8   0x00000010   Code   RO         3566    i.__mathlib_dbl_underflow  m_ws.l(dunder.o)
    0x080034d8   0x080034d8   0x0000000e   Code   RO         3437    i._is_digit         c_w.l(__printf_wp.o)
    0x080034e6   0x080034e6   0x00000002   PAD
    0x080034e8   0x080034e8   0x000000c8   Code   RO           18    i.change_alarm      ds18b20.o
    0x080035b0   0x080035b0   0x0000013c   Code   RO          266    i.change_sg90       sg90.o
    0x080036ec   0x080036ec   0x00000024   Code   RO           19    i.delay             ds18b20.o
    0x08003710   0x08003710   0x00000018   Code   RO          343    i.fputc             uart.o
    0x08003728   0x08003728   0x000000ac   Code   RO          197    i.lcd_display_temp  i2c-lcd.o
    0x080037d4   0x080037d4   0x00000078   Code   RO          198    i.lcd_init          i2c-lcd.o
    0x0800384c   0x0800384c   0x00000018   Code   RO          199    i.lcd_put_cur       i2c-lcd.o
    0x08003864   0x08003864   0x00000040   Code   RO          200    i.lcd_send_cmd      i2c-lcd.o
    0x080038a4   0x080038a4   0x00000040   Code   RO          201    i.lcd_send_data     i2c-lcd.o
    0x080038e4   0x080038e4   0x00000014   Code   RO          202    i.lcd_send_string   i2c-lcd.o
    0x080038f8   0x080038f8   0x00000048   Code   RO          399    i.main              main.o
    0x08003940   0x08003940   0x000009d8   Code   RO         3514    i.pow               m_ws.l(pow.o)
    0x08004318   0x08004318   0x00000068   Code   RO           20    i.read_temp_ds18b20  ds18b20.o
    0x08004380   0x08004380   0x00000070   Code   RO           21    i.set_alarm_led     ds18b20.o
    0x080043f0   0x080043f0   0x0000004c   Code   RO         3580    i.sqrt              m_ws.l(sqrt.o)
    0x0800443c   0x0800443c   0x000000f4   Code   RO          267    i.user_pwm_setvalue  sg90.o
    0x08004530   0x08004530   0x0000002c   Code   RO         3648    locale$$code        c_w.l(lc_numeric_c.o)
    0x0800455c   0x0800455c   0x00000150   Code   RO         3465    x$fpl$dadd          fz_ws.l(daddsub_clz.o)
    0x080046ac   0x080046ac   0x00000010   Code   RO         3650    x$fpl$dcheck1       fz_ws.l(dcheck1.o)
    0x080046bc   0x080046bc   0x00000018   Code   RO         3718    x$fpl$dcmpinf       fz_ws.l(dcmpi.o)
    0x080046d4   0x080046d4   0x000002b0   Code   RO         3540    x$fpl$ddiv          fz_ws.l(ddiv.o)
    0x08004984   0x08004984   0x0000005a   Code   RO         3471    x$fpl$dfixu         fz_ws.l(dfixu.o)
    0x080049de   0x080049de   0x0000002e   Code   RO         3476    x$fpl$dflt          fz_ws.l(dflt_clz.o)
    0x08004a0c   0x08004a0c   0x00000026   Code   RO         3475    x$fpl$dfltu         fz_ws.l(dflt_clz.o)
    0x08004a32   0x08004a32   0x00000002   PAD
    0x08004a34   0x08004a34   0x00000078   Code   RO         3652    x$fpl$dleqf         fz_ws.l(dleqf.o)
    0x08004aac   0x08004aac   0x00000154   Code   RO         3481    x$fpl$dmul          fz_ws.l(dmul.o)
    0x08004c00   0x08004c00   0x0000009c   Code   RO         3543    x$fpl$dnaninf       fz_ws.l(dnaninf.o)
    0x08004c9c   0x08004c9c   0x0000000c   Code   RO         3545    x$fpl$dretinf       fz_ws.l(dretinf.o)
    0x08004ca8   0x08004ca8   0x0000006c   Code   RO         3547    x$fpl$drleqf        fz_ws.l(drleqf.o)
    0x08004d14   0x08004d14   0x00000016   Code   RO         3466    x$fpl$drsb          fz_ws.l(daddsub_clz.o)
    0x08004d2a   0x08004d2a   0x00000002   PAD
    0x08004d2c   0x08004d2c   0x000001cc   Code   RO         3654    x$fpl$dsqrt         fz_ws.l(dsqrt_noumaal.o)
    0x08004ef8   0x08004ef8   0x000001d4   Code   RO         3467    x$fpl$dsub          fz_ws.l(daddsub_clz.o)
    0x080050cc   0x080050cc   0x00000056   Code   RO         3483    x$fpl$f2d           fz_ws.l(f2d.o)
    0x08005122   0x08005122   0x00000002   PAD
    0x08005124   0x08005124   0x000000c4   Code   RO         3485    x$fpl$fadd          fz_ws.l(faddsub_clz.o)
    0x080051e8   0x080051e8   0x0000000c   Code   RO         3549    x$fpl$fcheck1       fz_ws.l(fcheck1.o)
    0x080051f4   0x080051f4   0x00000018   Code   RO         3551    x$fpl$fcmpinf       fz_ws.l(fcmpi.o)
    0x0800520c   0x0800520c   0x00000184   Code   RO         3492    x$fpl$fdiv          fz_ws.l(fdiv.o)
    0x08005390   0x08005390   0x0000003e   Code   RO         3495    x$fpl$ffixu         fz_ws.l(ffixu.o)
    0x080053ce   0x080053ce   0x00000002   PAD
    0x080053d0   0x080053d0   0x00000026   Code   RO         3499    x$fpl$ffltu         fz_ws.l(fflt_clz.o)
    0x080053f6   0x080053f6   0x00000002   PAD
    0x080053f8   0x080053f8   0x00000068   Code   RO         3505    x$fpl$fleqf         fz_ws.l(fleqf.o)
    0x08005460   0x08005460   0x00000102   Code   RO         3507    x$fpl$fmul          fz_ws.l(fmul.o)
    0x08005562   0x08005562   0x0000008c   Code   RO         3553    x$fpl$fnaninf       fz_ws.l(fnaninf.o)
    0x080055ee   0x080055ee   0x0000000a   Code   RO         3555    x$fpl$fretinf       fz_ws.l(fretinf.o)
    0x080055f8   0x080055f8   0x000000ea   Code   RO         3487    x$fpl$fsub          fz_ws.l(faddsub_clz.o)
    0x080056e2   0x080056e2   0x00000004   Code   RO         3509    x$fpl$printf1       fz_ws.l(printf1.o)
    0x080056e6   0x080056e6   0x00000064   Code   RO         3658    x$fpl$retnan        fz_ws.l(retnan.o)
    0x0800574a   0x0800574a   0x0000005c   Code   RO         3557    x$fpl$scalbn        fz_ws.l(scalbn.o)
    0x080057a6   0x080057a6   0x0000004c   Code   RO         3511    x$fpl$scalbnf       fz_ws.l(scalbnf.o)
    0x080057f2   0x080057f2   0x00000030   Code   RO         3720    x$fpl$trapveneer    fz_ws.l(trapv.o)
    0x08005822   0x08005822   0x00000000   Code   RO         3559    x$fpl$usenofp       fz_ws.l(usenofp.o)
    0x08005822   0x08005822   0x00000010   Data   RO         3374    .constdata          system_stm32f1xx.o
    0x08005832   0x08005832   0x00000008   Data   RO         3375    .constdata          system_stm32f1xx.o
    0x0800583a   0x0800583a   0x00000006   PAD
    0x08005840   0x08005840   0x00000088   Data   RO         3515    .constdata          m_ws.l(pow.o)
    0x080058c8   0x080058c8   0x00000008   Data   RO         3578    .constdata          m_ws.l(qnan.o)
    0x080058d0   0x080058d0   0x00000094   Data   RO         3619    .constdata          c_w.l(bigflt0.o)
    0x08005964   0x08005964   0x00000020   Data   RO         3801    Region$$Table       anon$$obj.o
    0x08005984   0x08005984   0x0000001c   Data   RO         3647    locale$$data        c_w.l(lc_numeric_c.o)


    Execution Region RW_IRAM1 (Exec base: 0x20000000, Load base: 0x080059a0, Size: 0x000007e8, Max: 0x00005000, ABSOLUTE)

    Exec Addr    Load Addr    Size         Type   Attr      Idx    E Section Name        Object

    0x20000000   0x080059a0   0x00000006   Data   RW           22    .data               ds18b20.o
    0x20000006   0x080059a6   0x00000002   PAD
    0x20000008   0x080059a8   0x00000004   Data   RW          345    .data               uart.o
    0x2000000c   0x080059ac   0x00000004   Data   RW          401    .data               main.o
    0x20000010   0x080059b0   0x00000001   Data   RW          402    .data               main.o
    0x20000011   0x080059b1   0x00000001   Data   RW          403    .data               main.o
    0x20000012   0x080059b2   0x00000002   PAD
    0x20000014   0x080059b4   0x00000004   Data   RW          404    .data               main.o
    0x20000018   0x080059b8   0x00000001   Data   RW          405    .data               main.o
    0x20000019   0x080059b9   0x00000001   Data   RW          406    .data               main.o
    0x2000001a   0x080059ba   0x00000002   Data   RW          407    .data               main.o
    0x2000001c   0x080059bc   0x00000002   Data   RW          408    .data               main.o
    0x2000001e   0x080059be   0x00000002   PAD
    0x20000020   0x080059c0   0x0000000c   Data   RW         1092    .data               stm32f1xx_hal.o
    0x2000002c   0x080059cc   0x00000004   Data   RW         3376    .data               system_stm32f1xx.o
    0x20000030        -       0x00000054   Zero   RW          203    .bss                i2c-lcd.o
    0x20000084        -       0x00000048   Zero   RW          305    .bss                timer.o
    0x200000cc        -       0x00000088   Zero   RW          344    .bss                uart.o
    0x20000154        -       0x00000032   Zero   RW          400    .bss                main.o
    0x20000186   0x080059d0   0x00000002   PAD
    0x20000188        -       0x00000060   Zero   RW         3661    .bss                c_w.l(libspace.o)
    0x200001e8        -       0x00000200   Zero   RW            2    HEAP                startup_stm32f103xb.o
    0x200003e8        -       0x00000400   Zero   RW            1    STACK               startup_stm32f103xb.o


==============================================================================

Image component sizes


      Code (inc. data)   RO Data    RW Data    ZI Data      Debug   Object Name

       810        120          0          6          0     439970   ds18b20.o
       528         80          0          0         84       4806   i2c-lcd.o
        76          6          0         16         50       1999   main.o
       560        210          0          0          0       1338   sg90.o
        64         26        236          0       1536        864   startup_stm32f103xb.o
       164         28          0         12          0       6317   stm32f1xx_hal.o
       198         14          0          0          0      29247   stm32f1xx_hal_cortex.o
       586         32          0          0          0       3855   stm32f1xx_hal_dma.o
       500         34          0          0          0       3727   stm32f1xx_hal_gpio.o
      1300         32          0          0          0       9381   stm32f1xx_hal_i2c.o
       448         68          0          0          0       3908   stm32f1xx_hal_msp.o
      1284        106          0          0          0       6000   stm32f1xx_hal_rcc.o
      1014         50          0          0          0       9113   stm32f1xx_hal_tim.o
       104         12          0          0          0       1428   stm32f1xx_hal_tim_ex.o
       978         20          0          0          0      11170   stm32f1xx_hal_uart.o
        32          6          0          0          0       4833   stm32f1xx_it.o
         2          0         24          4          0       1275   system_stm32f1xx.o
       206          8          0          0         72       1548   timer.o
       520         82          0          4        136       4915   uart.o

    ----------------------------------------------------------------------
      9392        934        298         48       1880     545694   Object Totals
         0          0         32          0          0          0   (incl. Generated)
        18          0          6          6          2          0   (incl. Padding)

    ----------------------------------------------------------------------

      Code (inc. data)   RO Data    RW Data    ZI Data      Debug   Library Member Name

         8          0          0          0          0         68   __main.o
       284          0          0          0          0        156   __printf_wp.o
         0          0          0          0          0          0   __rtentry.o
        12          0          0          0          0          0   __rtentry2.o
         6          0          0          0          0          0   __rtentry4.o
        52          8          0          0          0          0   __scatter.o
        26          0          0          0          0          0   __scatter_copy.o
        28          0          0          0          0          0   __scatter_zi.o
        44          0          0          0          0        108   _printf_char.o
        48          6          0          0          0         96   _printf_char_common.o
        36          4          0          0          0         80   _printf_char_file.o
         6          0          0          0          0          0   _printf_d.o
       120         16          0          0          0         92   _printf_dec.o
         6          0          0          0          0          0   _printf_f.o
      1054          0          0          0          0        216   _printf_fp_dec.o
       128         16          0          0          0         84   _printf_fp_infnan.o
       178          0          0          0          0         88   _printf_intcommon.o
        78          0          0          0          0        108   _printf_pad.o
         0          0          0          0          0          0   _printf_percent.o
         4          0          0          0          0          0   _printf_percent_end.o
         6          0          0          0          0          0   _printf_s.o
        82          0          0          0          0         80   _printf_str.o
        22          0          0          0          0        100   _rserrno.o
        10          0          0          0          0         68   _sputc.o
       228          4        148          0          0         96   bigflt0.o
      1936        128          0          0          0        672   btod.o
        18          0          0          0          0         80   exit.o
         8          0          0          0          0         68   ferror.o
         6          0          0          0          0        152   heapauxi.o
         0          0          0          0          0          0   indicate_semi.o
        44         10         28          0          0         76   lc_numeric_c.o
         2          0          0          0          0          0   libinit.o
        18          0          0          0          0          0   libinit2.o
         2          0          0          0          0          0   libshutdown.o
         2          0          0          0          0          0   libshutdown2.o
         8          4          0          0         96         68   libspace.o
       138          0          0          0          0         80   lludiv10.o
        24          4          0          0          0         84   noretval__2printf.o
        40          6          0          0          0         84   noretval__2sprintf.o
         8          4          0          0          0         68   rt_errno_addr_intlibspace.o
         8          4          0          0          0         68   rt_locale_intlibspace.o
        68          0          0          0          0         68   rt_memclr.o
        78          0          0          0          0         80   rt_memclr_w.o
         2          0          0          0          0          0   rtexit.o
        10          0          0          0          0          0   rtexit2.o
       128          0          0          0          0         68   strcmpv7m.o
        62          0          0          0          0         76   strlen.o
        86          0          0          0          0         76   strncpy.o
        12          4          0          0          0         68   sys_exit.o
        74          0          0          0          0         80   sys_stackheap_outer.o
         2          0          0          0          0         68   use_no_semi.o
       826         16          0          0          0        348   daddsub_clz.o
        16          4          0          0          0         68   dcheck1.o
        24          0          0          0          0         68   dcmpi.o
       688        140          0          0          0        208   ddiv.o
        90          4          0          0          0         92   dfixu.o
        84          0          0          0          0        136   dflt_clz.o
       120          4          0          0          0         92   dleqf.o
       340         12          0          0          0        104   dmul.o
       156          4          0          0          0         92   dnaninf.o
        12          0          0          0          0         68   dretinf.o
       108          0          0          0          0         80   drleqf.o
       460         56          0          0          0        120   dsqrt_noumaal.o
        86          4          0          0          0         84   f2d.o
       430          8          0          0          0        168   faddsub_clz.o
        12          4          0          0          0         68   fcheck1.o
        24          0          0          0          0         68   fcmpi.o
       388         76          0          0          0         96   fdiv.o
        62          4          0          0          0         84   ffixu.o
        38          0          0          0          0         68   fflt_clz.o
       104          4          0          0          0         84   fleqf.o
       258          4          0          0          0         84   fmul.o
       140          4          0          0          0         84   fnaninf.o
        10          0          0          0          0         68   fretinf.o
         4          0          0          0          0         68   printf1.o
       100          0          0          0          0         68   retnan.o
        92          0          0          0          0         68   scalbn.o
        76          0          0          0          0         68   scalbnf.o
        48          0          0          0          0         68   trapv.o
         0          0          0          0          0          0   usenofp.o
        62         10          0          0          0        340   dunder.o
        40          0          0          0          0         68   fpclassify.o
       170          0          0          0          0         96   poly.o
      2520        190        136          0          0        324   pow.o
         0          0          8          0          0          0   qnan.o
        76          0          0          0          0         84   sqrt.o

    ----------------------------------------------------------------------
     12934        766        320          0         96       7208   Library Totals
        20          0          0          0          0          0   (incl. Padding)

    ----------------------------------------------------------------------

      Code (inc. data)   RO Data    RW Data    ZI Data      Debug   Library Name

      5250        218        176          0         96       3524   c_w.l
      4796        348          0          0          0       2772   fz_ws.l
      2868        200        144          0          0        912   m_ws.l

    ----------------------------------------------------------------------
     12934        766        320          0         96       7208   Library Totals

    ----------------------------------------------------------------------

==============================================================================


      Code (inc. data)   RO Data    RW Data    ZI Data      Debug   

     22326       1700        618         48       1976     543902   Grand Totals
     22326       1700        618         48       1976     543902   ELF Image Totals
     22326       1700        618         48          0          0   ROM Totals

==============================================================================

    Total RO  Size (Code + RO Data)                22944 (  22.41kB)
    Total RW  Size (RW Data + ZI Data)              2024 (   1.98kB)
    Total ROM Size (Code + RO Data + RW Data)      22992 (  22.45kB)

==============================================================================

