Component: ARM Compiler 5.06 update 6 (build 750) Tool: armlink [4d35ed]

==============================================================================

Section Cross References

    startup_stm32f103xb.o(STACK) refers (Special) to heapauxi.o(.text) for __use_two_region_memory
    startup_stm32f103xb.o(HEAP) refers (Special) to heapauxi.o(.text) for __use_two_region_memory
    startup_stm32f103xb.o(RESET) refers (Special) to heapauxi.o(.text) for __use_two_region_memory
    startup_stm32f103xb.o(RESET) refers to startup_stm32f103xb.o(STACK) for __initial_sp
    startup_stm32f103xb.o(RESET) refers to startup_stm32f103xb.o(.text) for Reset_Handler
    startup_stm32f103xb.o(RESET) refers to stm32f1xx_it.o(i.NMI_Handler) for NMI_Handler
    startup_stm32f103xb.o(RESET) refers to stm32f1xx_it.o(i.HardFault_Handler) for HardFault_Handler
    startup_stm32f103xb.o(RESET) refers to stm32f1xx_it.o(i.MemManage_Handler) for MemManage_Handler
    startup_stm32f103xb.o(RESET) refers to stm32f1xx_it.o(i.BusFault_Handler) for BusFault_Handler
    startup_stm32f103xb.o(RESET) refers to stm32f1xx_it.o(i.UsageFault_Handler) for UsageFault_Handler
    startup_stm32f103xb.o(RESET) refers to port.o(.emb_text) for SVC_Handler
    startup_stm32f103xb.o(RESET) refers to stm32f1xx_it.o(i.DebugMon_Handler) for DebugMon_Handler
    startup_stm32f103xb.o(RESET) refers to stm32f1xx_it.o(i.SysTick_Handler) for SysTick_Handler
    startup_stm32f103xb.o(RESET) refers to stm32f1xx_it.o(i.DMA1_Channel6_IRQHandler) for DMA1_Channel6_IRQHandler
    startup_stm32f103xb.o(.text) refers (Special) to heapauxi.o(.text) for __use_two_region_memory
    startup_stm32f103xb.o(.text) refers to system_stm32f1xx.o(i.SystemInit) for SystemInit
    startup_stm32f103xb.o(.text) refers to __main.o(!!!main) for __main
    startup_stm32f103xb.o(.text) refers to startup_stm32f103xb.o(HEAP) for Heap_Mem
    startup_stm32f103xb.o(.text) refers to startup_stm32f103xb.o(STACK) for Stack_Mem
    ds18b20.o(i.DS18B20_Read) refers to ds18b20.o(i.Set_Pin_Intput) for Set_Pin_Intput
    ds18b20.o(i.DS18B20_Read) refers to ds18b20.o(i.Set_Pin_Output) for Set_Pin_Output
    ds18b20.o(i.DS18B20_Read) refers to stm32f1xx_hal_gpio.o(i.HAL_GPIO_WritePin) for HAL_GPIO_WritePin
    ds18b20.o(i.DS18B20_Read) refers to ds18b20.o(i.delay) for delay
    ds18b20.o(i.DS18B20_Read) refers to stm32f1xx_hal_gpio.o(i.HAL_GPIO_ReadPin) for HAL_GPIO_ReadPin
    ds18b20.o(i.DS18B20_Start) refers to ds18b20.o(i.Set_Pin_Output) for Set_Pin_Output
    ds18b20.o(i.DS18B20_Start) refers to stm32f1xx_hal_gpio.o(i.HAL_GPIO_WritePin) for HAL_GPIO_WritePin
    ds18b20.o(i.DS18B20_Start) refers to ds18b20.o(i.delay) for delay
    ds18b20.o(i.DS18B20_Start) refers to ds18b20.o(i.Set_Pin_Intput) for Set_Pin_Intput
    ds18b20.o(i.DS18B20_Start) refers to stm32f1xx_hal_gpio.o(i.HAL_GPIO_ReadPin) for HAL_GPIO_ReadPin
    ds18b20.o(i.DS18B20_Start) refers to noretval__2printf.o(.text) for __2printf
    ds18b20.o(i.DS18B20_Write) refers to ds18b20.o(i.Set_Pin_Output) for Set_Pin_Output
    ds18b20.o(i.DS18B20_Write) refers to stm32f1xx_hal_gpio.o(i.HAL_GPIO_WritePin) for HAL_GPIO_WritePin
    ds18b20.o(i.DS18B20_Write) refers to ds18b20.o(i.delay) for delay
    ds18b20.o(i.DS18B20_Write) refers to ds18b20.o(i.Set_Pin_Intput) for Set_Pin_Intput
    ds18b20.o(i.Set_Pin_Intput) refers to stm32f1xx_hal_gpio.o(i.HAL_GPIO_Init) for HAL_GPIO_Init
    ds18b20.o(i.Set_Pin_Output) refers to stm32f1xx_hal_gpio.o(i.HAL_GPIO_Init) for HAL_GPIO_Init
    ds18b20.o(i.change_alarm) refers to strlen.o(.text) for strlen
    ds18b20.o(i.change_alarm) refers to dflt_clz.o(x$fpl$dfltu) for __aeabi_ui2d
    ds18b20.o(i.change_alarm) refers to pow.o(i.pow) for pow
    ds18b20.o(i.change_alarm) refers to dflt_clz.o(x$fpl$dflt) for __aeabi_i2d
    ds18b20.o(i.change_alarm) refers to dmul.o(x$fpl$dmul) for __aeabi_dmul
    ds18b20.o(i.change_alarm) refers to daddsub_clz.o(x$fpl$dadd) for __aeabi_dadd
    ds18b20.o(i.change_alarm) refers to dfixu.o(x$fpl$dfixu) for __aeabi_d2uiz
    ds18b20.o(i.change_alarm) refers to main.o(.data) for alarm_change
    ds18b20.o(i.change_alarm) refers to main.o(.bss) for rxBuff
    ds18b20.o(i.change_alarm) refers to main.o(.data) for i
    ds18b20.o(i.change_alarm) refers to main.o(.data) for ex_strlen
    ds18b20.o(i.change_alarm) refers to main.o(.data) for alarm_temp
    ds18b20.o(i.delay) refers to stm32f1xx_hal_rcc.o(i.HAL_RCC_GetHCLKFreq) for HAL_RCC_GetHCLKFreq
    ds18b20.o(i.read_temp_ds18b20) refers to ds18b20.o(i.DS18B20_Start) for DS18B20_Start
    ds18b20.o(i.read_temp_ds18b20) refers to ds18b20.o(i.delay) for delay
    ds18b20.o(i.read_temp_ds18b20) refers to ds18b20.o(i.DS18B20_Write) for DS18B20_Write
    ds18b20.o(i.read_temp_ds18b20) refers to ds18b20.o(i.DS18B20_Read) for DS18B20_Read
    ds18b20.o(i.read_temp_ds18b20) refers to fflt_clz.o(x$fpl$ffltu) for __aeabi_ui2f
    ds18b20.o(i.read_temp_ds18b20) refers to scalbnf.o(x$fpl$scalbnf) for __ARM_scalbnf
[...]
    .bss                                     0x20000674   Section      512  main.o(.bss)
    .bss                                     0x20000874   Section       84  main.o(.bss)
    .bss                                     0x200008c8   Section      512  main.o(.bss)
    .bss                                     0x20000ac8   Section       84  main.o(.bss)
    .bss                                     0x20000b1c   Section      512  main.o(.bss)
    .bss                                     0x20000d1c   Section       84  main.o(.bss)
    .bss                                     0x20000d70   Section      512  main.o(.bss)
    .bss                                     0x20000f70   Section       84  main.o(.bss)
    .bss                                     0x20000fc4   Section       50  main.o(.bss)
    .bss                                     0x20000ff8   Section      596  freertos.o(.bss)
    xIdleTaskTCBBuffer                       0x20000ff8   Data          84  freertos.o(.bss)
    xIdleStack                               0x2000104c   Data         512  freertos.o(.bss)
    .bss                                     0x2000124c   Section      240  tasks.o(.bss)
    pxReadyTasksLists                        0x2000124c   Data         140  tasks.o(.bss)
    xDelayedTaskList1                        0x200012d8   Data          20  tasks.o(.bss)
    xDelayedTaskList2                        0x200012ec   Data          20  tasks.o(.bss)
    xPendingReadyList                        0x20001300   Data          20  tasks.o(.bss)
    xTasksWaitingTermination                 0x20001314   Data          20  tasks.o(.bss)
    xSuspendedTaskList                       0x20001328   Data          20  tasks.o(.bss)
    .bss                                     0x2000133c   Section     3072  heap_4.o(.bss)
    ucHeap                                   0x2000133c   Data        3072  heap_4.o(.bss)
    .bss                                     0x20001f3c   Section       96  libspace.o(.bss)
    HEAP                                     0x20001fa0   Section      512  startup_stm32f103xb.o(HEAP)
    Heap_Mem                                 0x20001fa0   Data         512  startup_stm32f103xb.o(HEAP)
    STACK                                    0x200021a0   Section     1024  startup_stm32f103xb.o(STACK)
    Stack_Mem                                0x200021a0   Data        1024  startup_stm32f103xb.o(STACK)
    __initial_sp                             0x200025a0   Data           0  startup_stm32f103xb.o(STACK)

    Global Symbols

    Symbol Name                              Value     Ov Type        Size  Object(Section)

    BuildAttributes$$THM_ISAv4$P$D$K$B$S$PE$A:L22UL41UL21$X:L11$S22US41US21$IEEE1$IW$USESV6$~STKCKD$USESV7$~SHL$OTIME$ROPI$IEEEX$EBA8$UX$STANDARDLIB$REQ8$PRES8$EABIv2 0x00000000   Number         0  anon$$obj.o ABSOLUTE
    __ARM_use_no_argv                        0x00000000   Number         0  main.o ABSOLUTE
    _printf_flags                            0x00000000   Number         0  printf_stubs.o ABSOLUTE
    _printf_return_value                     0x00000000   Number         0  printf_stubs.o ABSOLUTE
    _printf_sizespec                         0x00000000   Number         0  printf_stubs.o ABSOLUTE
    _printf_widthprec                        0x00000000   Number         0  printf_stubs.o ABSOLUTE
    __ARM_exceptions_init                     - Undefined Weak Reference
    __alloca_initialize                       - Undefined Weak Reference
    __arm_preinit_                            - Undefined Weak Reference
    __cpp_initialize__aeabi_                  - Undefined Weak Reference
    __cxa_finalize                            - Undefined Weak Reference
    __sigvec_lookup                           - Undefined Weak Reference
    _atexit_init                              - Undefined Weak Reference
    _call_atexit_fns                          - Undefined Weak Reference
    _clock_init                               - Undefined Weak Reference
    _fp_trap_init                             - Undefined Weak Reference
    _fp_trap_shutdown                         - Undefined Weak Reference
    _get_lc_collate                           - Undefined Weak Reference
    _get_lc_ctype                             - Undefined Weak Reference
    _get_lc_monetary                          - Undefined Weak Reference
    _get_lc_time                              - Undefined Weak Reference
    _getenv_init                              - Undefined Weak Reference
    _handle_redirection                       - Undefined Weak Reference
    _init_alloc                               - Undefined Weak Reference
    _init_user_alloc                          - Undefined Weak Reference
    _initio                                   - Undefined Weak Reference
    _mutex_acquire                            - Undefined Weak Reference
    _mutex_release                            - Undefined Weak Reference
    _printf_mbtowc                            - Undefined Weak Reference
    _printf_truncate_signed                   - Undefined Weak Reference
    _printf_truncate_unsigned                 - Undefined Weak Reference
    _rand_init                                - Undefined Weak Reference
    _signal_finish                            - Undefined Weak Reference
    _signal_init                              - Undefined Weak Reference
    _terminate_alloc                          - Undefined Weak Reference
    _terminate_user_alloc                     - Undefined Weak Reference
    _terminateio                              - Undefined Weak Reference
    __Vectors_Size                           0x000000ec   Number         0  startup_stm32f103xb.o ABSOLUTE
    __Vectors                                0x08000000   Data           4  startup_stm32f103xb.o(RESET)
    __Vectors_End                            0x080000ec   Data           0  startup_stm32f103xb.o(RESET)
    __main                                   0x080000ed   Thumb Code     8  __main.o(!!!main)
    __scatterload                            0x080000f5   Thumb Code     0  __scatter.o(!!!scatter)
    __scatterload_rt2                        0x080000f5   Thumb Code    44  __scatter.o(!!!scatter)
    __scatterload_rt2_thumb_only             0x080000f5   Thumb Code     0  __scatter.o(!!!scatter)
    __scatterload_null                       0x08000103   Thumb Code     0  __scatter.o(!!!scatter)
    __scatterload_copy                       0x08000129   Thumb Code    26  __scatter_copy.o(!!handler_copy)
    __scatterload_zeroinit                   0x08000145   Thumb Code    28  __scatter_zi.o(!!handler_zi)
    _printf_f                                0x08000161   Thumb Code     0  _printf_f.o(.ARM.Collect$$_printf_percent$$00000003)
    _printf_percent                          0x08000161   Thumb Code     0  _printf_percent.o(.ARM.Collect$$_printf_percent$$00000000)
    _printf_d                                0x08000167   Thumb Code     0  _printf_d.o(.ARM.Collect$$_printf_percent$$00000009)
    _printf_s                                0x0800016d   Thumb Code     0  _printf_s.o(.ARM.Collect$$_printf_percent$$00000014)
    _printf_percent_end                      0x08000173   Thumb Code     0  _printf_percent_end.o(.ARM.Collect$$_printf_percent$$00000017)
    __rt_lib_init                            0x08000177   Thumb Code     0  libinit.o(.ARM.Collect$$libinit$$00000000)
    __rt_lib_init_fp_1                       0x08000179   Thumb Code     0  libinit2.o(.ARM.Collect$$libinit$$00000002)
    __rt_lib_init_heap_1                     0x08000179   Thumb Code     0  libinit2.o(.ARM.Collect$$libinit$$0000000A)
    __rt_lib_init_lc_common                  0x08000179   Thumb Code     0  libinit2.o(.ARM.Collect$$libinit$$0000000F)
    __rt_lib_init_preinit_1                  0x08000179   Thumb Code     0  libinit2.o(.ARM.Collect$$libinit$$00000004)
    __rt_lib_init_rand_1                     0x08000179   Thumb Code     0  libinit2.o(.ARM.Collect$$libinit$$0000000E)
    __rt_lib_init_user_alloc_1               0x08000179   Thumb Code     0  libinit2.o(.ARM.Collect$$libinit$$0000000C)
    __rt_lib_init_lc_collate_1               0x0800017f   Thumb Code     0  libinit2.o(.ARM.Collect$$libinit$$00000011)
    __rt_lib_init_lc_ctype_1                 0x0800017f   Thumb Code     0  libinit2.o(.ARM.Collect$$libinit$$00000013)
    __rt_lib_init_lc_monetary_1              0x0800017f   Thumb Code     0  libinit2.o(.ARM.Collect$$libinit$$00000015)
    __rt_lib_init_lc_numeric_2               0x0800017f   Thumb Code     0  libinit2.o(.ARM.Collect$$libinit$$00000016)
    __rt_lib_init_alloca_1                   0x08000189   Thumb Code     0  libinit2.o(.ARM.Collect$$libinit$$0000002E)
    __rt_lib_init_argv_1                     0x08000189   Thumb Code     0  libinit2.o(.ARM.Collect$$libinit$$0000002C)
    __rt_lib_init_atexit_1                   0x08000189   Thumb Code     0  libinit2.o(.ARM.Collect$$libinit$$0000001B)
    __rt_lib_init_clock_1                    0x08000189   Thumb Code     0  libinit2.o(.ARM.Collect$$libinit$$00000021)
    __rt_lib_init_cpp_1                      0x08000189   Thumb Code     0  libinit2.o(.ARM.Collect$$libinit$$00000032)
    __rt_lib_init_exceptions_1               0x08000189   Thumb Code     0  libinit2.o(.ARM.Collect$$libinit$$00000030)
    __rt_lib_init_fp_trap_1                  0x08000189   Thumb Code     0  libinit2.o(.ARM.Collect$$libinit$$0000001F)
    __rt_lib_init_getenv_1                   0x08000189   Thumb Code     0  libinit2.o(.ARM.Collect$$libinit$$00000023)
    __rt_lib_init_lc_numeric_1               0x08000189   Thumb Code     0  libinit2.o(.ARM.Collect$$libinit$$00000017)
    __rt_lib_init_lc_time_1                  0x08000189   Thumb Code     0  libinit2.o(.ARM.Collect$$libinit$$00000019)
    __rt_lib_init_return                     0x08000189   Thumb Code     0  libinit2.o(.ARM.Collect$$libinit$$00000033)
    __rt_lib_init_signal_1                   0x08000189   Thumb Code     0  libinit2.o(.ARM.Collect$$libinit$$0000001D)
    __rt_lib_init_stdio_1                    0x08000189   Thumb Code     0  libinit2.o(.ARM.Collect$$libinit$$00000025)
    __rt_lib_shutdown                        0x0800018b   Thumb Code     0  libshutdown.o(.ARM.Collect$$libshutdown$$00000000)
    __rt_lib_shutdown_cpp_1                  0x0800018d   Thumb Code     0  libshutdown2.o(.ARM.Collect$$libshutdown$$00000002)
    __rt_lib_shutdown_fp_trap_1              0x0800018d   Thumb Code     0  libshutdown2.o(.ARM.Collect$$libshutdown$$00000007)
    __rt_lib_shutdown_heap_1                 0x0800018d   Thumb Code     0  libshutdown2.o(.ARM.Collect$$libshutdown$$0000000F)
    __rt_lib_shutdown_return                 0x0800018d   Thumb Code     0  libshutdown2.o(.ARM.Collect$$libshutdown$$00000010)
    __rt_lib_shutdown_signal_1               0x0800018d   Thumb Code     0  libshutdown2.o(.ARM.Collect$$libshutdown$$0000000A)
    __rt_lib_shutdown_stdio_1                0x0800018d   Thumb Code     0  libshutdown2.o(.ARM.Collect$$libshutdown$$00000004)
    __rt_lib_shutdown_user_alloc_1           0x0800018d   Thumb Code     0  libshutdown2.o(.ARM.Collect$$libshutdown$$0000000C)
    __rt_entry                               0x0800018f   Thumb Code     0  __rtentry.o(.ARM.Collect$$rtentry$$00000000)
    __rt_entry_presh_1                       0x0800018f   Thumb Code     0  __rtentry2.o(.ARM.Collect$$rtentry$$00000002)
    __rt_entry_sh                            0x0800018f   Thumb Code     0  __rtentry4.o(.ARM.Collect$$rtentry$$00000004)
    __rt_entry_li                            0x08000195   Thumb Code     0  __rtentry2.o(.ARM.Collect$$rtentry$$0000000A)
    __rt_entry_postsh_1                      0x08000195   Thumb Code     0  __rtentry2.o(.ARM.Collect$$rtentry$$00000009)
    __rt_entry_main                          0x08000199   Thumb Code     0  __rtentry2.o(.ARM.Collect$$rtentry$$0000000D)
    __rt_entry_postli_1                      0x08000199   Thumb Code     0  __rtentry2.o(.ARM.Collect$$rtentry$$0000000C)
    __rt_exit                                0x080001a1   Thumb Code     0  rtexit.o(.ARM.Collect$$rtexit$$00000000)
    __rt_exit_ls                             0x080001a3   Thumb Code     0  rtexit2.o(.ARM.Collect$$rtexit$$00000003)
    __rt_exit_prels_1                        0x080001a3   Thumb Code     0  rtexit2.o(.ARM.Collect$$rtexit$$00000002)
    __rt_exit_exit                           0x080001a7   Thumb Code     0  rtexit2.o(.ARM.Collect$$rtexit$$00000004)
    SVC_Handler                              0x080001ad   Thumb Code    32  port.o(.emb_text)
    __asm___6_port_c_39a90d8d__prvStartFirstTask 0x080001d1   Thumb Code    28  port.o(.emb_text)
    PendSV_Handler                           0x080001f1   Thumb Code    72  port.o(.emb_text)
    vPortGetIPSR                             0x0800023d   Thumb Code     6  port.o(.emb_text)
    Reset_Handler                            0x08000245   Thumb Code     8  startup_stm32f103xb.o(.text)
    ADC1_2_IRQHandler                        0x0800025f   Thumb Code     0  startup_stm32f103xb.o(.text)
    CAN1_RX1_IRQHandler                      0x0800025f   Thumb Code     0  startup_stm32f103xb.o(.text)
    CAN1_SCE_IRQHandler                      0x0800025f   Thumb Code     0  startup_stm32f103xb.o(.text)
    DMA1_Channel1_IRQHandler                 0x0800025f   Thumb Code     0  startup_stm32f103xb.o(.text)
    DMA1_Channel2_IRQHandler                 0x0800025f   Thumb Code     0  startup_stm32f103xb.o(.text)
    DMA1_Channel3_IRQHandler                 0x0800025f   Thumb Code     0  startup_stm32f103xb.o(.text)
    DMA1_Channel4_IRQHandler                 0x0800025f   Thumb Code     0  startup_stm32f103xb.o(.text)
    DMA1_Channel5_IRQHandler                 0x0800025f   Thumb Code     0  startup_stm32f103xb.o(.text)
    DMA1_Channel7_IRQHandler                 0x0800025f   Thumb Code     0  startup_stm32f103xb.o(.text)
    EXTI0_IRQHandler                         0x0800025f   Thumb Code     0  startup_stm32f103xb.o(.text)
    EXTI15_10_IRQHandler                     0x0800025f   Thumb Code     0  startup_stm32f103xb.o(.text)
    EXTI1_IRQHandler                         0x0800025f   Thumb Code     0  startup_stm32f103xb.o(.text)
    EXTI2_IRQHandler                         0x0800025f   Thumb Code     0  startup_stm32f103xb.o(.text)
    EXTI3_IRQHandler                         0x0800025f   Thumb Code     0  startup_stm32f103xb.o(.text)
    EXTI4_IRQHandler                         0x0800025f   Thumb Code     0  startup_stm32f103xb.o(.text)
    EXTI9_5_IRQHandler                       0x0800025f   Thumb Code     0  startup_stm32f103xb.o(.text)
    FLASH_IRQHandler                         0x0800025f   Thumb Code     0  startup_stm32f103xb.o(.text)
    I2C1_ER_IRQHandler                       0x0800025f   Thumb Code     0  startup_stm32f103xb.o(.text)
    I2C1_EV_IRQHandler                       0x0800025f   Thumb Code     0  startup_stm32f103xb.o(.text)
    I2C2_ER_IRQHandler                       0x0800025f   Thumb Code     0  startup_stm32f103xb.o(.text)
    I2C2_EV_IRQHandler                       0x0800025f   Thumb Code     0  startup_stm32f103xb.o(.text)
    PVD_IRQHandler                           0x0800025f   Thumb Code     0  startup_stm32f103xb.o(.text)
    RCC_IRQHandler                           0x0800025f   Thumb Code     0  startup_stm32f103xb.o(.text)
    RTC_Alarm_IRQHandler                     0x0800025f   Thumb Code     0  startup_stm32f103xb.o(.text)
    RTC_IRQHandler                           0x0800025f   Thumb Code     0  startup_stm32f103xb.o(.text)
    SPI1_IRQHandler                          0x0800025f   Thumb Code     0  startup_stm32f103xb.o(.text)
    SPI2_IRQHandler                          0x0800025f   Thumb Code     0  startup_stm32f103xb.o(.text)
    TAMPER_IRQHandler                        0x0800025f   Thumb Code     0  startup_stm32f103xb.o(.text)
    TIM1_BRK_IRQHandler                      0x0800025f   Thumb Code     0  startup_stm32f103xb.o(.text)
    TIM1_CC_IRQHandler                       0x0800025f   Thumb Code     0  startup_stm32f103xb.o(.text)
    TIM1_TRG_COM_IRQHandler                  0x0800025f   Thumb Code     0  startup_stm32f103xb.o(.text)
    TIM1_UP_IRQHandler                       0x0800025f   Thumb Code     0  startup_stm32f103xb.o(.text)
    TIM2_IRQHandler                          0x0800025f   Thumb Code     0  startup_stm32f103xb.o(.text)
    TIM3_IRQHandler                          0x0800025f   Thumb Code     0  startup_stm32f103xb.o(.text)
    TIM4_IRQHandler                          0x0800025f   Thumb Code     0  startup_stm32f103xb.o(.text)
    USART1_IRQHandler                        0x0800025f   Thumb Code     0  startup_stm32f103xb.o(.text)
    USART2_IRQHandler                        0x0800025f   Thumb Code     0  startup_stm32f103xb.o(.text)
    USART3_IRQHandler                        0x0800025f   Thumb Code     0  startup_stm32f103xb.o(.text)
    USBWakeUp_IRQHandler                     0x0800025f   Thumb Code     0  startup_stm32f103xb.o(.text)
    USB_HP_CAN1_TX_IRQHandler                0x0800025f   Thumb Code     0  startup_stm32f103xb.o(.text)
    USB_LP_CAN1_RX0_IRQHandler               0x0800025f   Thumb Code     0  startup_stm32f103xb.o(.text)
    WWDG_IRQHandler                          0x0800025f   Thumb Code     0  startup_stm32f103xb.o(.text)
    __user_initial_stackheap                 0x08000261   Thumb Code     0  startup_stm32f103xb.o(.text)
    __2printf                                0x08000285   Thumb Code    20  noretval__2printf.o(.text)
    __2sprintf                               0x0800029d   Thumb Code    34  noretval__2sprintf.o(.text)
    _printf_pre_padding                      0x080002c5   Thumb Code    44  _printf_pad.o(.text)
    _printf_post_padding                     0x080002f1   Thumb Code    34  _printf_pad.o(.text)
    _printf_str                              0x08000313   Thumb Code    82  _printf_str.o(.text)
    _printf_int_dec                          0x08000365   Thumb Code   104  _printf_dec.o(.text)
    __printf                                 0x080003dd   Thumb Code   270  __printf_wp.o(.text)
    strlen                                   0x080004eb   Thumb Code    62  strlen.o(.text)
    __aeabi_memcpy4                          0x08000529   Thumb Code     0  rt_memcpy_w.o(.text)
    __aeabi_memcpy8                          0x08000529   Thumb Code     0  rt_memcpy_w.o(.text)
    __rt_memcpy_w                            0x08000529   Thumb Code   100  rt_memcpy_w.o(.text)
    _memcpy_lastbytes_aligned                0x08000571   Thumb Code     0  rt_memcpy_w.o(.text)
    __aeabi_memclr                           0x0800058d   Thumb Code     0  rt_memclr.o(.text)
    __rt_memclr                              0x0800058d   Thumb Code    68  rt_memclr.o(.text)
    _memset                                  0x08000591   Thumb Code     0  rt_memclr.o(.text)
    __aeabi_memclr4                          0x080005d1   Thumb Code     0  rt_memclr_w.o(.text)
    __aeabi_memclr8                          0x080005d1   Thumb Code     0  rt_memclr_w.o(.text)
    __rt_memclr_w                            0x080005d1   Thumb Code    78  rt_memclr_w.o(.text)
    _memset_w                                0x080005d5   Thumb Code     0  rt_memclr_w.o(.text)
    strncpy                                  0x0800061f   Thumb Code    86  strncpy.o(.text)
    strcmp                                   0x08000675   Thumb Code   128  strcmpv7m.o(.text)
    __use_two_region_memory                  0x080006f5   Thumb Code     2  heapauxi.o(.text)
    __rt_heap_escrow$2region                 0x080006f7   Thumb Code     2  heapauxi.o(.text)
    __rt_heap_expand$2region                 0x080006f9   Thumb Code     2  heapauxi.o(.text)
    __read_errno                             0x080006fb   Thumb Code    10  _rserrno.o(.text)
    __set_errno                              0x08000705   Thumb Code    12  _rserrno.o(.text)
    _printf_int_common                       0x08000711   Thumb Code   178  _printf_intcommon.o(.text)
    __lib_sel_fp_printf                      0x080007c3   Thumb Code     2  _printf_fp_dec.o(.text)
    _printf_fp_dec_real                      0x08000975   Thumb Code   620  _printf_fp_dec.o(.text)
    _printf_char_common                      0x08000beb   Thumb Code    32  _printf_char_common.o(.text)
    _sputc                                   0x08000c11   Thumb Code    10  _sputc.o(.text)
    _printf_cs_common                        0x08000c1b   Thumb Code    20  _printf_char.o(.text)
    _printf_char                             0x08000c2f   Thumb Code    16  _printf_char.o(.text)
    _printf_string                           0x08000c3f   Thumb Code     8  _printf_char.o(.text)
    _printf_char_file                        0x08000c49   Thumb Code    32  _printf_char_file.o(.text)
    __rt_locale                              0x08000c6d   Thumb Code     8  rt_locale_intlibspace.o(.text)
    __aeabi_errno_addr                       0x08000c75   Thumb Code     8  rt_errno_addr_intlibspace.o(.text)
    __errno$intlibspace                      0x08000c75   Thumb Code     0  rt_errno_addr_intlibspace.o(.text)
    __rt_errno_addr$intlibspace              0x08000c75   Thumb Code     0  rt_errno_addr_intlibspace.o(.text)
    _ll_udiv10                               0x08000c7d   Thumb Code   138  lludiv10.o(.text)
    _printf_fp_infnan                        0x08000d09   Thumb Code   112  _printf_fp_infnan.o(.text)
    _btod_etento                             0x08000d89   Thumb Code   224  bigflt0.o(.text)
    ferror                                   0x08000e6d   Thumb Code     8  ferror.o(.text)
    __user_libspace                          0x08000e75   Thumb Code     8  libspace.o(.text)
    __user_perproc_libspace                  0x08000e75   Thumb Code     0  libspace.o(.text)
    __user_perthread_libspace                0x08000e75   Thumb Code     0  libspace.o(.text)
    __user_setup_stackheap                   0x08000e7d   Thumb Code    74  sys_stackheap_outer.o(.text)
    exit                                     0x08000ec7   Thumb Code    18  exit.o(.text)
    _sys_exit                                0x08000ed9   Thumb Code     8  sys_exit.o(.text)
    __I$use$semihosting                      0x08000ee5   Thumb Code     0  use_no_semi.o(.text)
    __use_no_semihosting_swi                 0x08000ee5   Thumb Code     2  use_no_semi.o(.text)
    __semihosting_library_function           0x08000ee7   Thumb Code     0  indicate_semi.o(.text)
    _btod_d2e                                0x08000ee7   Thumb Code    62  btod.o(CL$$btod_d2e)
    _d2e_denorm_low                          0x08000f25   Thumb Code    70  btod.o(CL$$btod_d2e_denorm_low)
    _d2e_norm_op1                            0x08000f6b   Thumb Code    96  btod.o(CL$$btod_d2e_norm_op1)
    __btod_div_common                        0x08000fcb   Thumb Code   696  btod.o(CL$$btod_div_common)
    _e2e                                     0x08001303   Thumb Code   220  btod.o(CL$$btod_e2e)
    _btod_ediv                               0x080013df   Thumb Code    42  btod.o(CL$$btod_ediv)
    _btod_emul                               0x08001409   Thumb Code    42  btod.o(CL$$btod_emul)
    __btod_mult_common                       0x08001433   Thumb Code   580  btod.o(CL$$btod_mult_common)
    AlarmChange                              0x08001677   Thumb Code    16  main.o(i.AlarmChange)
    BusFault_Handler                         0x08001687   Thumb Code     2  stm32f1xx_it.o(i.BusFault_Handler)
    ControlSg90                              0x08001689   Thumb Code    16  main.o(i.ControlSg90)
    DMA1_Channel6_IRQHandler                 0x08001699   Thumb Code     6  stm32f1xx_it.o(i.DMA1_Channel6_IRQHandler)
    DS18B20_Read                             0x080016d1   Thumb Code    94  ds18b20.o(i.DS18B20_Read)
    DS18B20_Start                            0x08001735   Thumb Code    84  ds18b20.o(i.DS18B20_Start)
    DS18B20_Write                            0x08001791   Thumb Code   114  ds18b20.o(i.DS18B20_Write)
    DebugMon_Handler                         0x08001809   Thumb Code     2  stm32f1xx_it.o(i.DebugMon_Handler)
    DisplayTemp                              0x0800180b   Thumb Code    16  main.o(i.DisplayTemp)
    Error_Handler                            0x0800181b   Thumb Code     4  main.o(i.Error_Handler)
    HAL_DMA_IRQHandler                       0x08001821   Thumb Code   316  stm32f1xx_hal_dma.o(i.HAL_DMA_IRQHandler)
    HAL_DMA_Init                             0x08001975   Thumb Code    84  stm32f1xx_hal_dma.o(i.HAL_DMA_Init)
    HAL_DMA_Start_IT                         0x080019d1   Thumb Code   112  stm32f1xx_hal_dma.o(i.HAL_DMA_Start_IT)
    HAL_Delay                                0x08001a41   Thumb Code    32  stm32f1xx_hal.o(i.HAL_Delay)
    HAL_GPIO_Init                            0x08001a65   Thumb Code   446  stm32f1xx_hal_gpio.o(i.HAL_GPIO_Init)
    HAL_GPIO_ReadPin                         0x08001c45   Thumb Code    10  stm32f1xx_hal_gpio.o(i.HAL_GPIO_ReadPin)
    HAL_GPIO_WritePin                        0x08001c4f   Thumb Code    10  stm32f1xx_hal_gpio.o(i.HAL_GPIO_WritePin)
    HAL_GetTick                              0x08001c59   Thumb Code     6  stm32f1xx_hal.o(i.HAL_GetTick)
    HAL_I2C_Init                             0x08001c65   Thumb Code   376  stm32f1xx_hal_i2c.o(i.HAL_I2C_Init)
    HAL_I2C_Master_Transmit                  0x08001ded   Thumb Code   290  stm32f1xx_hal_i2c.o(i.HAL_I2C_Master_Transmit)
    HAL_I2C_MspInit                          0x08001f19   Thumb Code    96  stm32f1xx_hal_msp.o(i.HAL_I2C_MspInit)
    HAL_IncTick                              0x08001f89   Thumb Code    12  stm32f1xx_hal.o(i.HAL_IncTick)
    HAL_Init                                 0x08001f99   Thumb Code    32  stm32f1xx_hal.o(i.HAL_Init)
    HAL_InitTick                             0x08001fbd   Thumb Code    54  stm32f1xx_hal.o(i.HAL_InitTick)
    HAL_MspInit                              0x08001ffd   Thumb Code    62  stm32f1xx_hal_msp.o(i.HAL_MspInit)
    HAL_NVIC_EnableIRQ                       0x08002045   Thumb Code    26  stm32f1xx_hal_cortex.o(i.HAL_NVIC_EnableIRQ)
    HAL_NVIC_SetPriority                     0x08002061   Thumb Code    60  stm32f1xx_hal_cortex.o(i.HAL_NVIC_SetPriority)
    HAL_NVIC_SetPriorityGrouping             0x080020a1   Thumb Code    26  stm32f1xx_hal_cortex.o(i.HAL_NVIC_SetPriorityGrouping)
    HAL_RCC_ClockConfig                      0x080020c5   Thumb Code   280  stm32f1xx_hal_rcc.o(i.HAL_RCC_ClockConfig)
    HAL_RCC_GetHCLKFreq                      0x080021f1   Thumb Code     6  stm32f1xx_hal_rcc.o(i.HAL_RCC_GetHCLKFreq)
    HAL_RCC_GetPCLK1Freq                     0x080021fd   Thumb Code    20  stm32f1xx_hal_rcc.o(i.HAL_RCC_GetPCLK1Freq)
    HAL_RCC_GetPCLK2Freq                     0x0800221d   Thumb Code    20  stm32f1xx_hal_rcc.o(i.HAL_RCC_GetPCLK2Freq)
    HAL_RCC_GetSysClockFreq                  0x0800223d   Thumb Code    74  stm32f1xx_hal_rcc.o(i.HAL_RCC_GetSysClockFreq)
    HAL_RCC_OscConfig                        0x080022a9   Thumb Code   778  stm32f1xx_hal_rcc.o(i.HAL_RCC_OscConfig)
    HAL_SYSTICK_Config                       0x080025c9   Thumb Code    40  stm32f1xx_hal_cortex.o(i.HAL_SYSTICK_Config)
    HAL_TIMEx_MasterConfigSynchronization    0x080025f1   Thumb Code    92  stm32f1xx_hal_tim_ex.o(i.HAL_TIMEx_MasterConfigSynchronization)
    HAL_TIM_MspPostInit                      0x08002659   Thumb Code    62  stm32f1xx_hal_msp.o(i.HAL_TIM_MspPostInit)
    HAL_TIM_PWM_ConfigChannel                0x080026a5   Thumb Code   198  stm32f1xx_hal_tim.o(i.HAL_TIM_PWM_ConfigChannel)
    HAL_TIM_PWM_Init                         0x0800276b   Thumb Code    90  stm32f1xx_hal_tim.o(i.HAL_TIM_PWM_Init)
    HAL_TIM_PWM_MspInit                      0x080027c5   Thumb Code    30  stm32f1xx_hal_msp.o(i.HAL_TIM_PWM_MspInit)
    HAL_TIM_PWM_Start                        0x080027ed   Thumb Code   144  stm32f1xx_hal_tim.o(i.HAL_TIM_PWM_Start)
    HAL_TIM_PWM_Stop                         0x08002889   Thumb Code   108  stm32f1xx_hal_tim.o(i.HAL_TIM_PWM_Stop)
    HAL_UARTEx_RxEventCallback               0x080028f9   Thumb Code     2  stm32f1xx_hal_uart.o(i.HAL_UARTEx_RxEventCallback)
    HAL_UART_ErrorCallback                   0x080028fb   Thumb Code     2  stm32f1xx_hal_uart.o(i.HAL_UART_ErrorCallback)
    HAL_UART_Init                            0x080028fd   Thumb Code    98  stm32f1xx_hal_uart.o(i.HAL_UART_Init)
    HAL_UART_MspInit                         0x08002961   Thumb Code   140  stm32f1xx_hal_msp.o(i.HAL_UART_MspInit)
    HAL_UART_Receive_DMA                     0x08002a01   Thumb Code    42  stm32f1xx_hal_uart.o(i.HAL_UART_Receive_DMA)
    HAL_UART_RxCpltCallback                  0x08002a2b   Thumb Code     2  stm32f1xx_hal_uart.o(i.HAL_UART_RxCpltCallback)
    HAL_UART_RxHalfCpltCallback              0x08002a2d   Thumb Code     2  stm32f1xx_hal_uart.o(i.HAL_UART_RxHalfCpltCallback)
    HAL_UART_Transmit                        0x08002a31   Thumb Code   178  stm32f1xx_hal_uart.o(i.HAL_UART_Transmit)
    HardFault_Handler                        0x08002ae3   Thumb Code     2  stm32f1xx_it.o(i.HardFault_Handler)
    MX_DMA_Init                              0x08002d49   Thumb Code    40  uart.o(i.MX_DMA_Init)
    MX_GPIO_Init                             0x08002d75   Thumb Code   120  uart.o(i.MX_GPIO_Init)
    MX_I2C1_Init                             0x08002df5   Thumb Code    50  i2c-lcd.o(i.MX_I2C1_Init)
    MX_TIM4_Init                             0x08002e35   Thumb Code   104  timer.o(i.MX_TIM4_Init)
    MX_USART2_UART_Init                      0x08002ea5   Thumb Code    54  uart.o(i.MX_USART2_UART_Init)
    MemManage_Handler                        0x08002ee9   Thumb Code     2  stm32f1xx_it.o(i.MemManage_Handler)
    NMI_Handler                              0x08002eeb   Thumb Code     2  stm32f1xx_it.o(i.NMI_Handler)
    RX_handle                                0x08002eed   Thumb Code   204  uart.o(i.RX_handle)
    ReadTemp                                 0x08002fed   Thumb Code    18  main.o(i.ReadTemp)
    SendAlarm                                0x08003005   Thumb Code    16  main.o(i.SendAlarm)
    Set_Pin_Intput                           0x08003015   Thumb Code    22  ds18b20.o(i.Set_Pin_Intput)
    Set_Pin_Output                           0x0800302b   Thumb Code    24  ds18b20.o(i.Set_Pin_Output)
    SysTick_Handler                          0x08003043   Thumb Code    24  stm32f1xx_it.o(i.SysTick_Handler)
    SystemClock_Config                       0x0800305b   Thumb Code    94  timer.o(i.SystemClock_Config)
    SystemInit                               0x080030b9   Thumb Code     2  system_stm32f1xx.o(i.SystemInit)
    TIM_Base_SetConfig                       0x080030bd   Thumb Code    94  stm32f1xx_hal_tim.o(i.TIM_Base_SetConfig)
    TIM_CCxChannelCmd                        0x08003129   Thumb Code    26  stm32f1xx_hal_tim.o(i.TIM_CCxChannelCmd)
    TIM_OC2_SetConfig                        0x08003195   Thumb Code    84  stm32f1xx_hal_tim.o(i.TIM_OC2_SetConfig)
    UART_Start_Receive_DMA                   0x08003441   Thumb Code    98  stm32f1xx_hal_uart.o(i.UART_Start_Receive_DMA)
    Uart                                     0x08003515   Thumb Code    38  main.o(i.Uart)
    UsageFault_Handler                       0x0800356d   Thumb Code     2  stm32f1xx_it.o(i.UsageFault_Handler)
    __ARM_fpclassify                         0x0800356f   Thumb Code    40  fpclassify.o(i.__ARM_fpclassify)
    __kernel_poly                            0x080035b7   Thumb Code   170  poly.o(i.__kernel_poly)
    __mathlib_dbl_divzero                    0x08003661   Thumb Code    12  dunder.o(i.__mathlib_dbl_divzero)
    __mathlib_dbl_infnan2                    0x08003671   Thumb Code     4  dunder.o(i.__mathlib_dbl_infnan2)
    __mathlib_dbl_invalid                    0x08003675   Thumb Code    12  dunder.o(i.__mathlib_dbl_invalid)
    __mathlib_dbl_overflow                   0x08003681   Thumb Code    14  dunder.o(i.__mathlib_dbl_overflow)
    __mathlib_dbl_underflow                  0x08003691   Thumb Code    10  dunder.o(i.__mathlib_dbl_underflow)
    _is_digit                                0x080036a1   Thumb Code    14  __printf_wp.o(i._is_digit)
    change_alarm                             0x080036b1   Thumb Code   156  ds18b20.o(i.change_alarm)
    change_sg90                              0x08003765   Thumb Code   258  sg90.o(i.change_sg90)
    delay                                    0x080038a1   Thumb Code    32  ds18b20.o(i.delay)
    fputc                                    0x080038c5   Thumb Code    20  uart.o(i.fputc)
    lcd_display_temp                         0x080038dd   Thumb Code   118  i2c-lcd.o(i.lcd_display_temp)
    lcd_init                                 0x08003989   Thumb Code   120  i2c-lcd.o(i.lcd_init)
    lcd_put_cur                              0x08003a01   Thumb Code    24  i2c-lcd.o(i.lcd_put_cur)
    lcd_send_cmd                             0x08003a19   Thumb Code    58  i2c-lcd.o(i.lcd_send_cmd)
    lcd_send_data                            0x08003a59   Thumb Code    58  i2c-lcd.o(i.lcd_send_data)
    lcd_send_string                          0x08003a99   Thumb Code    20  i2c-lcd.o(i.lcd_send_string)
    main                                     0x08003aad   Thumb Code   172  main.o(i.main)
    osDelay                                  0x08003b6d   Thumb Code    14  cmsis_os.o(i.osDelay)
    osKernelStart                            0x08003b7b   Thumb Code    10  cmsis_os.o(i.osKernelStart)
    osThreadCreate                           0x08003b85   Thumb Code    84  cmsis_os.o(i.osThreadCreate)
    pow                                      0x08003bd9   Thumb Code  2512  pow.o(i.pow)
    pvPortMalloc                             0x080048f5   Thumb Code   210  heap_4.o(i.pvPortMalloc)
    pxPortInitialiseStack                    0x080049cd   Thumb Code    32  port.o(i.pxPortInitialiseStack)
    read_temp_ds18b20                        0x080049f1   Thumb Code    98  ds18b20.o(i.read_temp_ds18b20)
    set_alarm_led                            0x08004a59   Thumb Code    50  ds18b20.o(i.set_alarm_led)
    sqrt                                     0x08004ab1   Thumb Code    76  sqrt.o(i.sqrt)
    user_pwm_setvalue                        0x08004afd   Thumb Code    92  sg90.o(i.user_pwm_setvalue)
    uxListRemove                             0x08004bf1   Thumb Code    38  list.o(i.uxListRemove)
    vApplicationGetIdleTaskMemory            0x08004c19   Thumb Code    16  freertos.o(i.vApplicationGetIdleTaskMemory)
    vListInitialise                          0x08004c2d   Thumb Code    22  list.o(i.vListInitialise)
    vListInitialiseItem                      0x08004c43   Thumb Code     6  list.o(i.vListInitialiseItem)
    vListInsert                              0x08004c49   Thumb Code    48  list.o(i.vListInsert)
    vListInsertEnd                           0x08004c79   Thumb Code    24  list.o(i.vListInsertEnd)
    vPortEnterCritical                       0x08004c91   Thumb Code    54  port.o(i.vPortEnterCritical)
    vPortExitCritical                        0x08004cd1   Thumb Code    34  port.o(i.vPortExitCritical)
    vPortFree                                0x08004cf9   Thumb Code    88  heap_4.o(i.vPortFree)
    vPortSetupTimerInterrupt                 0x08004d55   Thumb Code    32  port.o(i.vPortSetupTimerInterrupt)
    vTaskDelay                               0x08004d79   Thumb Code    66  tasks.o(i.vTaskDelay)
    vTaskStartScheduler                      0x08004dc5   Thumb Code    90  tasks.o(i.vTaskStartScheduler)
    vTaskSuspendAll                          0x08004e31   Thumb Code    10  tasks.o(i.vTaskSuspendAll)
    vTaskSwitchContext                       0x08004e41   Thumb Code    82  tasks.o(i.vTaskSwitchContext)
    xPortStartScheduler                      0x08004e9d   Thumb Code   154  port.o(i.xPortStartScheduler)
    xPortSysTickHandler                      0x08004f45   Thumb Code    38  port.o(i.xPortSysTickHandler)
    xTaskCreate                              0x08004f71   Thumb Code    90  tasks.o(i.xTaskCreate)
    xTaskCreateStatic                        0x08004fcb   Thumb Code    86  tasks.o(i.xTaskCreateStatic)
    xTaskGetSchedulerState                   0x08005021   Thumb Code    22  tasks.o(i.xTaskGetSchedulerState)
    xTaskIncrementTick                       0x0800503d   Thumb Code   192  tasks.o(i.xTaskIncrementTick)
    xTaskResumeAll                           0x08005105   Thumb Code   182  tasks.o(i.xTaskResumeAll)
    _get_lc_numeric                          0x080051c9   Thumb Code    44  lc_numeric_c.o(locale$$code)
    __aeabi_dadd                             0x080051f5   Thumb Code     0  daddsub_clz.o(x$fpl$dadd)
    _dadd                                    0x080051f5   Thumb Code   332  daddsub_clz.o(x$fpl$dadd)
    __fpl_dcheck_NaN1                        0x08005345   Thumb Code    10  dcheck1.o(x$fpl$dcheck1)
    __fpl_dcmp_Inf                           0x08005355   Thumb Code    24  dcmpi.o(x$fpl$dcmpinf)
    __aeabi_ddiv                             0x0800536d   Thumb Code     0  ddiv.o(x$fpl$ddiv)
    _ddiv                                    0x0800536d   Thumb Code   552  ddiv.o(x$fpl$ddiv)
    __aeabi_d2uiz                            0x0800561d   Thumb Code     0  dfixu.o(x$fpl$dfixu)
    _dfixu                                   0x0800561d   Thumb Code    90  dfixu.o(x$fpl$dfixu)
    __aeabi_i2d                              0x08005677   Thumb Code     0  dflt_clz.o(x$fpl$dflt)
    _dflt                                    0x08005677   Thumb Code    46  dflt_clz.o(x$fpl$dflt)
    __aeabi_ui2d                             0x080056a5   Thumb Code     0  dflt_clz.o(x$fpl$dfltu)
    _dfltu                                   0x080056a5   Thumb Code    38  dflt_clz.o(x$fpl$dfltu)
    __aeabi_cdcmple                          0x080056cd   Thumb Code     0  dleqf.o(x$fpl$dleqf)
    _dcmple                                  0x080056cd   Thumb Code   120  dleqf.o(x$fpl$dleqf)
    __fpl_dcmple_InfNaN                      0x0800572f   Thumb Code     0  dleqf.o(x$fpl$dleqf)
    __aeabi_dmul                             0x08005745   Thumb Code     0  dmul.o(x$fpl$dmul)
    _dmul                                    0x08005745   Thumb Code   332  dmul.o(x$fpl$dmul)
    __fpl_dnaninf                            0x08005899   Thumb Code   156  dnaninf.o(x$fpl$dnaninf)
    __fpl_dretinf                            0x08005935   Thumb Code    12  dretinf.o(x$fpl$dretinf)
    __aeabi_cdrcmple                         0x08005941   Thumb Code     0  drleqf.o(x$fpl$drleqf)
    _drcmple                                 0x08005941   Thumb Code   108  drleqf.o(x$fpl$drleqf)
    __aeabi_drsub                            0x080059ad   Thumb Code     0  daddsub_clz.o(x$fpl$drsb)
    _drsb                                    0x080059ad   Thumb Code    22  daddsub_clz.o(x$fpl$drsb)
    _dsqrt                                   0x080059c5   Thumb Code   456  dsqrt_noumaal.o(x$fpl$dsqrt)
    __aeabi_dsub                             0x08005b91   Thumb Code     0  daddsub_clz.o(x$fpl$dsub)
    _dsub                                    0x08005b91   Thumb Code   464  daddsub_clz.o(x$fpl$dsub)
    __aeabi_f2d                              0x08005d65   Thumb Code     0  f2d.o(x$fpl$f2d)
    _f2d                                     0x08005d65   Thumb Code    86  f2d.o(x$fpl$f2d)
    __aeabi_fadd                             0x08005dbd   Thumb Code     0  faddsub_clz.o(x$fpl$fadd)
    _fadd                                    0x08005dbd   Thumb Code   196  faddsub_clz.o(x$fpl$fadd)
    __fpl_fcheck_NaN1                        0x08005e81   Thumb Code     6  fcheck1.o(x$fpl$fcheck1)
    __fpl_fcmp_Inf                           0x08005e8d   Thumb Code    24  fcmpi.o(x$fpl$fcmpinf)
    __aeabi_fdiv                             0x08005ea5   Thumb Code     0  fdiv.o(x$fpl$fdiv)
    _fdiv                                    0x08005ea5   Thumb Code   384  fdiv.o(x$fpl$fdiv)
    __aeabi_f2uiz                            0x08006029   Thumb Code     0  ffixu.o(x$fpl$ffixu)
    _ffixu                                   0x08006029   Thumb Code    62  ffixu.o(x$fpl$ffixu)
    __aeabi_ui2f                             0x08006069   Thumb Code     0  fflt_clz.o(x$fpl$ffltu)
    _ffltu                                   0x08006069   Thumb Code    38  fflt_clz.o(x$fpl$ffltu)
    __aeabi_cfcmple                          0x08006091   Thumb Code     0  fleqf.o(x$fpl$fleqf)
    _fcmple                                  0x08006091   Thumb Code   104  fleqf.o(x$fpl$fleqf)
    __fpl_fcmple_InfNaN                      0x080060e3   Thumb Code     0  fleqf.o(x$fpl$fleqf)
    __aeabi_fmul                             0x080060f9   Thumb Code     0  fmul.o(x$fpl$fmul)
    _fmul                                    0x080060f9   Thumb Code   258  fmul.o(x$fpl$fmul)
    __fpl_fnaninf                            0x080061fb   Thumb Code   140  fnaninf.o(x$fpl$fnaninf)
    __fpl_fretinf                            0x08006287   Thumb Code    10  fretinf.o(x$fpl$fretinf)
    __aeabi_fsub                             0x08006291   Thumb Code     0  faddsub_clz.o(x$fpl$fsub)
    _fsub                                    0x08006291   Thumb Code   234  faddsub_clz.o(x$fpl$fsub)
    _printf_fp_dec                           0x0800637b   Thumb Code     4  printf1.o(x$fpl$printf1)
    __fpl_return_NaN                         0x0800637f   Thumb Code   100  retnan.o(x$fpl$retnan)
    __ARM_scalbn                             0x080063e3   Thumb Code    92  scalbn.o(x$fpl$scalbn)
    __ARM_scalbnf                            0x0800643f   Thumb Code    76  scalbnf.o(x$fpl$scalbnf)
    __fpl_cmpreturn                          0x0800648b   Thumb Code    48  trapv.o(x$fpl$trapveneer)
    __I$use$fp                               0x080064ba   Number         0  usenofp.o(x$fpl$usenofp)
    AHBPrescTable                            0x08006564   Data          16  system_stm32f1xx.o(.constdata)
    APBPrescTable                            0x08006574   Data           8  system_stm32f1xx.o(.constdata)
    __mathlib_zero                           0x08006608   Data           8  qnan.o(.constdata)
    Region$$Table$$Base                      0x08006700   Number         0  anon$$obj.o(Region$$Table)
    Region$$Table$$Limit                     0x08006720   Number         0  anon$$obj.o(Region$$Table)
    Presence                                 0x20000000   Data           1  ds18b20.o(.data)
    Temp_byte1                               0x20000001   Data           1  ds18b20.o(.data)
    Temp_byte2                               0x20000002   Data           1  ds18b20.o(.data)
    TEMP                                     0x20000004   Data           2  ds18b20.o(.data)
    __stdout                                 0x20000008   Data           4  uart.o(.data)
    check                                    0x2000000c   Data           1  main.o(.data)
    alarm_change                             0x2000000d   Data           1  main.o(.data)
    temp                                     0x20000010   Data           4  main.o(.data)
    ReadTempTaskHandle                       0x20000014   Data           4  main.o(.data)
    UartTaskHandle                           0x20000018   Data           4  main.o(.data)
    ControlSg90TaskHandle                    0x2000001c   Data           4  main.o(.data)
    AlarmChangeTaskHandle                    0x20000020   Data           4  main.o(.data)
    SendAlarmTaskHandle                      0x20000024   Data           4  main.o(.data)
    DisplayTempTaskHandle                    0x20000028   Data           4  main.o(.data)
    i                                        0x2000002c   Data           4  main.o(.data)
    alarm_temp                               0x20000030   Data           1  main.o(.data)
    ex_strlen                                0x20000031   Data           1  main.o(.data)
    pwm_value                                0x20000032   Data           2  main.o(.data)
    pwm_value_pre                            0x20000034   Data           2  main.o(.data)
    uwTickFreq                               0x20000038   Data           1  stm32f1xx_hal.o(.data)
    uwTickPrio                               0x2000003c   Data           4  stm32f1xx_hal.o(.data)
    uwTick                                   0x20000040   Data           4  stm32f1xx_hal.o(.data)
    SystemCoreClock                          0x20000044   Data           4  system_stm32f1xx.o(.data)
    pxCurrentTCB                             0x20000048   Data           4  tasks.o(.data)
    hi2c1                                    0x200000a8   Data          84  i2c-lcd.o(.bss)
    htim4                                    0x200000fc   Data          72  timer.o(.bss)
    huart2                                   0x20000144   Data          68  uart.o(.bss)
    hdma_usart2_rx                           0x20000188   Data          68  uart.o(.bss)
    ReadTempTaskBuffer                       0x200001cc   Data         512  main.o(.bss)
    ReadTempTaskControlBlock                 0x200003cc   Data          84  main.o(.bss)
    UartTaskBuffer                           0x20000420   Data         512  main.o(.bss)
    UartTaskControlBlock                     0x20000620   Data          84  main.o(.bss)
    ControlSg90TaskBuffer                    0x20000674   Data         512  main.o(.bss)
    ControlSg90TaskControlBlock              0x20000874   Data          84  main.o(.bss)
    AlarmChangeTaskBuffer                    0x200008c8   Data         512  main.o(.bss)
    AlarmChangeTaskControlBlock              0x20000ac8   Data          84  main.o(.bss)
    SendAlarmTaskBuffer                      0x20000b1c   Data         512  main.o(.bss)
    SendAlarmTaskControlBlock                0x20000d1c   Data          84  main.o(.bss)
    DisplayTempTaskBuffer                    0x20000d70   Data         512  main.o(.bss)
    DisplayTempTaskControlBlock              0x20000f70   Data          84  main.o(.bss)
    rxBuff                                   0x20000fc4   Data          50  main.o(.bss)
    __libspace_start                         0x20001f3c   Data          96  libspace.o(.bss)
    __temporary_stack_top$libspace           0x20001f9c   Data           0  libspace.o(.bss)



==============================================================================

Memory Map of the image

  Image Entry point : 0x080000ed

  Load Region LR_IROM1 (Base: 0x08000000, Size: 0x000067e4, Max: 0x00010000, ABSOLUTE)

    Execution Region ER_IROM1 (Exec base: 0x08000000, Load base: 0x08000000, Size: 0x0000673c, Max: 0x00010000, ABSOLUTE)

    Exec Addr    Load Addr    Size         Type   Attr      Idx    E Section Name        Object

    0x08000000   0x08000000   0x000000ec   Data   RO            3    RESET               startup_stm32f103xb.o
    0x080000ec   0x080000ec   0x00000008   Code   RO         4848  * !!!main             c_w.l(__main.o)
    0x080000f4   0x080000f4   0x00000034   Code   RO         5188    !!!scatter          c_w.l(__scatter.o)
    0x08000128   0x08000128   0x0000001a   Code   RO         5190    !!handler_copy      c_w.l(__scatter_copy.o)
    0x08000142   0x08000142   0x00000002   PAD
    0x08000144   0x08000144   0x0000001c   Code   RO         5192    !!handler_zi        c_w.l(__scatter_zi.o)
    0x08000160   0x08000160   0x00000000   Code   RO         4829    .ARM.Collect$$_printf_percent$$00000000  c_w.l(_printf_percent.o)
    0x08000160   0x08000160   0x00000006   Code   RO         4828    .ARM.Collect$$_printf_percent$$00000003  c_w.l(_printf_f.o)
    0x08000166   0x08000166   0x00000006   Code   RO         4827    .ARM.Collect$$_printf_percent$$00000009  c_w.l(_printf_d.o)
    0x0800016c   0x0800016c   0x00000006   Code   RO         4826    .ARM.Collect$$_printf_percent$$00000014  c_w.l(_printf_s.o)
    0x08000172   0x08000172   0x00000004   Code   RO         4923    .ARM.Collect$$_printf_percent$$00000017  c_w.l(_printf_percent_end.o)
    0x08000176   0x08000176   0x00000002   Code   RO         5057    .ARM.Collect$$libinit$$00000000  c_w.l(libinit.o)
    0x08000178   0x08000178   0x00000000   Code   RO         5059    .ARM.Collect$$libinit$$00000002  c_w.l(libinit2.o)
    0x08000178   0x08000178   0x00000000   Code   RO         5061    .ARM.Collect$$libinit$$00000004  c_w.l(libinit2.o)
    0x08000178   0x08000178   0x00000000   Code   RO         5064    .ARM.Collect$$libinit$$0000000A  c_w.l(libinit2.o)
    0x08000178   0x08000178   0x00000000   Code   RO         5066    .ARM.Collect$$libinit$$0000000C  c_w.l(libinit2.o)
    0x08000178   0x08000178   0x00000000   Code   RO         5068    .ARM.Collect$$libinit$$0000000E  c_w.l(libinit2.o)
    0x08000178   0x08000178   0x00000006   Code   RO         5069    .ARM.Collect$$libinit$$0000000F  c_w.l(libinit2.o)
    0x0800017e   0x0800017e   0x00000000   Code   RO         5071    .ARM.Collect$$libinit$$00000011  c_w.l(libinit2.o)
    0x0800017e   0x0800017e   0x00000000   Code   RO         5073    .ARM.Collect$$libinit$$00000013  c_w.l(libinit2.o)
    0x0800017e   0x0800017e   0x00000000   Code   RO         5075    .ARM.Collect$$libinit$$00000015  c_w.l(libinit2.o)
    0x0800017e   0x0800017e   0x0000000a   Code   RO         5076    .ARM.Collect$$libinit$$00000016  c_w.l(libinit2.o)
    0x08000188   0x08000188   0x00000000   Code   RO         5077    .ARM.Collect$$libinit$$00000017  c_w.l(libinit2.o)
    0x08000188   0x08000188   0x00000000   Code   RO         5079    .ARM.Collect$$libinit$$00000019  c_w.l(libinit2.o)
    0x08000188   0x08000188   0x00000000   Code   RO         5081    .ARM.Collect$$libinit$$0000001B  c_w.l(libinit2.o)
    0x08000188   0x08000188   0x00000000   Code   RO         5083    .ARM.Collect$$libinit$$0000001D  c_w.l(libinit2.o)
    0x08000188   0x08000188   0x00000000   Code   RO         5085    .ARM.Collect$$libinit$$0000001F  c_w.l(libinit2.o)
    0x08000188   0x08000188   0x00000000   Code   RO         5087    .ARM.Collect$$libinit$$00000021  c_w.l(libinit2.o)
    0x08000188   0x08000188   0x00000000   Code   RO         5089    .ARM.Collect$$libinit$$00000023  c_w.l(libinit2.o)
    0x08000188   0x08000188   0x00000000   Code   RO         5091    .ARM.Collect$$libinit$$00000025  c_w.l(libinit2.o)
    0x08000188   0x08000188   0x00000000   Code   RO         5095    .ARM.Collect$$libinit$$0000002C  c_w.l(libinit2.o)
    0x08000188   0x08000188   0x00000000   Code   RO         5097    .ARM.Collect$$libinit$$0000002E  c_w.l(libinit2.o)
    0x08000188   0x08000188   0x00000000   Code   RO         5099    .ARM.Collect$$libinit$$00000030  c_w.l(libinit2.o)
    0x08000188   0x08000188   0x00000000   Code   RO         5101    .ARM.Collect$$libinit$$00000032  c_w.l(libinit2.o)
    0x08000188   0x08000188   0x00000002   Code   RO         5102    .ARM.Collect$$libinit$$00000033  c_w.l(libinit2.o)
    0x0800018a   0x0800018a   0x00000002   Code   RO         5136    .ARM.Collect$$libshutdown$$00000000  c_w.l(libshutdown.o)
    0x0800018c   0x0800018c   0x00000000   Code   RO         5147    .ARM.Collect$$libshutdown$$00000002  c_w.l(libshutdown2.o)
    0x0800018c   0x0800018c   0x00000000   Code   RO         5149    .ARM.Collect$$libshutdown$$00000004  c_w.l(libshutdown2.o)
    0x0800018c   0x0800018c   0x00000000   Code   RO         5152    .ARM.Collect$$libshutdown$$00000007  c_w.l(libshutdown2.o)
    0x0800018c   0x0800018c   0x00000000   Code   RO         5155    .ARM.Collect$$libshutdown$$0000000A  c_w.l(libshutdown2.o)
    0x0800018c   0x0800018c   0x00000000   Code   RO         5157    .ARM.Collect$$libshutdown$$0000000C  c_w.l(libshutdown2.o)
    0x0800018c   0x0800018c   0x00000000   Code   RO         5160    .ARM.Collect$$libshutdown$$0000000F  c_w.l(libshutdown2.o)
    0x0800018c   0x0800018c   0x00000002   Code   RO         5161    .ARM.Collect$$libshutdown$$00000010  c_w.l(libshutdown2.o)
    0x0800018e   0x0800018e   0x00000000   Code   RO         4908    .ARM.Collect$$rtentry$$00000000  c_w.l(__rtentry.o)
    0x0800018e   0x0800018e   0x00000000   Code   RO         4973    .ARM.Collect$$rtentry$$00000002  c_w.l(__rtentry2.o)
    0x0800018e   0x0800018e   0x00000006   Code   RO         4985    .ARM.Collect$$rtentry$$00000004  c_w.l(__rtentry4.o)
    0x08000194   0x08000194   0x00000000   Code   RO         4975    .ARM.Collect$$rtentry$$00000009  c_w.l(__rtentry2.o)
    0x08000194   0x08000194   0x00000004   Code   RO         4976    .ARM.Collect$$rtentry$$0000000A  c_w.l(__rtentry2.o)
    0x08000198   0x08000198   0x00000000   Code   RO         4978    .ARM.Collect$$rtentry$$0000000C  c_w.l(__rtentry2.o)
    0x08000198   0x08000198   0x00000008   Code   RO         4979    .ARM.Collect$$rtentry$$0000000D  c_w.l(__rtentry2.o)
    0x080001a0   0x080001a0   0x00000002   Code   RO         5107    .ARM.Collect$$rtexit$$00000000  c_w.l(rtexit.o)
    0x080001a2   0x080001a2   0x00000000   Code   RO         5114    .ARM.Collect$$rtexit$$00000002  c_w.l(rtexit2.o)
    0x080001a2   0x080001a2   0x00000004   Code   RO         5115    .ARM.Collect$$rtexit$$00000003  c_w.l(rtexit2.o)
    0x080001a6   0x080001a6   0x00000006   Code   RO         5116    .ARM.Collect$$rtexit$$00000004  c_w.l(rtexit2.o)
    0x080001ac   0x080001ac   0x00000096   Code   RO         4709    .emb_text           port.o
    0x08000242   0x08000242   0x00000002   PAD
    0x08000244   0x08000244   0x00000040   Code   RO            4    .text               startup_stm32f103xb.o
    0x08000284   0x08000284   0x00000018   Code   RO         4794    .text               c_w.l(noretval__2printf.o)
    0x0800029c   0x0800029c   0x00000028   Code   RO         4796    .text               c_w.l(noretval__2sprintf.o)
    0x080002c4   0x080002c4   0x0000004e   Code   RO         4800    .text               c_w.l(_printf_pad.o)
    0x08000312   0x08000312   0x00000052   Code   RO         4802    .text               c_w.l(_printf_str.o)
    0x08000364   0x08000364   0x00000078   Code   RO         4804    .text               c_w.l(_printf_dec.o)
    0x080003dc   0x080003dc   0x0000010e   Code   RO         4814    .text               c_w.l(__printf_wp.o)
    0x080004ea   0x080004ea   0x0000003e   Code   RO         4830    .text               c_w.l(strlen.o)
    0x08000528   0x08000528   0x00000064   Code   RO         4834    .text               c_w.l(rt_memcpy_w.o)
    0x0800058c   0x0800058c   0x00000044   Code   RO         4838    .text               c_w.l(rt_memclr.o)
    0x080005d0   0x080005d0   0x0000004e   Code   RO         4840    .text               c_w.l(rt_memclr_w.o)
    0x0800061e   0x0800061e   0x00000056   Code   RO         4842    .text               c_w.l(strncpy.o)
    0x08000674   0x08000674   0x00000080   Code   RO         4844    .text               c_w.l(strcmpv7m.o)
    0x080006f4   0x080006f4   0x00000006   Code   RO         4846    .text               c_w.l(heapauxi.o)
    0x080006fa   0x080006fa   0x00000016   Code   RO         4909    .text               c_w.l(_rserrno.o)
    0x08000710   0x08000710   0x000000b2   Code   RO         4911    .text               c_w.l(_printf_intcommon.o)
    0x080007c2   0x080007c2   0x0000041e   Code   RO         4913    .text               c_w.l(_printf_fp_dec.o)
    0x08000be0   0x08000be0   0x00000030   Code   RO         4915    .text               c_w.l(_printf_char_common.o)
    0x08000c10   0x08000c10   0x0000000a   Code   RO         4917    .text               c_w.l(_sputc.o)
    0x08000c1a   0x08000c1a   0x0000002c   Code   RO         4919    .text               c_w.l(_printf_char.o)
    0x08000c46   0x08000c46   0x00000002   PAD
    0x08000c48   0x08000c48   0x00000024   Code   RO         4921    .text               c_w.l(_printf_char_file.o)
    0x08000c6c   0x08000c6c   0x00000008   Code   RO         4990    .text               c_w.l(rt_locale_intlibspace.o)
    0x08000c74   0x08000c74   0x00000008   Code   RO         4995    .text               c_w.l(rt_errno_addr_intlibspace.o)
    0x08000c7c   0x08000c7c   0x0000008a   Code   RO         4997    .text               c_w.l(lludiv10.o)
    0x08000d06   0x08000d06   0x00000002   PAD
    0x08000d08   0x08000d08   0x00000080   Code   RO         4999    .text               c_w.l(_printf_fp_infnan.o)
    0x08000d88   0x08000d88   0x000000e4   Code   RO         5003    .text               c_w.l(bigflt0.o)
    0x08000e6c   0x08000e6c   0x00000008   Code   RO         5028    .text               c_w.l(ferror.o)
    0x08000e74   0x08000e74   0x00000008   Code   RO         5045    .text               c_w.l(libspace.o)
    0x08000e7c   0x08000e7c   0x0000004a   Code   RO         5048    .text               c_w.l(sys_stackheap_outer.o)
    0x08000ec6   0x08000ec6   0x00000012   Code   RO         5050    .text               c_w.l(exit.o)
    0x08000ed8   0x08000ed8   0x0000000c   Code   RO         5126    .text               c_w.l(sys_exit.o)
    0x08000ee4   0x08000ee4   0x00000002   Code   RO         5137    .text               c_w.l(use_no_semi.o)
    0x08000ee6   0x08000ee6   0x00000000   Code   RO         5139    .text               c_w.l(indicate_semi.o)
    0x08000ee6   0x08000ee6   0x0000003e   Code   RO         5006    CL$$btod_d2e        c_w.l(btod.o)
    0x08000f24   0x08000f24   0x00000046   Code   RO         5008    CL$$btod_d2e_denorm_low  c_w.l(btod.o)
    0x08000f6a   0x08000f6a   0x00000060   Code   RO         5007    CL$$btod_d2e_norm_op1  c_w.l(btod.o)
    0x08000fca   0x08000fca   0x00000338   Code   RO         5016    CL$$btod_div_common  c_w.l(btod.o)
    0x08001302   0x08001302   0x000000dc   Code   RO         5013    CL$$btod_e2e        c_w.l(btod.o)
    0x080013de   0x080013de   0x0000002a   Code   RO         5010    CL$$btod_ediv       c_w.l(btod.o)
    0x08001408   0x08001408   0x0000002a   Code   RO         5009    CL$$btod_emul       c_w.l(btod.o)
    0x08001432   0x08001432   0x00000244   Code   RO         5015    CL$$btod_mult_common  c_w.l(btod.o)
    0x08001676   0x08001676   0x00000010   Code   RO          398    i.AlarmChange       main.o
    0x08001686   0x08001686   0x00000002   Code   RO          574    i.BusFault_Handler  stm32f1xx_it.o
    0x08001688   0x08001688   0x00000010   Code   RO          399    i.ControlSg90       main.o
    0x08001698   0x08001698   0x0000000c   Code   RO          575    i.DMA1_Channel6_IRQHandler  stm32f1xx_it.o
    0x080016a4   0x080016a4   0x0000002a   Code   RO         1125    i.DMA_SetConfig     stm32f1xx_hal_dma.o
    0x080016ce   0x080016ce   0x00000002   PAD
    0x080016d0   0x080016d0   0x00000064   Code   RO           13    i.DS18B20_Read      ds18b20.o
    0x08001734   0x08001734   0x0000005c   Code   RO           14    i.DS18B20_Start     ds18b20.o
    0x08001790   0x08001790   0x00000078   Code   RO           15    i.DS18B20_Write     ds18b20.o
    0x08001808   0x08001808   0x00000002   Code   RO          576    i.DebugMon_Handler  stm32f1xx_it.o
    0x0800180a   0x0800180a   0x00000010   Code   RO          400    i.DisplayTemp       main.o
    0x0800181a   0x0800181a   0x00000004   Code   RO          401    i.Error_Handler     main.o
    0x0800181e   0x0800181e   0x00000002   PAD
    0x08001820   0x08001820   0x00000154   Code   RO         1131    i.HAL_DMA_IRQHandler  stm32f1xx_hal_dma.o
    0x08001974   0x08001974   0x0000005c   Code   RO         1132    i.HAL_DMA_Init      stm32f1xx_hal_dma.o
    0x080019d0   0x080019d0   0x00000070   Code   RO         1136    i.HAL_DMA_Start_IT  stm32f1xx_hal_dma.o
    0x08001a40   0x08001a40   0x00000024   Code   RO          754    i.HAL_Delay         stm32f1xx_hal.o
    0x08001a64   0x08001a64   0x000001e0   Code   RO         1062    i.HAL_GPIO_Init     stm32f1xx_hal_gpio.o
    0x08001c44   0x08001c44   0x0000000a   Code   RO         1064    i.HAL_GPIO_ReadPin  stm32f1xx_hal_gpio.o
    0x08001c4e   0x08001c4e   0x0000000a   Code   RO         1066    i.HAL_GPIO_WritePin  stm32f1xx_hal_gpio.o
    0x08001c58   0x08001c58   0x0000000c   Code   RO          758    i.HAL_GetTick       stm32f1xx_hal.o
    0x08001c64   0x08001c64   0x00000188   Code   RO         1733    i.HAL_I2C_Init      stm32f1xx_hal_i2c.o
    0x08001dec   0x08001dec   0x0000012c   Code   RO         1746    i.HAL_I2C_Master_Transmit  stm32f1xx_hal_i2c.o
    0x08001f18   0x08001f18   0x00000070   Code   RO          645    i.HAL_I2C_MspInit   stm32f1xx_hal_msp.o
    0x08001f88   0x08001f88   0x00000010   Code   RO          764    i.HAL_IncTick       stm32f1xx_hal.o
    0x08001f98   0x08001f98   0x00000024   Code   RO          765    i.HAL_Init          stm32f1xx_hal.o
    0x08001fbc   0x08001fbc   0x00000040   Code   RO          766    i.HAL_InitTick      stm32f1xx_hal.o
    0x08001ffc   0x08001ffc   0x00000048   Code   RO          646    i.HAL_MspInit       stm32f1xx_hal_msp.o
    0x08002044   0x08002044   0x0000001a   Code   RO         1222    i.HAL_NVIC_EnableIRQ  stm32f1xx_hal_cortex.o
    0x0800205e   0x0800205e   0x00000002   PAD
    0x08002060   0x08002060   0x00000040   Code   RO         1228    i.HAL_NVIC_SetPriority  stm32f1xx_hal_cortex.o
    0x080020a0   0x080020a0   0x00000024   Code   RO         1229    i.HAL_NVIC_SetPriorityGrouping  stm32f1xx_hal_cortex.o
    0x080020c4   0x080020c4   0x0000012c   Code   RO          922    i.HAL_RCC_ClockConfig  stm32f1xx_hal_rcc.o
    0x080021f0   0x080021f0   0x0000000c   Code   RO          927    i.HAL_RCC_GetHCLKFreq  stm32f1xx_hal_rcc.o
    0x080021fc   0x080021fc   0x00000020   Code   RO          929    i.HAL_RCC_GetPCLK1Freq  stm32f1xx_hal_rcc.o
    0x0800221c   0x0800221c   0x00000020   Code   RO          930    i.HAL_RCC_GetPCLK2Freq  stm32f1xx_hal_rcc.o
    0x0800223c   0x0800223c   0x0000006c   Code   RO          931    i.HAL_RCC_GetSysClockFreq  stm32f1xx_hal_rcc.o
    0x080022a8   0x080022a8   0x00000320   Code   RO          934    i.HAL_RCC_OscConfig  stm32f1xx_hal_rcc.o
    0x080025c8   0x080025c8   0x00000028   Code   RO         1233    i.HAL_SYSTICK_Config  stm32f1xx_hal_cortex.o
    0x080025f0   0x080025f0   0x00000068   Code   RO         2879    i.HAL_TIMEx_MasterConfigSynchronization  stm32f1xx_hal_tim_ex.o
    0x08002658   0x08002658   0x0000004c   Code   RO          647    i.HAL_TIM_MspPostInit  stm32f1xx_hal_msp.o
    0x080026a4   0x080026a4   0x000000c6   Code   RO         2228    i.HAL_TIM_PWM_ConfigChannel  stm32f1xx_hal_tim.o
    0x0800276a   0x0800276a   0x0000005a   Code   RO         2231    i.HAL_TIM_PWM_Init  stm32f1xx_hal_tim.o
    0x080027c4   0x080027c4   0x00000028   Code   RO          649    i.HAL_TIM_PWM_MspInit  stm32f1xx_hal_msp.o
    0x080027ec   0x080027ec   0x0000009c   Code   RO         2236    i.HAL_TIM_PWM_Start  stm32f1xx_hal_tim.o
    0x08002888   0x08002888   0x00000070   Code   RO         2239    i.HAL_TIM_PWM_Stop  stm32f1xx_hal_tim.o
    0x080028f8   0x080028f8   0x00000002   Code   RO         3138    i.HAL_UARTEx_RxEventCallback  stm32f1xx_hal_uart.o
    0x080028fa   0x080028fa   0x00000002   Code   RO         3152    i.HAL_UART_ErrorCallback  stm32f1xx_hal_uart.o
    0x080028fc   0x080028fc   0x00000062   Code   RO         3156    i.HAL_UART_Init     stm32f1xx_hal_uart.o
    0x0800295e   0x0800295e   0x00000002   PAD
    0x08002960   0x08002960   0x000000a0   Code   RO          651    i.HAL_UART_MspInit  stm32f1xx_hal_msp.o
    0x08002a00   0x08002a00   0x0000002a   Code   RO         3160    i.HAL_UART_Receive_DMA  stm32f1xx_hal_uart.o
    0x08002a2a   0x08002a2a   0x00000002   Code   RO         3162    i.HAL_UART_RxCpltCallback  stm32f1xx_hal_uart.o
    0x08002a2c   0x08002a2c   0x00000002   Code   RO         3163    i.HAL_UART_RxHalfCpltCallback  stm32f1xx_hal_uart.o
    0x08002a2e   0x08002a2e   0x00000002   PAD
    0x08002a30   0x08002a30   0x000000b2   Code   RO         3164    i.HAL_UART_Transmit  stm32f1xx_hal_uart.o
    0x08002ae2   0x08002ae2   0x00000002   Code   RO          577    i.HardFault_Handler  stm32f1xx_it.o
    0x08002ae4   0x08002ae4   0x0000002e   Code   RO         1775    i.I2C_IsAcknowledgeFailed  stm32f1xx_hal_i2c.o
    0x08002b12   0x08002b12   0x00000002   PAD
    0x08002b14   0x08002b14   0x0000009c   Code   RO         1779    i.I2C_MasterRequestWrite  stm32f1xx_hal_i2c.o
    0x08002bb0   0x08002bb0   0x0000004c   Code   RO         1790    i.I2C_WaitOnBTFFlagUntilTimeout  stm32f1xx_hal_i2c.o
    0x08002bfc   0x08002bfc   0x00000068   Code   RO         1791    i.I2C_WaitOnFlagUntilTimeout  stm32f1xx_hal_i2c.o
    0x08002c64   0x08002c64   0x00000096   Code   RO         1792    i.I2C_WaitOnMasterAddressFlagUntilTimeout  stm32f1xx_hal_i2c.o
    0x08002cfa   0x08002cfa   0x0000004c   Code   RO         1794    i.I2C_WaitOnTXEFlagUntilTimeout  stm32f1xx_hal_i2c.o
    0x08002d46   0x08002d46   0x00000002   PAD
    0x08002d48   0x08002d48   0x0000002c   Code   RO          339    i.MX_DMA_Init       uart.o
    0x08002d74   0x08002d74   0x00000080   Code   RO          340    i.MX_GPIO_Init      uart.o
    0x08002df4   0x08002df4   0x00000040   Code   RO          195    i.MX_I2C1_Init      i2c-lcd.o
    0x08002e34   0x08002e34   0x00000070   Code   RO          303    i.MX_TIM4_Init      timer.o
    0x08002ea4   0x08002ea4   0x00000044   Code   RO          341    i.MX_USART2_UART_Init  uart.o
    0x08002ee8   0x08002ee8   0x00000002   Code   RO          578    i.MemManage_Handler  stm32f1xx_it.o
    0x08002eea   0x08002eea   0x00000002   Code   RO          579    i.NMI_Handler       stm32f1xx_it.o
    0x08002eec   0x08002eec   0x00000100   Code   RO          342    i.RX_handle         uart.o
    0x08002fec   0x08002fec   0x00000018   Code   RO          402    i.ReadTemp          main.o
    0x08003004   0x08003004   0x00000010   Code   RO          403    i.SendAlarm         main.o
    0x08003014   0x08003014   0x00000016   Code   RO           16    i.Set_Pin_Intput    ds18b20.o
    0x0800302a   0x0800302a   0x00000018   Code   RO           17    i.Set_Pin_Output    ds18b20.o
    0x08003042   0x08003042   0x00000018   Code   RO          580    i.SysTick_Handler   stm32f1xx_it.o
    0x0800305a   0x0800305a   0x0000005e   Code   RO          304    i.SystemClock_Config  timer.o
    0x080030b8   0x080030b8   0x00000002   Code   RO         3485    i.SystemInit        system_stm32f1xx.o
    0x080030ba   0x080030ba   0x00000002   PAD
    0x080030bc   0x080030bc   0x0000006c   Code   RO         2249    i.TIM_Base_SetConfig  stm32f1xx_hal_tim.o
    0x08003128   0x08003128   0x0000001a   Code   RO         2250    i.TIM_CCxChannelCmd  stm32f1xx_hal_tim.o
    0x08003142   0x08003142   0x00000002   PAD
    0x08003144   0x08003144   0x00000050   Code   RO         2262    i.TIM_OC1_SetConfig  stm32f1xx_hal_tim.o
    0x08003194   0x08003194   0x00000058   Code   RO         2263    i.TIM_OC2_SetConfig  stm32f1xx_hal_tim.o
    0x080031ec   0x080031ec   0x00000058   Code   RO         2264    i.TIM_OC3_SetConfig  stm32f1xx_hal_tim.o
    0x08003244   0x08003244   0x00000044   Code   RO         2265    i.TIM_OC4_SetConfig  stm32f1xx_hal_tim.o
    0x08003288   0x08003288   0x0000004a   Code   RO         3170    i.UART_DMAError     stm32f1xx_hal_uart.o
    0x080032d2   0x080032d2   0x0000005a   Code   RO         3171    i.UART_DMAReceiveCplt  stm32f1xx_hal_uart.o
    0x0800332c   0x0800332c   0x0000001a   Code   RO         3173    i.UART_DMARxHalfCplt  stm32f1xx_hal_uart.o
    0x08003346   0x08003346   0x00000030   Code   RO         3179    i.UART_EndRxTransfer  stm32f1xx_hal_uart.o
    0x08003376   0x08003376   0x00000012   Code   RO         3180    i.UART_EndTxTransfer  stm32f1xx_hal_uart.o
    0x08003388   0x08003388   0x000000b8   Code   RO         3182    i.UART_SetConfig    stm32f1xx_hal_uart.o
    0x08003440   0x08003440   0x00000070   Code   RO         3183    i.UART_Start_Receive_DMA  stm32f1xx_hal_uart.o
    0x080034b0   0x080034b0   0x00000064   Code   RO         3185    i.UART_WaitOnFlagUntilTimeout  stm32f1xx_hal_uart.o
    0x08003514   0x08003514   0x00000058   Code   RO          404    i.Uart              main.o
    0x0800356c   0x0800356c   0x00000002   Code   RO          581    i.UsageFault_Handler  stm32f1xx_it.o
    0x0800356e   0x0800356e   0x00000028   Code   RO         4959    i.__ARM_fpclassify  m_ws.l(fpclassify.o)
    0x08003596   0x08003596   0x00000020   Code   RO         1235    i.__NVIC_SetPriority  stm32f1xx_hal_cortex.o
    0x080035b6   0x080035b6   0x000000aa   Code   RO         4961    i.__kernel_poly     m_ws.l(poly.o)
    0x08003660   0x08003660   0x00000010   Code   RO         4945    i.__mathlib_dbl_divzero  m_ws.l(dunder.o)
    0x08003670   0x08003670   0x00000004   Code   RO         4947    i.__mathlib_dbl_infnan2  m_ws.l(dunder.o)
    0x08003674   0x08003674   0x0000000c   Code   RO         4948    i.__mathlib_dbl_invalid  m_ws.l(dunder.o)
    0x08003680   0x08003680   0x0000000e   Code   RO         4949    i.__mathlib_dbl_overflow  m_ws.l(dunder.o)
    0x0800368e   0x0800368e   0x00000002   PAD
    0x08003690   0x08003690   0x00000010   Code   RO         4951    i.__mathlib_dbl_underflow  m_ws.l(dunder.o)
    0x080036a0   0x080036a0   0x0000000e   Code   RO         4816    i._is_digit         c_w.l(__printf_wp.o)
    0x080036ae   0x080036ae   0x00000002   PAD
    0x080036b0   0x080036b0   0x000000b4   Code   RO           18    i.change_alarm      ds18b20.o
    0x08003764   0x08003764   0x0000013c   Code   RO          266    i.change_sg90       sg90.o
    0x080038a0   0x080038a0   0x00000024   Code   RO           19    i.delay             ds18b20.o
    0x080038c4   0x080038c4   0x00000018   Code   RO          343    i.fputc             uart.o
    0x080038dc   0x080038dc   0x000000ac   Code   RO          197    i.lcd_display_temp  i2c-lcd.o
    0x08003988   0x08003988   0x00000078   Code   RO          198    i.lcd_init          i2c-lcd.o
    0x08003a00   0x08003a00   0x00000018   Code   RO          199    i.lcd_put_cur       i2c-lcd.o
    0x08003a18   0x08003a18   0x00000040   Code   RO          200    i.lcd_send_cmd      i2c-lcd.o
    0x08003a58   0x08003a58   0x00000040   Code   RO          201    i.lcd_send_data     i2c-lcd.o
    0x08003a98   0x08003a98   0x00000014   Code   RO          202    i.lcd_send_string   i2c-lcd.o
    0x08003aac   0x08003aac   0x000000b4   Code   RO          405    i.main              main.o
    0x08003b60   0x08003b60   0x0000000c   Code   RO         4281    i.makeFreeRtosPriority  cmsis_os.o
    0x08003b6c   0x08003b6c   0x0000000e   Code   RO         4283    i.osDelay           cmsis_os.o
    0x08003b7a   0x08003b7a   0x0000000a   Code   RO         4286    i.osKernelStart     cmsis_os.o
    0x08003b84   0x08003b84   0x00000054   Code   RO         4320    i.osThreadCreate    cmsis_os.o
    0x08003bd8   0x08003bd8   0x000009d8   Code   RO         4899    i.pow               m_ws.l(pow.o)
    0x080045b0   0x080045b0   0x00000070   Code   RO         3978    i.prvAddCurrentTaskToDelayedList  tasks.o
    0x08004620   0x08004620   0x000000d0   Code   RO         3979    i.prvAddNewTaskToReadyList  tasks.o
    0x080046f0   0x080046f0   0x00000034   Code   RO         3980    i.prvDeleteTCB      tasks.o
    0x08004724   0x08004724   0x0000004c   Code   RO         4648    i.prvHeapInit       heap_4.o
    0x08004770   0x08004770   0x00000060   Code   RO         3981    i.prvIdleTask       tasks.o
    0x080047d0   0x080047d0   0x0000008e   Code   RO         3982    i.prvInitialiseNewTask  tasks.o
    0x0800485e   0x0800485e   0x00000002   PAD
    0x08004860   0x08004860   0x0000004c   Code   RO         4649    i.prvInsertBlockIntoFreeList  heap_4.o
    0x080048ac   0x080048ac   0x00000020   Code   RO         3983    i.prvResetNextTaskUnblockTime  tasks.o
    0x080048cc   0x080048cc   0x00000028   Code   RO         4710    i.prvTaskExitError  port.o
    0x080048f4   0x080048f4   0x000000d8   Code   RO         4650    i.pvPortMalloc      heap_4.o
    0x080049cc   0x080049cc   0x00000024   Code   RO         4711    i.pxPortInitialiseStack  port.o
    0x080049f0   0x080049f0   0x00000068   Code   RO           20    i.read_temp_ds18b20  ds18b20.o
    0x08004a58   0x08004a58   0x00000058   Code   RO           21    i.set_alarm_led     ds18b20.o
    0x08004ab0   0x08004ab0   0x0000004c   Code   RO         4965    i.sqrt              m_ws.l(sqrt.o)
    0x08004afc   0x08004afc   0x000000f4   Code   RO          267    i.user_pwm_setvalue  sg90.o
    0x08004bf0   0x08004bf0   0x00000026   Code   RO         3623    i.uxListRemove      list.o
    0x08004c16   0x08004c16   0x00000002   PAD
    0x08004c18   0x08004c18   0x00000014   Code   RO          540    i.vApplicationGetIdleTaskMemory  freertos.o
    0x08004c2c   0x08004c2c   0x00000016   Code   RO         3624    i.vListInitialise   list.o
    0x08004c42   0x08004c42   0x00000006   Code   RO         3625    i.vListInitialiseItem  list.o
    0x08004c48   0x08004c48   0x00000030   Code   RO         3626    i.vListInsert       list.o
    0x08004c78   0x08004c78   0x00000018   Code   RO         3627    i.vListInsertEnd    list.o
    0x08004c90   0x08004c90   0x00000040   Code   RO         4713    i.vPortEnterCritical  port.o
    0x08004cd0   0x08004cd0   0x00000028   Code   RO         4714    i.vPortExitCritical  port.o
    0x08004cf8   0x08004cf8   0x0000005c   Code   RO         4651    i.vPortFree         heap_4.o
    0x08004d54   0x08004d54   0x00000024   Code   RO         4715    i.vPortSetupTimerInterrupt  port.o
    0x08004d78   0x08004d78   0x0000004c   Code   RO         3991    i.vTaskDelay        tasks.o
    0x08004dc4   0x08004dc4   0x0000006c   Code   RO         4004    i.vTaskStartScheduler  tasks.o
    0x08004e30   0x08004e30   0x00000010   Code   RO         4006    i.vTaskSuspendAll   tasks.o
    0x08004e40   0x08004e40   0x0000005c   Code   RO         4007    i.vTaskSwitchContext  tasks.o
    0x08004e9c   0x08004e9c   0x000000a8   Code   RO         4717    i.xPortStartScheduler  port.o
    0x08004f44   0x08004f44   0x0000002c   Code   RO         4718    i.xPortSysTickHandler  port.o
    0x08004f70   0x08004f70   0x0000005a   Code   RO         4009    i.xTaskCreate       tasks.o
    0x08004fca   0x08004fca   0x00000056   Code   RO         4010    i.xTaskCreateStatic  tasks.o
    0x08005020   0x08005020   0x0000001c   Code   RO         4014    i.xTaskGetSchedulerState  tasks.o
    0x0800503c   0x0800503c   0x000000c8   Code   RO         4017    i.xTaskIncrementTick  tasks.o
    0x08005104   0x08005104   0x000000c4   Code   RO         4023    i.xTaskResumeAll    tasks.o
    0x080051c8   0x080051c8   0x0000002c   Code   RO         5033    locale$$code        c_w.l(lc_numeric_c.o)
    0x080051f4   0x080051f4   0x00000150   Code   RO         4850    x$fpl$dadd          fz_ws.l(daddsub_clz.o)
    0x08005344   0x08005344   0x00000010   Code   RO         5035    x$fpl$dcheck1       fz_ws.l(dcheck1.o)
    0x08005354   0x08005354   0x00000018   Code   RO         5103    x$fpl$dcmpinf       fz_ws.l(dcmpi.o)
    0x0800536c   0x0800536c   0x000002b0   Code   RO         4925    x$fpl$ddiv          fz_ws.l(ddiv.o)
    0x0800561c   0x0800561c   0x0000005a   Code   RO         4856    x$fpl$dfixu         fz_ws.l(dfixu.o)
    0x08005676   0x08005676   0x0000002e   Code   RO         4861    x$fpl$dflt          fz_ws.l(dflt_clz.o)
    0x080056a4   0x080056a4   0x00000026   Code   RO         4860    x$fpl$dfltu         fz_ws.l(dflt_clz.o)
    0x080056ca   0x080056ca   0x00000002   PAD
    0x080056cc   0x080056cc   0x00000078   Code   RO         5037    x$fpl$dleqf         fz_ws.l(dleqf.o)
    0x08005744   0x08005744   0x00000154   Code   RO         4866    x$fpl$dmul          fz_ws.l(dmul.o)
    0x08005898   0x08005898   0x0000009c   Code   RO         4928    x$fpl$dnaninf       fz_ws.l(dnaninf.o)
    0x08005934   0x08005934   0x0000000c   Code   RO         4930    x$fpl$dretinf       fz_ws.l(dretinf.o)
    0x08005940   0x08005940   0x0000006c   Code   RO         4932    x$fpl$drleqf        fz_ws.l(drleqf.o)
    0x080059ac   0x080059ac   0x00000016   Code   RO         4851    x$fpl$drsb          fz_ws.l(daddsub_clz.o)
    0x080059c2   0x080059c2   0x00000002   PAD
    0x080059c4   0x080059c4   0x000001cc   Code   RO         5039    x$fpl$dsqrt         fz_ws.l(dsqrt_noumaal.o)
    0x08005b90   0x08005b90   0x000001d4   Code   RO         4852    x$fpl$dsub          fz_ws.l(daddsub_clz.o)
    0x08005d64   0x08005d64   0x00000056   Code   RO         4868    x$fpl$f2d           fz_ws.l(f2d.o)
    0x08005dba   0x08005dba   0x00000002   PAD
    0x08005dbc   0x08005dbc   0x000000c4   Code   RO         4870    x$fpl$fadd          fz_ws.l(faddsub_clz.o)
    0x08005e80   0x08005e80   0x0000000c   Code   RO         4934    x$fpl$fcheck1       fz_ws.l(fcheck1.o)
    0x08005e8c   0x08005e8c   0x00000018   Code   RO         4936    x$fpl$fcmpinf       fz_ws.l(fcmpi.o)
    0x08005ea4   0x08005ea4   0x00000184   Code   RO         4877    x$fpl$fdiv          fz_ws.l(fdiv.o)
    0x08006028   0x08006028   0x0000003e   Code   RO         4880    x$fpl$ffixu         fz_ws.l(ffixu.o)
    0x08006066   0x08006066   0x00000002   PAD
    0x08006068   0x08006068   0x00000026   Code   RO         4884    x$fpl$ffltu         fz_ws.l(fflt_clz.o)
    0x0800608e   0x0800608e   0x00000002   PAD
    0x08006090   0x08006090   0x00000068   Code   RO         4890    x$fpl$fleqf         fz_ws.l(fleqf.o)
    0x080060f8   0x080060f8   0x00000102   Code   RO         4892    x$fpl$fmul          fz_ws.l(fmul.o)
    0x080061fa   0x080061fa   0x0000008c   Code   RO         4938    x$fpl$fnaninf       fz_ws.l(fnaninf.o)
    0x08006286   0x08006286   0x0000000a   Code   RO         4940    x$fpl$fretinf       fz_ws.l(fretinf.o)
    0x08006290   0x08006290   0x000000ea   Code   RO         4872    x$fpl$fsub          fz_ws.l(faddsub_clz.o)
    0x0800637a   0x0800637a   0x00000004   Code   RO         4894    x$fpl$printf1       fz_ws.l(printf1.o)
    0x0800637e   0x0800637e   0x00000064   Code   RO         5043    x$fpl$retnan        fz_ws.l(retnan.o)
    0x080063e2   0x080063e2   0x0000005c   Code   RO         4942    x$fpl$scalbn        fz_ws.l(scalbn.o)
    0x0800643e   0x0800643e   0x0000004c   Code   RO         4896    x$fpl$scalbnf       fz_ws.l(scalbnf.o)
    0x0800648a   0x0800648a   0x00000030   Code   RO         5105    x$fpl$trapveneer    fz_ws.l(trapv.o)
    0x080064ba   0x080064ba   0x00000000   Code   RO         4944    x$fpl$usenofp       fz_ws.l(usenofp.o)
    0x080064ba   0x080064ba   0x00000002   PAD
    0x080064bc   0x080064bc   0x000000a8   Data   RO          419    .constdata          main.o
    0x08006564   0x08006564   0x00000010   Data   RO         3486    .constdata          system_stm32f1xx.o
    0x08006574   0x08006574   0x00000008   Data   RO         3487    .constdata          system_stm32f1xx.o
    0x0800657c   0x0800657c   0x00000004   PAD
    0x08006580   0x08006580   0x00000088   Data   RO         4900    .constdata          m_ws.l(pow.o)
    0x08006608   0x08006608   0x00000008   Data   RO         4963    .constdata          m_ws.l(qnan.o)
    0x08006610   0x08006610   0x00000094   Data   RO         5004    .constdata          c_w.l(bigflt0.o)
    0x080066a4   0x080066a4   0x00000059   Data   RO          420    .conststring        main.o
    0x080066fd   0x080066fd   0x00000003   PAD
    0x08006700   0x08006700   0x00000020   Data   RO         5186    Region$$Table       anon$$obj.o
    0x08006720   0x08006720   0x0000001c   Data   RO         5032    locale$$data        c_w.l(lc_numeric_c.o)


    Execution Region RW_IRAM1 (Exec base: 0x20000000, Load base: 0x0800673c, Size: 0x000025a0, Max: 0x00005000, ABSOLUTE)

    Exec Addr    Load Addr    Size         Type   Attr      Idx    E Section Name        Object

    0x20000000   0x0800673c   0x00000006   Data   RW           22    .data               ds18b20.o
    0x20000006   0x08006742   0x00000002   PAD
    0x20000008   0x08006744   0x00000004   Data   RW          345    .data               uart.o
    0x2000000c   0x08006748   0x00000020   Data   RW          421    .data               main.o
    0x2000002c   0x08006768   0x00000004   Data   RW          422    .data               main.o
    0x20000030   0x0800676c   0x00000001   Data   RW          423    .data               main.o
    0x20000031   0x0800676d   0x00000001   Data   RW          424    .data               main.o
    0x20000032   0x0800676e   0x00000002   Data   RW          425    .data               main.o
    0x20000034   0x08006770   0x00000002   Data   RW          426    .data               main.o
    0x20000036   0x08006772   0x00000002   PAD
    0x20000038   0x08006774   0x0000000c   Data   RW          772    .data               stm32f1xx_hal.o
    0x20000044   0x08006780   0x00000004   Data   RW         3488    .data               system_stm32f1xx.o
    0x20000048   0x08006784   0x0000003c   Data   RW         4026    .data               tasks.o
    0x20000084   0x080067c0   0x00000018   Data   RW         4656    .data               heap_4.o
    0x2000009c   0x080067d8   0x0000000c   Data   RW         4719    .data               port.o
    0x200000a8        -       0x00000054   Zero   RW          203    .bss                i2c-lcd.o
    0x200000fc        -       0x00000048   Zero   RW          305    .bss                timer.o
    0x20000144        -       0x00000088   Zero   RW          344    .bss                uart.o
    0x200001cc        -       0x00000200   Zero   RW          406    .bss                main.o
    0x200003cc        -       0x00000054   Zero   RW          407    .bss                main.o
    0x20000420        -       0x00000200   Zero   RW          408    .bss                main.o
    0x20000620        -       0x00000054   Zero   RW          409    .bss                main.o
    0x20000674        -       0x00000200   Zero   RW          410    .bss                main.o
    0x20000874        -       0x00000054   Zero   RW          411    .bss                main.o
    0x200008c8        -       0x00000200   Zero   RW          412    .bss                main.o
    0x20000ac8        -       0x00000054   Zero   RW          413    .bss                main.o
    0x20000b1c        -       0x00000200   Zero   RW          414    .bss                main.o
    0x20000d1c        -       0x00000054   Zero   RW          415    .bss                main.o
    0x20000d70        -       0x00000200   Zero   RW          416    .bss                main.o
    0x20000f70        -       0x00000054   Zero   RW          417    .bss                main.o
    0x20000fc4        -       0x00000032   Zero   RW          418    .bss                main.o
    0x20000ff6   0x080067e4   0x00000002   PAD
    0x20000ff8        -       0x00000254   Zero   RW          541    .bss                freertos.o
    0x2000124c        -       0x000000f0   Zero   RW         4025    .bss                tasks.o
    0x2000133c        -       0x00000c00   Zero   RW         4655    .bss                heap_4.o
    0x20001f3c        -       0x00000060   Zero   RW         5046    .bss                c_w.l(libspace.o)
    0x20001f9c   0x080067e4   0x00000004   PAD
    0x20001fa0        -       0x00000200   Zero   RW            2    HEAP                startup_stm32f103xb.o
    0x200021a0        -       0x00000400   Zero   RW            1    STACK               startup_stm32f103xb.o


==============================================================================

Image component sizes


      Code (inc. data)   RO Data    RW Data    ZI Data      Debug   Object Name

       120          0          0          0          0      22817   cmsis_os.o
       766         92          0          6          0     440434   ds18b20.o
         0          0          0          0          0      18388   event_groups.o
        20          4          0          0        596       1388   freertos.o
       460         24          0         24       3072       7583   heap_4.o
       528         80          0          0         84       4782   i2c-lcd.o
       138          0          0          0          0       3694   list.o
       360         64        257         42       3626      37855   main.o
       578         60          0         12          0      10900   port.o
       560        210          0          0          0       1334   sg90.o
        64         26        236          0       1536        860   startup_stm32f103xb.o
       164         28          0         12          0       6305   stm32f1xx_hal.o
       198         14          0          0          0      29235   stm32f1xx_hal_cortex.o
       586         32          0          0          0       3847   stm32f1xx_hal_dma.o
       500         34          0          0          0       3711   stm32f1xx_hal_gpio.o
      1300         32          0          0          0       9361   stm32f1xx_hal_i2c.o
       460         70          0          0          0       3900   stm32f1xx_hal_msp.o
      1284        106          0          0          0       5992   stm32f1xx_hal_rcc.o
      1014         50          0          0          0       9105   stm32f1xx_hal_tim.o
       104         12          0          0          0       1424   stm32f1xx_hal_tim_ex.o
       978         20          0          0          0      11138   stm32f1xx_hal_uart.o
        48          6          0          0          0       3942   stm32f1xx_it.o
         0          0          0          0          0        392   stream_buffer.o
         2          0         24          4          0       1263   system_stm32f1xx.o
      1534        116          0         60        240      17587   tasks.o
       206          8          0          0         72       1536   timer.o
       520         82          0          4        136       4903   uart.o

    ----------------------------------------------------------------------
     12516       1170        556        168       9364     663676   Object Totals
         0          0         32          0          0          0   (incl. Generated)
        24          0          7          4          2          0   (incl. Padding)

    ----------------------------------------------------------------------

      Code (inc. data)   RO Data    RW Data    ZI Data      Debug   Library Member Name

         8          0          0          0          0         68   __main.o
       284          0          0          0          0        156   __printf_wp.o
         0          0          0          0          0          0   __rtentry.o
        12          0          0          0          0          0   __rtentry2.o
         6          0          0          0          0          0   __rtentry4.o
        52          8          0          0          0          0   __scatter.o
        26          0          0          0          0          0   __scatter_copy.o
        28          0          0          0          0          0   __scatter_zi.o
        44          0          0          0          0        108   _printf_char.o
        48          6          0          0          0         96   _printf_char_common.o
        36          4          0          0          0         80   _printf_char_file.o
         6          0          0          0          0          0   _printf_d.o
       120         16          0          0          0         92   _printf_dec.o
         6          0          0          0          0          0   _printf_f.o
      1054          0          0          0          0        216   _printf_fp_dec.o
       128         16          0          0          0         84   _printf_fp_infnan.o
       178          0          0          0          0         88   _printf_intcommon.o
        78          0          0          0          0        108   _printf_pad.o
         0          0          0          0          0          0   _printf_percent.o
         4          0          0          0          0          0   _printf_percent_end.o
         6          0          0          0          0          0   _printf_s.o
        82          0          0          0          0         80   _printf_str.o
        22          0          0          0          0        100   _rserrno.o
        10          0          0          0          0         68   _sputc.o
       228          4        148          0          0         96   bigflt0.o
      1936        128          0          0          0        672   btod.o
        18          0          0          0          0         80   exit.o
         8          0          0          0          0         68   ferror.o
         6          0          0          0          0        152   heapauxi.o
         0          0          0          0          0          0   indicate_semi.o
        44         10         28          0          0         76   lc_numeric_c.o
         2          0          0          0          0          0   libinit.o
        18          0          0          0          0          0   libinit2.o
         2          0          0          0          0          0   libshutdown.o
         2          0          0          0          0          0   libshutdown2.o
         8          4          0          0         96         68   libspace.o
       138          0          0          0          0         80   lludiv10.o
        24          4          0          0          0         84   noretval__2printf.o
        40          6          0          0          0         84   noretval__2sprintf.o
         8          4          0          0          0         68   rt_errno_addr_intlibspace.o
         8          4          0          0          0         68   rt_locale_intlibspace.o
        68          0          0          0          0         68   rt_memclr.o
        78          0          0          0          0         80   rt_memclr_w.o
       100          0          0          0          0         80   rt_memcpy_w.o
         2          0          0          0          0          0   rtexit.o
        10          0          0          0          0          0   rtexit2.o
       128          0          0          0          0         68   strcmpv7m.o
        62          0          0          0          0         76   strlen.o
        86          0          0          0          0         76   strncpy.o
        12          4          0          0          0         68   sys_exit.o
        74          0          0          0          0         80   sys_stackheap_outer.o
         2          0          0          0          0         68   use_no_semi.o
       826         16          0          0          0        348   daddsub_clz.o
        16          4          0          0          0         68   dcheck1.o
        24          0          0          0          0         68   dcmpi.o
       688        140          0          0          0        208   ddiv.o
        90          4          0          0          0         92   dfixu.o
        84          0          0          0          0        136   dflt_clz.o
       120          4          0          0          0         92   dleqf.o
       340         12          0          0          0        104   dmul.o
       156          4          0          0          0         92   dnaninf.o
        12          0          0          0          0         68   dretinf.o
       108          0          0          0          0         80   drleqf.o
       460         56          0          0          0        120   dsqrt_noumaal.o
        86          4          0          0          0         84   f2d.o
       430          8          0          0          0        168   faddsub_clz.o
        12          4          0          0          0         68   fcheck1.o
        24          0          0          0          0         68   fcmpi.o
       388         76          0          0          0         96   fdiv.o
        62          4          0          0          0         84   ffixu.o
        38          0          0          0          0         68   fflt_clz.o
       104          4          0          0          0         84   fleqf.o
       258          4          0          0          0         84   fmul.o
       140          4          0          0          0         84   fnaninf.o
        10          0          0          0          0         68   fretinf.o
         4          0          0          0          0         68   printf1.o
       100          0          0          0          0         68   retnan.o
        92          0          0          0          0         68   scalbn.o
        76          0          0          0          0         68   scalbnf.o
        48          0          0          0          0         68   trapv.o
         0          0          0          0          0          0   usenofp.o
        62         10          0          0          0        340   dunder.o
        40          0          0          0          0         68   fpclassify.o
       170          0          0          0          0         96   poly.o
      2520        190        136          0          0        324   pow.o
         0          0          8          0          0          0   qnan.o
        76          0          0          0          0         84   sqrt.o

    ----------------------------------------------------------------------
     13036        766        320          0        100       7288   Library Totals
        22          0          0          0          4          0   (incl. Padding)

    ----------------------------------------------------------------------

      Code (inc. data)   RO Data    RW Data    ZI Data      Debug   Library Name

      5350        218        176          0         96       3604   c_w.l
      4796        348          0          0          0       2772   fz_ws.l
      2868        200        144          0          0        912   m_ws.l

    ----------------------------------------------------------------------
     13036        766        320          0        100       7288   Library Totals

    ----------------------------------------------------------------------

==============================================================================


      Code (inc. data)   RO Data    RW Data    ZI Data      Debug   

     25552       1936        876        168       9464     659780   Grand Totals
     25552       1936        876        168       9464     659780   ELF Image Totals
     25552       1936        876        168          0          0   ROM Totals

==============================================================================

    Total RO  Size (Code + RO Data)                26428 (  25.81kB)
    Total RW  Size (RW Data + ZI Data)              9632 (   9.41kB)
    Total ROM Size (Code + RO Data + RW Data)      26596 (  25.97kB)

==============================================================================

